{"review": "dev-p34-vs-v0", "completed": 1, "expected": 920, "error": null}
{"review": "dev-p34-vs-v0", "completed": 2, "expected": 920, "error": "Invalid rating schema"}
{"review": "dev-p34-vs-v0", "completed": 3, "expected": 920, "error": null}
{"review": "dev-p34-vs-v0", "completed": 4, "expected": 920, "error": "Invalid rating schema"}
{"review": "dev-p34-vs-v0", "completed": 5, "expected": 920, "error": null}
{"review": "dev-p34-vs-v0", "completed": 6, "expected": 920, "error": null}
{"review": "dev-p34-vs-v0", "completed": 7, "expected": 920, "error": null}
{"review": "dev-p34-vs-v0", "completed": 8, "expected": 920, "error": null}
{"review": "dev-p34-vs-v0", "completed": 9, "expected": 920, "error": null}
{"review": "dev-p34-vs-v0", "completed": 10, "expected": 920, "error": null}
{"review": "dev-p34-vs-v0", "completed": 11, "expected": 920, "error": null}
{"review": "dev-p34-vs-v0", "completed": 12, "expected": 920, "error": null}
{"review": "dev-p34-vs-v0", "completed": 13, "expected": 920, "error": null}
{"review": "dev-p34-vs-v0", "completed": 14, "expected": 920, "error": null}
{"review": "dev-p34-vs-v0", "completed": 15, "expected": 920, "error": null}
{"review": "dev-p34-vs-v0", "completed": 16, "expected": 920, "error": null}
{"review": "dev-p34-vs-v0", "completed": 17, "expected": 920, "error": null}
{"review": "dev-p34-vs-v0", "completed": 18, "expected": 920, "error": null}
{"review": "dev-p34-vs-v0", "completed": 19, "expected": 920, "error": null}
{"review": "dev-p34-vs-v0", "completed": 20, "expected": 920, "error": null}
{"review": "dev-p34-vs-v0", "completed": 21, "expected": 920, "error": null}
{"review": "dev-p34-vs-v0", "completed": 22, "expected": 920, "error": null}
{"review": "dev-p34-vs-v0", "completed": 23, "expected": 920, "error": null}
{"review": "dev-p34-vs-v0", "completed": 24, "expected": 920, "error": null}
{"review": "dev-p34-vs-v0", "completed": 25, "expected": 920, "error": null}
{"review": "dev-p34-vs-v0", "completed": 26, "expected": 920, "error": null}
{"review": "dev-p34-vs-v0", "completed": 27, "expected": 920, "error": null}
{"review": "dev-p34-vs-v0", "completed": 28, "expected": 920, "error": null}
{"review": "dev-p34-vs-v0", "completed": 29, "expected": 920, "error": null}
{"review": "dev-p34-vs-v0", "completed": 30, "expected": 920, "error": null}
{"review": "dev-p34-vs-v0", "completed": 31, "expected": 920, "error": "Invalid rating schema"}
{"review": "dev-p34-vs-v0", "completed": 32, "expected": 920, "error": null}
{"review": "dev-p34-vs-v0", "completed": 33, "expected": 920, "error": null}
{"review": "dev-p34-vs-v0", "completed": 34, "expected": 920, "error": null}
{"review": "dev-p34-vs-v0", "completed": 35, "expected": 920, "error": null}
{"review": "dev-p34-vs-v0", "completed": 36, "expected": 920, "error": null}
{"review": "dev-p34-vs-v0", "completed": 37, "expected": 920, "error": null}
{"review": "dev-p34-vs-v0", "completed": 38, "expected": 920, "error": null}
{"review": "dev-p34-vs-v0", "completed": 39, "expected": 920, "error": null}
{"review": "dev-p34-vs-v0", "completed": 40, "expected": 920, "error": null}
{"review": "dev-p34-vs-v0", "completed": 41, "expected": 920, "error": null}
{"review": "dev-p34-vs-v0", "completed": 42, "expected": 920, "error": null}
{"review": "dev-p34-vs-v0", "completed": 43, "expected": 920, "error": null}
{"review": "dev-p34-vs-v0", "completed": 44, "expected": 920, "error": null}
{"review": "dev-p34-vs-v0", "completed": 45, "expected": 920, "error": null}
{"review": "dev-p34-vs-v0", "completed": 46, "expected": 920, "error": null}
{"review": "dev-p34-vs-v0", "completed": 47, "expected": 920, "error": null}
{"review": "dev-p34-vs-v0", "completed": 48, "expected": 920, "error": null}
{"review": "dev-p34-vs-v0", "completed": 49, "expected": 920, "error": null}
{"review": "dev-p34-vs-v0", "completed": 50, "expected": 920, "error": null}
{"review": "dev-p34-vs-v0", "completed": 51, "expected": 920, "error": null}
{"review": "dev-p34-vs-v0", "completed": 52, "expected": 920, "error": null}
{"review": "dev-p34-vs-v0", "completed": 53, "expected": 920, "error": null}
{"review": "dev-p34-vs-v0", "completed": 54, "expected": 920, "error": null}
{"review": "dev-p34-vs-v0", "completed": 55, "expected": 920, "error": null}
{"review": "dev-p34-vs-v0", "completed": 56, "expected": 920, "error": null}
{"review": "dev-p34-vs-v0", "completed": 57, "expected": 920, "error": null}
{"review": "dev-p34-vs-v0", "completed": 58, "expected": 920, "error": null}
{"review": "dev-p34-vs-v0", "completed": 59, "expected": 920, "error": null}
{"review": "dev-p34-vs-v0", "completed": 60, "expected": 920, "error": null}
{"review": "dev-p34-vs-v0", "completed": 61, "expected": 920, "error": null}
{"review": "dev-p34-vs-v0", "completed": 62, "expected": 920, "error": null}
{"review": "dev-p34-vs-v0", "completed": 63, "expected": 920, "error": null}
{"review": "dev-p34-vs-v0", "completed": 64, "expected": 920, "error": null}
{"review": "dev-p34-vs-v0", "completed": 65, "expected": 920, "error": null}
{"review": "dev-p34-vs-v0", "completed": 66, "expected": 920, "error": null}
{"review": "dev-p34-vs-v0", "completed": 67, "expected": 920, "error": null}
{"review": "dev-p34-vs-v0", "completed": 68, "expected": 920, "error": null}
{"review": "dev-p34-vs-v0", "completed": 69, "expected": 920, "error": null}
{"review": "dev-p34-vs-v0", "completed": 70, "expected": 920, "error": null}
{"review": "dev-p34-vs-v0", "completed": 71, "expected": 920, "error": null}
{"review": "dev-p34-vs-v0", "completed": 72, "expected": 920, "error": null}
{"review": "dev-p34-vs-v0", "completed": 73, "expected": 920, "error": null}
{"review": "dev-p34-vs-v0", "completed": 74, "expected": 920, "error": null}
{"review": "dev-p34-vs-v0", "completed": 75, "expected": 920, "error": null}
{"review": "dev-p34-vs-v0", "completed": 76, "expected": 920, "error": null}
{"review": "dev-p34-vs-v0", "completed": 77, "expected": 920, "error": "JSONDecodeError"}
{"review": "dev-p34-vs-v0", "completed": 78, "expected": 920, "error": null}
{"review": "dev-p34-vs-v0", "completed": 79, "expected": 920, "error": null}
{"review": "dev-p34-vs-v0", "completed": 80, "expected": 920, "error": null}
{"review": "dev-p34-vs-v0", "completed": 81, "expected": 920, "error": null}
{"review": "dev-p34-vs-v0", "completed": 82, "expected": 920, "error": null}
{"review": "dev-p34-vs-v0", "completed": 83, "expected": 920, "error": null}
{"review": "dev-p34-vs-v0", "completed": 84, "expected": 920, "error": null}
{"review": "dev-p34-vs-v0", "completed": 85, "expected": 920, "error": "JSONDecodeError"}
{"review": "dev-p34-vs-v0", "completed": 86, "expected": 920, "error": null}
{"review": "dev-p34-vs-v0", "completed": 87, "expected": 920, "error": null}
{"review": "dev-p34-vs-v0", "completed": 88, "expected": 920, "error": null}
{"review": "dev-p34-vs-v0", "completed": 89, "expected": 920, "error": null}
{"review": "dev-p34-vs-v0", "completed": 90, "expected": 920, "error": null}
{"review": "dev-p34-vs-v0", "completed": 91, "expected": 920, "error": null}
{"review": "dev-p34-vs-v0", "completed": 92, "expected": 920, "error": null}
{"review": "dev-p34-vs-v0", "completed": 93, "expected": 920, "error": null}
{"review": "dev-p34-vs-v0", "completed": 94, "expected": 920, "error": null}
{"review": "dev-p34-vs-v0", "completed": 95, "expected": 920, "error": null}
{"review": "dev-p34-vs-v0", "completed": 96, "expected": 920, "error": null}
{"review": "dev-p34-vs-v0", "completed": 97, "expected": 920, "error": null}
{"review": "dev-p34-vs-v0", "completed": 98, "expected": 920, "error": null}
Traceback (most recent call last):
  File "/root/work/work/cockpit-scene-orchestration-latest/part1-generation-framework/studies/round3/run_judges_fast.py", line 24, in <module>
    res = J.run_review(name, samples, models, sys.argv[-1])
          ^^^^^^^^^^^^^^^^^^^^^^^^^^^^^^^^^^^^^^^^^^^^^^^^^
  File "/root/work/work/cockpit-scene-orchestration-latest/part1-generation-framework/studies/round3/review.py", line 165, in run_review
    for result in pool.map(work,jobs):
  File "/usr/lib/python3.12/concurrent/futures/_base.py", line 619, in result_iterator
    yield _result_or_cancel(fs.pop())
          ^^^^^^^^^^^^^^^^^^^^^^^^^^^
  File "/usr/lib/python3.12/concurrent/futures/_base.py", line 317, in _result_or_cancel
    return fut.result(timeout)
           ^^^^^^^^^^^^^^^^^^^
  File "/usr/lib/python3.12/concurrent/futures/_base.py", line 449, in result
    return self.__get_result()
           ^^^^^^^^^^^^^^^^^^^
  File "/usr/lib/python3.12/concurrent/futures/_base.py", line 401, in __get_result
    raise self._exception
  File "/usr/lib/python3.12/concurrent/futures/thread.py", line 58, in run
    result = self.fn(*self.args, **self.kwargs)
             ^^^^^^^^^^^^^^^^^^^^^^^^^^^^^^^^^^
  File "/root/work/work/cockpit-scene-orchestration-latest/part1-generation-framework/studies/round3/review.py", line 160, in work
    result=call(*job,key,budget,name)
           ^^^^^^^^^^^^^^^^^^^^^^^^^^
  File "/root/work/work/cockpit-scene-orchestration-latest/part1-generation-framework/studies/round3/review.py", line 128, in call
    budget.finish(index,result)
  File "/root/work/work/cockpit-scene-orchestration-latest/part1-generation-framework/studies/round3/review.py", line 91, in finish
    save(self.path,self.data)
  File "/root/work/work/cockpit-scene-orchestration-latest/part1-generation-framework/studies/round3/study.py", line 39, in save
    try: temp.replace(path); return
         ^^^^^^^^^^^^^^^^^^
  File "/usr/lib/python3.12/pathlib.py", line 1378, in replace
    os.replace(self, target)
FileNotFoundError: [Errno 2] No such file or directory: '/root/work/work/cockpit-scene-orchestration-latest/part1-generation-framework/studies/round3/judge-private-ledger.json.tmp' -> '/root/work/work/cockpit-scene-orchestration-latest/part1-generation-framework/studies/round3/judge-private-ledger.json'
P34_DONE
