{"review": "holdout-p31-vs-v0", "completed": 340, "expected": 488, "error": null}
{"review": "holdout-p31-vs-v0", "completed": 341, "expected": 488, "error": null}
{"review": "holdout-p31-vs-v0", "completed": 342, "expected": 488, "error": null}
{"review": "holdout-p31-vs-v0", "completed": 343, "expected": 488, "error": null}
{"review": "holdout-p31-vs-v0", "completed": 344, "expected": 488, "error": null}
{"review": "holdout-p31-vs-v0", "completed": 345, "expected": 488, "error": null}
{"review": "holdout-p31-vs-v0", "completed": 346, "expected": 488, "error": null}
{"review": "holdout-p31-vs-v0", "completed": 347, "expected": 488, "error": "JSONDecodeError"}
{"review": "holdout-p31-vs-v0", "completed": 348, "expected": 488, "error": null}
{"review": "holdout-p31-vs-v0", "completed": 349, "expected": 488, "error": null}
{"review": "holdout-p31-vs-v0", "completed": 350, "expected": 488, "error": null}
{"review": "holdout-p31-vs-v0", "completed": 351, "expected": 488, "error": null}
{"review": "holdout-p31-vs-v0", "completed": 352, "expected": 488, "error": null}
{"review": "holdout-p31-vs-v0", "completed": 353, "expected": 488, "error": null}
{"review": "holdout-p31-vs-v0", "completed": 354, "expected": 488, "error": null}
{"review": "holdout-p31-vs-v0", "completed": 355, "expected": 488, "error": null}
{"review": "holdout-p31-vs-v0", "completed": 356, "expected": 488, "error": null}
{"review": "holdout-p31-vs-v0", "completed": 357, "expected": 488, "error": null}
{"review": "holdout-p31-vs-v0", "completed": 358, "expected": 488, "error": null}
{"review": "holdout-p31-vs-v0", "completed": 359, "expected": 488, "error": null}
{"review": "holdout-p31-vs-v0", "completed": 360, "expected": 488, "error": null}
{"review": "holdout-p31-vs-v0", "completed": 361, "expected": 488, "error": null}
{"review": "holdout-p31-vs-v0", "completed": 362, "expected": 488, "error": null}
{"review": "holdout-p31-vs-v0", "completed": 363, "expected": 488, "error": null}
{"review": "holdout-p31-vs-v0", "completed": 364, "expected": 488, "error": null}
{"review": "holdout-p31-vs-v0", "completed": 365, "expected": 488, "error": null}
{"review": "holdout-p31-vs-v0", "completed": 366, "expected": 488, "error": null}
{"review": "holdout-p31-vs-v0", "completed": 367, "expected": 488, "error": null}
{"review": "holdout-p31-vs-v0", "completed": 368, "expected": 488, "error": null}
{"review": "holdout-p31-vs-v0", "completed": 369, "expected": 488, "error": null}
{"review": "holdout-p31-vs-v0", "completed": 370, "expected": 488, "error": null}
{"review": "holdout-p31-vs-v0", "completed": 371, "expected": 488, "error": null}
{"review": "holdout-p31-vs-v0", "completed": 372, "expected": 488, "error": null}
{"review": "holdout-p31-vs-v0", "completed": 373, "expected": 488, "error": null}
{"review": "holdout-p31-vs-v0", "completed": 374, "expected": 488, "error": null}
{"review": "holdout-p31-vs-v0", "completed": 375, "expected": 488, "error": null}
{"review": "holdout-p31-vs-v0", "completed": 376, "expected": 488, "error": null}
{"review": "holdout-p31-vs-v0", "completed": 377, "expected": 488, "error": null}
{"review": "holdout-p31-vs-v0", "completed": 378, "expected": 488, "error": null}
{"review": "holdout-p31-vs-v0", "completed": 379, "expected": 488, "error": null}
{"review": "holdout-p31-vs-v0", "completed": 380, "expected": 488, "error": null}
{"review": "holdout-p31-vs-v0", "completed": 381, "expected": 488, "error": "Invalid rating schema"}
{"review": "holdout-p31-vs-v0", "completed": 382, "expected": 488, "error": null}
{"review": "holdout-p31-vs-v0", "completed": 383, "expected": 488, "error": null}
{"review": "holdout-p31-vs-v0", "completed": 384, "expected": 488, "error": null}
{"review": "holdout-p31-vs-v0", "completed": 385, "expected": 488, "error": null}
{"review": "holdout-p31-vs-v0", "completed": 386, "expected": 488, "error": null}
{"review": "holdout-p31-vs-v0", "completed": 387, "expected": 488, "error": null}
{"review": "holdout-p31-vs-v0", "completed": 388, "expected": 488, "error": null}
{"review": "holdout-p31-vs-v0", "completed": 389, "expected": 488, "error": null}
{"review": "holdout-p31-vs-v0", "completed": 390, "expected": 488, "error": "Invalid rating schema"}
{"review": "holdout-p31-vs-v0", "completed": 391, "expected": 488, "error": null}
{"review": "holdout-p31-vs-v0", "completed": 392, "expected": 488, "error": null}
{"review": "holdout-p31-vs-v0", "completed": 393, "expected": 488, "error": null}
{"review": "holdout-p31-vs-v0", "completed": 394, "expected": 488, "error": null}
{"review": "holdout-p31-vs-v0", "completed": 395, "expected": 488, "error": null}
{"review": "holdout-p31-vs-v0", "completed": 396, "expected": 488, "error": null}
{"review": "holdout-p31-vs-v0", "completed": 397, "expected": 488, "error": null}
{"review": "holdout-p31-vs-v0", "completed": 398, "expected": 488, "error": null}
{"review": "holdout-p31-vs-v0", "completed": 399, "expected": 488, "error": null}
{"review": "holdout-p31-vs-v0", "completed": 400, "expected": 488, "error": null}
{"review": "holdout-p31-vs-v0", "completed": 401, "expected": 488, "error": null}
{"review": "holdout-p31-vs-v0", "completed": 402, "expected": 488, "error": null}
{"review": "holdout-p31-vs-v0", "completed": 403, "expected": 488, "error": null}
{"review": "holdout-p31-vs-v0", "completed": 404, "expected": 488, "error": null}
{"review": "holdout-p31-vs-v0", "completed": 405, "expected": 488, "error": null}
{"review": "holdout-p31-vs-v0", "completed": 406, "expected": 488, "error": null}
{"review": "holdout-p31-vs-v0", "completed": 407, "expected": 488, "error": null}
{"review": "holdout-p31-vs-v0", "completed": 408, "expected": 488, "error": null}
{"review": "holdout-p31-vs-v0", "completed": 409, "expected": 488, "error": null}
{"review": "holdout-p31-vs-v0", "completed": 410, "expected": 488, "error": null}
{"review": "holdout-p31-vs-v0", "completed": 411, "expected": 488, "error": null}
{"review": "holdout-p31-vs-v0", "completed": 412, "expected": 488, "error": null}
{"review": "holdout-p31-vs-v0", "completed": 413, "expected": 488, "error": null}
{"review": "holdout-p31-vs-v0", "completed": 414, "expected": 488, "error": null}
{"review": "holdout-p31-vs-v0", "completed": 415, "expected": 488, "error": null}
{"review": "holdout-p31-vs-v0", "completed": 416, "expected": 488, "error": null}
{"review": "holdout-p31-vs-v0", "completed": 417, "expected": 488, "error": null}
{"review": "holdout-p31-vs-v0", "completed": 418, "expected": 488, "error": null}
{"review": "holdout-p31-vs-v0", "completed": 419, "expected": 488, "error": null}
{"review": "holdout-p31-vs-v0", "completed": 420, "expected": 488, "error": null}
{"review": "holdout-p31-vs-v0", "completed": 421, "expected": 488, "error": null}
{"review": "holdout-p31-vs-v0", "completed": 422, "expected": 488, "error": null}
{"review": "holdout-p31-vs-v0", "completed": 423, "expected": 488, "error": null}
{"review": "holdout-p31-vs-v0", "completed": 424, "expected": 488, "error": null}
{"review": "holdout-p31-vs-v0", "completed": 425, "expected": 488, "error": null}
{"review": "holdout-p31-vs-v0", "completed": 426, "expected": 488, "error": null}
{"review": "holdout-p31-vs-v0", "completed": 427, "expected": 488, "error": null}
{"review": "holdout-p31-vs-v0", "completed": 428, "expected": 488, "error": null}
{"review": "holdout-p31-vs-v0", "completed": 429, "expected": 488, "error": null}
{"review": "holdout-p31-vs-v0", "completed": 430, "expected": 488, "error": null}
{"review": "holdout-p31-vs-v0", "completed": 431, "expected": 488, "error": null}
{"review": "holdout-p31-vs-v0", "completed": 432, "expected": 488, "error": null}
{"review": "holdout-p31-vs-v0", "completed": 433, "expected": 488, "error": null}
{"review": "holdout-p31-vs-v0", "completed": 434, "expected": 488, "error": null}
{"review": "holdout-p31-vs-v0", "completed": 435, "expected": 488, "error": null}
{"review": "holdout-p31-vs-v0", "completed": 436, "expected": 488, "error": null}
{"review": "holdout-p31-vs-v0", "completed": 437, "expected": 488, "error": null}
{"review": "holdout-p31-vs-v0", "completed": 438, "expected": 488, "error": null}
{"review": "holdout-p31-vs-v0", "completed": 439, "expected": 488, "error": null}
{"review": "holdout-p31-vs-v0", "completed": 440, "expected": 488, "error": null}
{"review": "holdout-p31-vs-v0", "completed": 441, "expected": 488, "error": null}
{"review": "holdout-p31-vs-v0", "completed": 442, "expected": 488, "error": null}
{"review": "holdout-p31-vs-v0", "completed": 443, "expected": 488, "error": null}
{"review": "holdout-p31-vs-v0", "completed": 444, "expected": 488, "error": "Invalid rating schema"}
{"review": "holdout-p31-vs-v0", "completed": 445, "expected": 488, "error": null}
{"review": "holdout-p31-vs-v0", "completed": 446, "expected": 488, "error": null}
{"review": "holdout-p31-vs-v0", "completed": 447, "expected": 488, "error": null}
{"review": "holdout-p31-vs-v0", "completed": 448, "expected": 488, "error": null}
{"review": "holdout-p31-vs-v0", "completed": 449, "expected": 488, "error": null}
{"review": "holdout-p31-vs-v0", "completed": 450, "expected": 488, "error": null}
{"review": "holdout-p31-vs-v0", "completed": 451, "expected": 488, "error": null}
{"review": "holdout-p31-vs-v0", "completed": 452, "expected": 488, "error": null}
{"review": "holdout-p31-vs-v0", "completed": 453, "expected": 488, "error": null}
{"review": "holdout-p31-vs-v0", "completed": 454, "expected": 488, "error": null}
{"review": "holdout-p31-vs-v0", "completed": 455, "expected": 488, "error": "JSONDecodeError"}
{"review": "holdout-p31-vs-v0", "completed": 456, "expected": 488, "error": null}
{"review": "holdout-p31-vs-v0", "completed": 457, "expected": 488, "error": "Invalid rating schema"}
{"review": "holdout-p31-vs-v0", "completed": 458, "expected": 488, "error": null}
{"review": "holdout-p31-vs-v0", "completed": 459, "expected": 488, "error": null}
{"review": "holdout-p31-vs-v0", "completed": 460, "expected": 488, "error": null}
{"review": "holdout-p31-vs-v0", "completed": 461, "expected": 488, "error": null}
{"review": "holdout-p31-vs-v0", "completed": 462, "expected": 488, "error": null}
{"review": "holdout-p31-vs-v0", "completed": 463, "expected": 488, "error": null}
{"review": "holdout-p31-vs-v0", "completed": 464, "expected": 488, "error": null}
{"review": "holdout-p31-vs-v0", "completed": 465, "expected": 488, "error": null}
{"review": "holdout-p31-vs-v0", "completed": 466, "expected": 488, "error": null}
{"review": "holdout-p31-vs-v0", "completed": 467, "expected": 488, "error": null}
{"review": "holdout-p31-vs-v0", "completed": 468, "expected": 488, "error": null}
{"review": "holdout-p31-vs-v0", "completed": 469, "expected": 488, "error": null}
{"review": "holdout-p31-vs-v0", "completed": 470, "expected": 488, "error": null}
{"review": "holdout-p31-vs-v0", "completed": 471, "expected": 488, "error": null}
{"review": "holdout-p31-vs-v0", "completed": 472, "expected": 488, "error": null}
{"review": "holdout-p31-vs-v0", "completed": 473, "expected": 488, "error": null}
{"review": "holdout-p31-vs-v0", "completed": 474, "expected": 488, "error": null}
{"review": "holdout-p31-vs-v0", "completed": 475, "expected": 488, "error": null}
{"review": "holdout-p31-vs-v0", "completed": 476, "expected": 488, "error": null}
{"review": "holdout-p31-vs-v0", "completed": 477, "expected": 488, "error": null}
{"review": "holdout-p31-vs-v0", "completed": 478, "expected": 488, "error": null}
{"review": "holdout-p31-vs-v0", "completed": 479, "expected": 488, "error": null}
{"review": "holdout-p31-vs-v0", "completed": 480, "expected": 488, "error": null}
{"review": "holdout-p31-vs-v0", "completed": 481, "expected": 488, "error": null}
{"review": "holdout-p31-vs-v0", "completed": 482, "expected": 488, "error": null}
{"review": "holdout-p31-vs-v0", "completed": 483, "expected": 488, "error": null}
{"review": "holdout-p31-vs-v0", "completed": 484, "expected": 488, "error": null}
{"review": "holdout-p31-vs-v0", "completed": 485, "expected": 488, "error": null}
{"review": "holdout-p31-vs-v0", "completed": 486, "expected": 488, "error": null}
{"review": "holdout-p31-vs-v0", "completed": 487, "expected": 488, "error": null}
{"review": "holdout-p31-vs-v0", "completed": 488, "expected": 488, "error": null}
{"review": "holdout-p31-vs-v0", "completed": 489, "expected": 488, "error": "JSONDecodeError"}
{"review": "holdout-p31-vs-v0", "completed": 490, "expected": 488, "error": null}
{"review": "holdout-p31-vs-v0", "completed": 491, "expected": 488, "error": null}
{"review": "holdout-p31-vs-v0", "completed": 492, "expected": 488, "error": null}
{"review": "holdout-p31-vs-v0", "completed": 493, "expected": 488, "error": null}
{"review": "holdout-p31-vs-v0", "completed": 494, "expected": 488, "error": null}
{"review": "holdout-p31-vs-v0", "completed": 495, "expected": 488, "error": null}
{"review": "holdout-p31-vs-v0", "completed": 496, "expected": 488, "error": null}
{"review": "holdout-p31-vs-v0", "completed": 497, "expected": 488, "error": null}
{"review": "holdout-p31-vs-v0", "completed": 498, "expected": 488, "error": null}
{"review": "holdout-p31-vs-v0", "completed": 499, "expected": 488, "error": null}
{"review": "holdout-p31-vs-v0", "completed": 500, "expected": 488, "error": null}
{"review": "holdout-p31-vs-v0", "completed": 501, "expected": 488, "error": null}
{"review": "holdout-p31-vs-v0", "completed": 502, "expected": 488, "error": null}
{"review": "holdout-p31-vs-v0", "completed": 503, "expected": 488, "error": null}
{"review": "holdout-p31-vs-v0", "completed": 504, "expected": 488, "error": null}
{"review": "holdout-p31-vs-v0", "completed": 505, "expected": 488, "error": null}
{"review": "holdout-p31-vs-v0", "completed": 506, "expected": 488, "error": null}
{"review": "holdout-p31-vs-v0", "completed": 507, "expected": 488, "error": null}
{"review": "holdout-p31-vs-v0", "completed": 508, "expected": 488, "error": null}
{"review": "holdout-p31-vs-v0", "completed": 509, "expected": 488, "error": null}
{"review": "holdout-p31-vs-v0", "completed": 510, "expected": 488, "error": null}
{"review": "holdout-p31-vs-v0", "completed": 511, "expected": 488, "error": null}
{"review": "holdout-p31-vs-v0", "completed": 512, "expected": 488, "error": "JSONDecodeError"}
{"review": "holdout-p31-vs-v0", "completed": 513, "expected": 488, "error": null}
{"review": "holdout-p31-vs-v0", "completed": 514, "expected": 488, "error": null}
{"review": "holdout-p31-vs-v0", "completed": 515, "expected": 488, "error": null}
{"review": "holdout-p31-vs-v0", "completed": 516, "expected": 488, "error": null}
{"review": "holdout-p31-vs-v0", "completed": 517, "expected": 488, "error": null}
{"review": "holdout-p31-vs-v0", "completed": 518, "expected": 488, "error": null}
{"review": "holdout-p31-vs-v0", "completed": 519, "expected": 488, "error": null}
{"review": "holdout-p31-vs-v0", "completed": 520, "expected": 488, "error": null}
{"review": "holdout-p31-vs-v0", "completed": 521, "expected": 488, "error": null}
{"review": "holdout-p31-vs-v0", "completed": 522, "expected": 488, "error": null}
{"review": "holdout-p31-vs-v0", "completed": 523, "expected": 488, "error": null}
{"review": "holdout-p31-vs-v0", "completed": 524, "expected": 488, "error": null}
{"review": "holdout-p31-vs-v0", "completed": 525, "expected": 488, "error": null}
{"review": "holdout-p31-vs-v0", "completed": 526, "expected": 488, "error": null}
{"review": "holdout-p31-vs-v0", "completed": 527, "expected": 488, "error": null}
{"review": "holdout-p31-vs-v0", "completed": 528, "expected": 488, "error": null}
{"review": "holdout-p31-vs-v0", "completed": 529, "expected": 488, "error": null}
{"review": "holdout-p31-vs-v0", "completed": 530, "expected": 488, "error": null}
{"review": "holdout-p31-vs-v0", "completed": 531, "expected": 488, "error": null}
{"review": "holdout-p31-vs-v0", "completed": 532, "expected": 488, "error": null}
{"review": "holdout-p31-vs-v0", "completed": 533, "expected": 488, "error": null}
{"review": "holdout-p31-vs-v0", "completed": 534, "expected": 488, "error": null}
{"review": "holdout-p31-vs-v0", "completed": 535, "expected": 488, "error": null}
{"review": "holdout-p31-vs-v0", "completed": 536, "expected": 488, "error": null}
{"review": "holdout-p31-vs-v0", "completed": 537, "expected": 488, "error": null}
{"review": "holdout-p31-vs-v0", "completed": 538, "expected": 488, "error": null}
{"review": "holdout-p31-vs-v0", "completed": 539, "expected": 488, "error": null}
{"review": "holdout-p31-vs-v0", "completed": 540, "expected": 488, "error": null}
{"review": "holdout-p31-vs-v0", "completed": 541, "expected": 488, "error": null}
{"review": "holdout-p31-vs-v0", "completed": 542, "expected": 488, "error": null}
{"review": "holdout-p31-vs-v0", "completed": 543, "expected": 488, "error": null}
{"review": "holdout-p31-vs-v0", "completed": 544, "expected": 488, "error": null}
{"review": "holdout-p31-vs-v0", "completed": 545, "expected": 488, "error": null}
{"review": "holdout-p31-vs-v0", "completed": 546, "expected": 488, "error": null}
{"review": "holdout-p31-vs-v0", "completed": 547, "expected": 488, "error": null}
{"review": "holdout-p31-vs-v0", "completed": 548, "expected": 488, "error": null}
{"review": "holdout-p31-vs-v0", "completed": 549, "expected": 488, "error": null}
{"review": "holdout-p31-vs-v0", "completed": 550, "expected": 488, "error": null}
{"review": "holdout-p31-vs-v0", "completed": 551, "expected": 488, "error": null}
{"review": "holdout-p31-vs-v0", "completed": 552, "expected": 488, "error": null}
{"review": "holdout-p31-vs-v0", "completed": 553, "expected": 488, "error": null}
{"review": "holdout-p31-vs-v0", "completed": 554, "expected": 488, "error": null}
{"review": "holdout-p31-vs-v0", "completed": 555, "expected": 488, "error": null}
{"review": "holdout-p31-vs-v0", "completed": 556, "expected": 488, "error": null}
{"review": "holdout-p31-vs-v0", "completed": 557, "expected": 488, "error": null}
{"review": "holdout-p31-vs-v0", "completed": 558, "expected": 488, "error": null}
{"review": "holdout-p31-vs-v0", "completed": 559, "expected": 488, "error": null}
{"review": "holdout-p31-vs-v0", "completed": 560, "expected": 488, "error": null}
{"review": "holdout-p31-vs-v0", "completed": 561, "expected": 488, "error": null}
{"review": "holdout-p31-vs-v0", "completed": 562, "expected": 488, "error": "JSONDecodeError"}
{"review": "holdout-p31-vs-v0", "completed": 563, "expected": 488, "error": null}
{"review": "holdout-p31-vs-v0", "completed": 564, "expected": 488, "error": null}
{"review": "holdout-p31-vs-v0", "completed": 565, "expected": 488, "error": null}
{"review": "holdout-p31-vs-v0", "completed": 566, "expected": 488, "error": null}
{"review": "holdout-p31-vs-v0", "completed": 567, "expected": 488, "error": null}
{"review": "holdout-p31-vs-v0", "completed": 568, "expected": 488, "error": null}
{"review": "holdout-p31-vs-v0", "completed": 569, "expected": 488, "error": "JSONDecodeError"}
{"review": "holdout-p31-vs-v0", "completed": 570, "expected": 488, "error": null}
{"review": "holdout-p31-vs-v0", "completed": 571, "expected": 488, "error": null}
{"review": "holdout-p31-vs-v0", "completed": 572, "expected": 488, "error": null}
{"review": "holdout-p31-vs-v0", "completed": 573, "expected": 488, "error": null}
{"review": "holdout-p31-vs-v0", "completed": 574, "expected": 488, "error": null}
{"review": "holdout-p31-vs-v0", "completed": 575, "expected": 488, "error": null}
{"review": "holdout-p31-vs-v0", "completed": 576, "expected": 488, "error": null}
{"review": "holdout-p31-vs-v0", "completed": 577, "expected": 488, "error": null}
{"review": "holdout-p31-vs-v0", "completed": 578, "expected": 488, "error": "JSONDecodeError"}
{"review": "holdout-p31-vs-v0", "completed": 579, "expected": 488, "error": null}
{"review": "holdout-p31-vs-v0", "completed": 580, "expected": 488, "error": null}
{"review": "holdout-p31-vs-v0", "completed": 581, "expected": 488, "error": null}
{"review": "holdout-p31-vs-v0", "completed": 582, "expected": 488, "error": null}
{"review": "holdout-p31-vs-v0", "completed": 583, "expected": 488, "error": null}
{"review": "holdout-p31-vs-v0", "completed": 584, "expected": 488, "error": null}
{"review": "holdout-p31-vs-v0", "completed": 585, "expected": 488, "error": null}
{"review": "holdout-p31-vs-v0", "completed": 586, "expected": 488, "error": null}
{"review": "holdout-p31-vs-v0", "completed": 587, "expected": 488, "error": null}
{"review": "holdout-p31-vs-v0", "completed": 588, "expected": 488, "error": null}
{"review": "holdout-p31-vs-v0", "completed": 589, "expected": 488, "error": null}
{"review": "holdout-p31-vs-v0", "completed": 590, "expected": 488, "error": null}
{"review": "holdout-p31-vs-v0", "completed": 591, "expected": 488, "error": null}
{"review": "holdout-p31-vs-v0", "completed": 592, "expected": 488, "error": null}
{"review": "holdout-p31-vs-v0", "completed": 593, "expected": 488, "error": null}
{"review": "holdout-p31-vs-v0", "completed": 594, "expected": 488, "error": null}
{"review": "holdout-p31-vs-v0", "completed": 595, "expected": 488, "error": null}
{"review": "holdout-p31-vs-v0", "completed": 596, "expected": 488, "error": null}
{"review": "holdout-p31-vs-v0", "completed": 597, "expected": 488, "error": null}
{"review": "holdout-p31-vs-v0", "completed": 598, "expected": 488, "error": null}
{"review": "holdout-p31-vs-v0", "completed": 599, "expected": 488, "error": null}
{"review": "holdout-p31-vs-v0", "completed": 600, "expected": 488, "error": null}
{"review": "holdout-p31-vs-v0", "completed": 601, "expected": 488, "error": null}
{"review": "holdout-p31-vs-v0", "completed": 602, "expected": 488, "error": null}
{"review": "holdout-p31-vs-v0", "completed": 603, "expected": 488, "error": null}
{"review": "holdout-p31-vs-v0", "completed": 604, "expected": 488, "error": null}
{"review": "holdout-p31-vs-v0", "completed": 605, "expected": 488, "error": null}
{"review": "holdout-p31-vs-v0", "completed": 606, "expected": 488, "error": null}
{"review": "holdout-p31-vs-v0", "completed": 607, "expected": 488, "error": null}
{"review": "holdout-p31-vs-v0", "completed": 608, "expected": 488, "error": null}
{"review": "holdout-p31-vs-v0", "completed": 609, "expected": 488, "error": null}
{"review": "holdout-p31-vs-v0", "completed": 610, "expected": 488, "error": null}
{"review": "holdout-p31-vs-v0", "completed": 611, "expected": 488, "error": null}
{"review": "holdout-p31-vs-v0", "completed": 612, "expected": 488, "error": null}
{"review": "holdout-p31-vs-v0", "completed": 613, "expected": 488, "error": null}
{"review": "holdout-p31-vs-v0", "completed": 614, "expected": 488, "error": null}
{"review": "holdout-p31-vs-v0", "completed": 615, "expected": 488, "error": null}
{"review": "holdout-p31-vs-v0", "completed": 616, "expected": 488, "error": null}
{"review": "holdout-p31-vs-v0", "completed": 617, "expected": 488, "error": null}
{"review": "holdout-p31-vs-v0", "completed": 618, "expected": 488, "error": null}
{"review": "holdout-p31-vs-v0", "completed": 619, "expected": 488, "error": null}
{"review": "holdout-p31-vs-v0", "completed": 620, "expected": 488, "error": null}
{"review": "holdout-p31-vs-v0", "completed": 621, "expected": 488, "error": null}
{"review": "holdout-p31-vs-v0", "completed": 622, "expected": 488, "error": null}
{"review": "holdout-p31-vs-v0", "completed": 623, "expected": 488, "error": null}
{"review": "holdout-p31-vs-v0", "completed": 624, "expected": 488, "error": null}
{"review": "holdout-p31-vs-v0", "completed": 625, "expected": 488, "error": null}
{"review": "holdout-p31-vs-v0", "completed": 626, "expected": 488, "error": null}
{"review": "holdout-p31-vs-v0", "completed": 627, "expected": 488, "error": null}
{"review": "holdout-p31-vs-v0", "completed": 628, "expected": 488, "error": null}
{"review": "holdout-p31-vs-v0", "completed": 629, "expected": 488, "error": null}
{"review": "holdout-p31-vs-v0", "completed": 630, "expected": 488, "error": null}
{"review": "holdout-p31-vs-v0", "completed": 631, "expected": 488, "error": null}
{"review": "holdout-p31-vs-v0", "completed": 632, "expected": 488, "error": null}
{"review": "holdout-p31-vs-v0", "completed": 633, "expected": 488, "error": null}
{"review": "holdout-p31-vs-v0", "completed": 634, "expected": 488, "error": null}
{"review": "holdout-p31-vs-v0", "completed": 635, "expected": 488, "error": null}
{"review": "holdout-p31-vs-v0", "completed": 636, "expected": 488, "error": null}
{"review": "holdout-p31-vs-v0", "completed": 637, "expected": 488, "error": null}
{"review": "holdout-p31-vs-v0", "completed": 638, "expected": 488, "error": null}
{"review": "holdout-p31-vs-v0", "completed": 639, "expected": 488, "error": null}
{"review": "holdout-p31-vs-v0", "completed": 640, "expected": 488, "error": "JSONDecodeError"}
{"review": "holdout-p31-vs-v0", "completed": 641, "expected": 488, "error": null}
{"review": "holdout-p31-vs-v0", "completed": 642, "expected": 488, "error": null}
{"review": "holdout-p31-vs-v0", "completed": 643, "expected": 488, "error": null}
{"review": "holdout-p31-vs-v0", "completed": 644, "expected": 488, "error": null}
{"review": "holdout-p31-vs-v0", "completed": 645, "expected": 488, "error": null}
{"review": "holdout-p31-vs-v0", "completed": 646, "expected": 488, "error": null}
{"review": "holdout-p31-vs-v0", "completed": 647, "expected": 488, "error": null}
{"review": "holdout-p31-vs-v0", "completed": 648, "expected": 488, "error": null}
{"review": "holdout-p31-vs-v0", "completed": 649, "expected": 488, "error": null}
{"review": "holdout-p31-vs-v0", "completed": 650, "expected": 488, "error": null}
{"review": "holdout-p31-vs-v0", "completed": 651, "expected": 488, "error": null}
{"review": "holdout-p31-vs-v0", "completed": 652, "expected": 488, "error": null}
{"review": "holdout-p31-vs-v0", "completed": 653, "expected": 488, "error": null}
{"review": "holdout-p31-vs-v0", "completed": 654, "expected": 488, "error": null}
{"review": "holdout-p31-vs-v0", "completed": 655, "expected": 488, "error": null}
{"review": "holdout-p31-vs-v0", "completed": 656, "expected": 488, "error": null}
{"review": "holdout-p31-vs-v0", "completed": 657, "expected": 488, "error": null}
{"review": "holdout-p31-vs-v0", "completed": 658, "expected": 488, "error": null}
{"review": "holdout-p31-vs-v0", "completed": 659, "expected": 488, "error": null}
{"run": "holdout-p31-vs-v0", "records": 659, "errors": 16}
HOLDOUT_FAST_DONE
{"review": "dev-p31-vs-v0", "completed": 270, "expected": 1008, "error": null}
{"review": "dev-p31-vs-v0", "completed": 271, "expected": 1008, "error": null}
{"review": "dev-p31-vs-v0", "completed": 272, "expected": 1008, "error": null}
{"review": "dev-p31-vs-v0", "completed": 273, "expected": 1008, "error": null}
{"review": "dev-p31-vs-v0", "completed": 274, "expected": 1008, "error": null}
{"review": "dev-p31-vs-v0", "completed": 275, "expected": 1008, "error": null}
{"review": "dev-p31-vs-v0", "completed": 276, "expected": 1008, "error": null}
{"review": "dev-p31-vs-v0", "completed": 277, "expected": 1008, "error": null}
{"review": "dev-p31-vs-v0", "completed": 278, "expected": 1008, "error": null}
{"review": "dev-p31-vs-v0", "completed": 279, "expected": 1008, "error": null}
{"review": "dev-p31-vs-v0", "completed": 280, "expected": 1008, "error": null}
{"review": "dev-p31-vs-v0", "completed": 281, "expected": 1008, "error": null}
{"review": "dev-p31-vs-v0", "completed": 282, "expected": 1008, "error": null}
{"review": "dev-p31-vs-v0", "completed": 283, "expected": 1008, "error": null}
{"review": "dev-p31-vs-v0", "completed": 284, "expected": 1008, "error": null}
{"review": "dev-p31-vs-v0", "completed": 285, "expected": 1008, "error": null}
{"review": "dev-p31-vs-v0", "completed": 286, "expected": 1008, "error": null}
{"review": "dev-p31-vs-v0", "completed": 287, "expected": 1008, "error": null}
{"review": "dev-p31-vs-v0", "completed": 288, "expected": 1008, "error": null}
{"review": "dev-p31-vs-v0", "completed": 289, "expected": 1008, "error": null}
{"review": "dev-p31-vs-v0", "completed": 290, "expected": 1008, "error": null}
{"review": "dev-p31-vs-v0", "completed": 291, "expected": 1008, "error": null}
{"review": "dev-p31-vs-v0", "completed": 292, "expected": 1008, "error": null}
{"review": "dev-p31-vs-v0", "completed": 293, "expected": 1008, "error": null}
{"review": "dev-p31-vs-v0", "completed": 294, "expected": 1008, "error": null}
{"review": "dev-p31-vs-v0", "completed": 295, "expected": 1008, "error": null}
{"review": "dev-p31-vs-v0", "completed": 296, "expected": 1008, "error": null}
{"review": "dev-p31-vs-v0", "completed": 297, "expected": 1008, "error": null}
{"review": "dev-p31-vs-v0", "completed": 298, "expected": 1008, "error": null}
{"review": "dev-p31-vs-v0", "completed": 299, "expected": 1008, "error": null}
{"review": "dev-p31-vs-v0", "completed": 300, "expected": 1008, "error": null}
{"review": "dev-p31-vs-v0", "completed": 301, "expected": 1008, "error": null}
{"review": "dev-p31-vs-v0", "completed": 302, "expected": 1008, "error": null}
{"review": "dev-p31-vs-v0", "completed": 303, "expected": 1008, "error": null}
{"review": "dev-p31-vs-v0", "completed": 304, "expected": 1008, "error": null}
{"review": "dev-p31-vs-v0", "completed": 305, "expected": 1008, "error": null}
{"review": "dev-p31-vs-v0", "completed": 306, "expected": 1008, "error": null}
{"review": "dev-p31-vs-v0", "completed": 307, "expected": 1008, "error": null}
{"review": "dev-p31-vs-v0", "completed": 308, "expected": 1008, "error": null}
{"review": "dev-p31-vs-v0", "completed": 309, "expected": 1008, "error": null}
{"review": "dev-p31-vs-v0", "completed": 310, "expected": 1008, "error": null}
{"review": "dev-p31-vs-v0", "completed": 311, "expected": 1008, "error": null}
{"review": "dev-p31-vs-v0", "completed": 312, "expected": 1008, "error": null}
{"review": "dev-p31-vs-v0", "completed": 313, "expected": 1008, "error": null}
{"review": "dev-p31-vs-v0", "completed": 314, "expected": 1008, "error": null}
{"review": "dev-p31-vs-v0", "completed": 315, "expected": 1008, "error": null}
{"review": "dev-p31-vs-v0", "completed": 316, "expected": 1008, "error": null}
{"review": "dev-p31-vs-v0", "completed": 317, "expected": 1008, "error": null}
{"review": "dev-p31-vs-v0", "completed": 318, "expected": 1008, "error": null}
{"review": "dev-p31-vs-v0", "completed": 319, "expected": 1008, "error": null}
{"review": "dev-p31-vs-v0", "completed": 320, "expected": 1008, "error": null}
{"review": "dev-p31-vs-v0", "completed": 321, "expected": 1008, "error": null}
{"review": "dev-p31-vs-v0", "completed": 322, "expected": 1008, "error": null}
{"review": "dev-p31-vs-v0", "completed": 323, "expected": 1008, "error": null}
{"review": "dev-p31-vs-v0", "completed": 324, "expected": 1008, "error": null}
{"review": "dev-p31-vs-v0", "completed": 325, "expected": 1008, "error": null}
{"review": "dev-p31-vs-v0", "completed": 326, "expected": 1008, "error": null}
{"review": "dev-p31-vs-v0", "completed": 327, "expected": 1008, "error": "Invalid rating schema"}
{"review": "dev-p31-vs-v0", "completed": 328, "expected": 1008, "error": null}
{"review": "dev-p31-vs-v0", "completed": 329, "expected": 1008, "error": null}
{"review": "dev-p31-vs-v0", "completed": 330, "expected": 1008, "error": null}
{"review": "dev-p31-vs-v0", "completed": 331, "expected": 1008, "error": null}
{"review": "dev-p31-vs-v0", "completed": 332, "expected": 1008, "error": null}
{"review": "dev-p31-vs-v0", "completed": 333, "expected": 1008, "error": null}
{"review": "dev-p31-vs-v0", "completed": 334, "expected": 1008, "error": null}
{"review": "dev-p31-vs-v0", "completed": 335, "expected": 1008, "error": null}
{"review": "dev-p31-vs-v0", "completed": 336, "expected": 1008, "error": null}
{"review": "dev-p31-vs-v0", "completed": 337, "expected": 1008, "error": null}
{"review": "dev-p31-vs-v0", "completed": 338, "expected": 1008, "error": null}
{"review": "dev-p31-vs-v0", "completed": 339, "expected": 1008, "error": null}
{"review": "dev-p31-vs-v0", "completed": 340, "expected": 1008, "error": null}
{"review": "dev-p31-vs-v0", "completed": 341, "expected": 1008, "error": null}
{"review": "dev-p31-vs-v0", "completed": 342, "expected": 1008, "error": null}
{"review": "dev-p31-vs-v0", "completed": 343, "expected": 1008, "error": "JSONDecodeError"}
{"review": "dev-p31-vs-v0", "completed": 344, "expected": 1008, "error": null}
{"review": "dev-p31-vs-v0", "completed": 345, "expected": 1008, "error": null}
{"review": "dev-p31-vs-v0", "completed": 346, "expected": 1008, "error": "JSONDecodeError"}
{"review": "dev-p31-vs-v0", "completed": 347, "expected": 1008, "error": null}
{"review": "dev-p31-vs-v0", "completed": 348, "expected": 1008, "error": null}
{"review": "dev-p31-vs-v0", "completed": 349, "expected": 1008, "error": null}
{"review": "dev-p31-vs-v0", "completed": 350, "expected": 1008, "error": null}
{"review": "dev-p31-vs-v0", "completed": 351, "expected": 1008, "error": null}
{"review": "dev-p31-vs-v0", "completed": 352, "expected": 1008, "error": null}
{"review": "dev-p31-vs-v0", "completed": 353, "expected": 1008, "error": null}
{"review": "dev-p31-vs-v0", "completed": 354, "expected": 1008, "error": null}
{"review": "dev-p31-vs-v0", "completed": 355, "expected": 1008, "error": null}
{"review": "dev-p31-vs-v0", "completed": 356, "expected": 1008, "error": null}
{"review": "dev-p31-vs-v0", "completed": 357, "expected": 1008, "error": null}
{"review": "dev-p31-vs-v0", "completed": 358, "expected": 1008, "error": null}
{"review": "dev-p31-vs-v0", "completed": 359, "expected": 1008, "error": null}
{"review": "dev-p31-vs-v0", "completed": 360, "expected": 1008, "error": null}
{"review": "dev-p31-vs-v0", "completed": 361, "expected": 1008, "error": null}
{"review": "dev-p31-vs-v0", "completed": 362, "expected": 1008, "error": null}
{"review": "dev-p31-vs-v0", "completed": 363, "expected": 1008, "error": null}
{"review": "dev-p31-vs-v0", "completed": 364, "expected": 1008, "error": null}
{"review": "dev-p31-vs-v0", "completed": 365, "expected": 1008, "error": null}
{"review": "dev-p31-vs-v0", "completed": 366, "expected": 1008, "error": null}
{"review": "dev-p31-vs-v0", "completed": 367, "expected": 1008, "error": null}
{"review": "dev-p31-vs-v0", "completed": 368, "expected": 1008, "error": null}
{"review": "dev-p31-vs-v0", "completed": 369, "expected": 1008, "error": null}
{"review": "dev-p31-vs-v0", "completed": 370, "expected": 1008, "error": null}
{"review": "dev-p31-vs-v0", "completed": 371, "expected": 1008, "error": null}
{"review": "dev-p31-vs-v0", "completed": 372, "expected": 1008, "error": null}
{"review": "dev-p31-vs-v0", "completed": 373, "expected": 1008, "error": null}
{"review": "dev-p31-vs-v0", "completed": 374, "expected": 1008, "error": null}
{"review": "dev-p31-vs-v0", "completed": 375, "expected": 1008, "error": null}
{"review": "dev-p31-vs-v0", "completed": 376, "expected": 1008, "error": null}
{"review": "dev-p31-vs-v0", "completed": 377, "expected": 1008, "error": null}
{"review": "dev-p31-vs-v0", "completed": 378, "expected": 1008, "error": null}
{"review": "dev-p31-vs-v0", "completed": 379, "expected": 1008, "error": null}
{"review": "dev-p31-vs-v0", "completed": 380, "expected": 1008, "error": null}
{"review": "dev-p31-vs-v0", "completed": 381, "expected": 1008, "error": null}
{"review": "dev-p31-vs-v0", "completed": 382, "expected": 1008, "error": null}
{"review": "dev-p31-vs-v0", "completed": 383, "expected": 1008, "error": null}
{"review": "dev-p31-vs-v0", "completed": 384, "expected": 1008, "error": null}
{"review": "dev-p31-vs-v0", "completed": 385, "expected": 1008, "error": null}
{"review": "dev-p31-vs-v0", "completed": 386, "expected": 1008, "error": null}
{"review": "dev-p31-vs-v0", "completed": 387, "expected": 1008, "error": null}
{"review": "dev-p31-vs-v0", "completed": 388, "expected": 1008, "error": null}
{"review": "dev-p31-vs-v0", "completed": 389, "expected": 1008, "error": null}
{"review": "dev-p31-vs-v0", "completed": 390, "expected": 1008, "error": null}
{"review": "dev-p31-vs-v0", "completed": 391, "expected": 1008, "error": null}
{"review": "dev-p31-vs-v0", "completed": 392, "expected": 1008, "error": null}
{"review": "dev-p31-vs-v0", "completed": 393, "expected": 1008, "error": null}
{"review": "dev-p31-vs-v0", "completed": 394, "expected": 1008, "error": null}
{"review": "dev-p31-vs-v0", "completed": 395, "expected": 1008, "error": null}
{"review": "dev-p31-vs-v0", "completed": 396, "expected": 1008, "error": null}
{"review": "dev-p31-vs-v0", "completed": 397, "expected": 1008, "error": null}
{"review": "dev-p31-vs-v0", "completed": 398, "expected": 1008, "error": null}
{"review": "dev-p31-vs-v0", "completed": 399, "expected": 1008, "error": null}
{"review": "dev-p31-vs-v0", "completed": 400, "expected": 1008, "error": null}
{"review": "dev-p31-vs-v0", "completed": 401, "expected": 1008, "error": null}
{"review": "dev-p31-vs-v0", "completed": 402, "expected": 1008, "error": null}
{"review": "dev-p31-vs-v0", "completed": 403, "expected": 1008, "error": null}
{"review": "dev-p31-vs-v0", "completed": 404, "expected": 1008, "error": null}
{"review": "dev-p31-vs-v0", "completed": 405, "expected": 1008, "error": null}
{"review": "dev-p31-vs-v0", "completed": 406, "expected": 1008, "error": null}
{"review": "dev-p31-vs-v0", "completed": 407, "expected": 1008, "error": null}
{"review": "dev-p31-vs-v0", "completed": 408, "expected": 1008, "error": null}
{"review": "dev-p31-vs-v0", "completed": 409, "expected": 1008, "error": null}
{"review": "dev-p31-vs-v0", "completed": 410, "expected": 1008, "error": null}
{"review": "dev-p31-vs-v0", "completed": 411, "expected": 1008, "error": null}
{"review": "dev-p31-vs-v0", "completed": 412, "expected": 1008, "error": null}
{"review": "dev-p31-vs-v0", "completed": 413, "expected": 1008, "error": null}
{"review": "dev-p31-vs-v0", "completed": 414, "expected": 1008, "error": null}
{"review": "dev-p31-vs-v0", "completed": 415, "expected": 1008, "error": null}
{"review": "dev-p31-vs-v0", "completed": 416, "expected": 1008, "error": null}
{"review": "dev-p31-vs-v0", "completed": 417, "expected": 1008, "error": null}
{"review": "dev-p31-vs-v0", "completed": 418, "expected": 1008, "error": null}
{"review": "dev-p31-vs-v0", "completed": 419, "expected": 1008, "error": null}
{"review": "dev-p31-vs-v0", "completed": 420, "expected": 1008, "error": "JSONDecodeError"}
{"review": "dev-p31-vs-v0", "completed": 421, "expected": 1008, "error": null}
{"review": "dev-p31-vs-v0", "completed": 422, "expected": 1008, "error": null}
{"review": "dev-p31-vs-v0", "completed": 423, "expected": 1008, "error": null}
{"review": "dev-p31-vs-v0", "completed": 424, "expected": 1008, "error": null}
{"review": "dev-p31-vs-v0", "completed": 425, "expected": 1008, "error": null}
{"review": "dev-p31-vs-v0", "completed": 426, "expected": 1008, "error": null}
{"review": "dev-p31-vs-v0", "completed": 427, "expected": 1008, "error": null}
{"review": "dev-p31-vs-v0", "completed": 428, "expected": 1008, "error": null}
{"review": "dev-p31-vs-v0", "completed": 429, "expected": 1008, "error": null}
{"review": "dev-p31-vs-v0", "completed": 430, "expected": 1008, "error": null}
{"review": "dev-p31-vs-v0", "completed": 431, "expected": 1008, "error": null}
{"review": "dev-p31-vs-v0", "completed": 432, "expected": 1008, "error": null}
{"review": "dev-p31-vs-v0", "completed": 433, "expected": 1008, "error": null}
{"review": "dev-p31-vs-v0", "completed": 434, "expected": 1008, "error": null}
{"review": "dev-p31-vs-v0", "completed": 435, "expected": 1008, "error": null}
{"review": "dev-p31-vs-v0", "completed": 436, "expected": 1008, "error": null}
{"review": "dev-p31-vs-v0", "completed": 437, "expected": 1008, "error": null}
{"review": "dev-p31-vs-v0", "completed": 438, "expected": 1008, "error": null}
{"review": "dev-p31-vs-v0", "completed": 439, "expected": 1008, "error": null}
{"review": "dev-p31-vs-v0", "completed": 440, "expected": 1008, "error": null}
{"review": "dev-p31-vs-v0", "completed": 441, "expected": 1008, "error": null}
{"review": "dev-p31-vs-v0", "completed": 442, "expected": 1008, "error": null}
{"review": "dev-p31-vs-v0", "completed": 443, "expected": 1008, "error": null}
{"review": "dev-p31-vs-v0", "completed": 444, "expected": 1008, "error": null}
{"review": "dev-p31-vs-v0", "completed": 445, "expected": 1008, "error": null}
{"review": "dev-p31-vs-v0", "completed": 446, "expected": 1008, "error": null}
{"review": "dev-p31-vs-v0", "completed": 447, "expected": 1008, "error": null}
{"review": "dev-p31-vs-v0", "completed": 448, "expected": 1008, "error": null}
{"review": "dev-p31-vs-v0", "completed": 449, "expected": 1008, "error": null}
{"review": "dev-p31-vs-v0", "completed": 450, "expected": 1008, "error": null}
{"review": "dev-p31-vs-v0", "completed": 451, "expected": 1008, "error": null}
{"review": "dev-p31-vs-v0", "completed": 452, "expected": 1008, "error": null}
{"review": "dev-p31-vs-v0", "completed": 453, "expected": 1008, "error": null}
{"review": "dev-p31-vs-v0", "completed": 454, "expected": 1008, "error": null}
{"review": "dev-p31-vs-v0", "completed": 455, "expected": 1008, "error": null}
{"review": "dev-p31-vs-v0", "completed": 456, "expected": 1008, "error": null}
{"review": "dev-p31-vs-v0", "completed": 457, "expected": 1008, "error": null}
{"review": "dev-p31-vs-v0", "completed": 458, "expected": 1008, "error": null}
{"review": "dev-p31-vs-v0", "completed": 459, "expected": 1008, "error": null}
{"review": "dev-p31-vs-v0", "completed": 460, "expected": 1008, "error": null}
{"review": "dev-p31-vs-v0", "completed": 461, "expected": 1008, "error": null}
{"review": "dev-p31-vs-v0", "completed": 462, "expected": 1008, "error": null}
{"review": "dev-p31-vs-v0", "completed": 463, "expected": 1008, "error": null}
{"review": "dev-p31-vs-v0", "completed": 464, "expected": 1008, "error": null}
{"review": "dev-p31-vs-v0", "completed": 465, "expected": 1008, "error": null}
{"review": "dev-p31-vs-v0", "completed": 466, "expected": 1008, "error": null}
{"review": "dev-p31-vs-v0", "completed": 467, "expected": 1008, "error": null}
{"review": "dev-p31-vs-v0", "completed": 468, "expected": 1008, "error": null}
{"review": "dev-p31-vs-v0", "completed": 469, "expected": 1008, "error": null}
{"review": "dev-p31-vs-v0", "completed": 470, "expected": 1008, "error": null}
{"review": "dev-p31-vs-v0", "completed": 471, "expected": 1008, "error": null}
{"review": "dev-p31-vs-v0", "completed": 472, "expected": 1008, "error": null}
{"review": "dev-p31-vs-v0", "completed": 473, "expected": 1008, "error": null}
{"review": "dev-p31-vs-v0", "completed": 474, "expected": 1008, "error": null}
{"review": "dev-p31-vs-v0", "completed": 475, "expected": 1008, "error": null}
{"review": "dev-p31-vs-v0", "completed": 476, "expected": 1008, "error": null}
{"review": "dev-p31-vs-v0", "completed": 477, "expected": 1008, "error": null}
{"review": "dev-p31-vs-v0", "completed": 478, "expected": 1008, "error": null}
{"review": "dev-p31-vs-v0", "completed": 479, "expected": 1008, "error": null}
{"review": "dev-p31-vs-v0", "completed": 480, "expected": 1008, "error": null}
{"review": "dev-p31-vs-v0", "completed": 481, "expected": 1008, "error": null}
{"review": "dev-p31-vs-v0", "completed": 482, "expected": 1008, "error": null}
{"review": "dev-p31-vs-v0", "completed": 483, "expected": 1008, "error": null}
{"review": "dev-p31-vs-v0", "completed": 484, "expected": 1008, "error": null}
{"review": "dev-p31-vs-v0", "completed": 485, "expected": 1008, "error": null}
{"review": "dev-p31-vs-v0", "completed": 486, "expected": 1008, "error": null}
{"review": "dev-p31-vs-v0", "completed": 487, "expected": 1008, "error": null}
{"review": "dev-p31-vs-v0", "completed": 488, "expected": 1008, "error": null}
{"review": "dev-p31-vs-v0", "completed": 489, "expected": 1008, "error": null}
{"review": "dev-p31-vs-v0", "completed": 490, "expected": 1008, "error": null}
{"review": "dev-p31-vs-v0", "completed": 491, "expected": 1008, "error": null}
{"review": "dev-p31-vs-v0", "completed": 492, "expected": 1008, "error": null}
{"review": "dev-p31-vs-v0", "completed": 493, "expected": 1008, "error": null}
{"review": "dev-p31-vs-v0", "completed": 494, "expected": 1008, "error": null}
{"review": "dev-p31-vs-v0", "completed": 495, "expected": 1008, "error": null}
{"review": "dev-p31-vs-v0", "completed": 496, "expected": 1008, "error": null}
{"review": "dev-p31-vs-v0", "completed": 497, "expected": 1008, "error": null}
{"review": "dev-p31-vs-v0", "completed": 498, "expected": 1008, "error": null}
{"review": "dev-p31-vs-v0", "completed": 499, "expected": 1008, "error": null}
{"review": "dev-p31-vs-v0", "completed": 500, "expected": 1008, "error": null}
{"review": "dev-p31-vs-v0", "completed": 501, "expected": 1008, "error": null}
{"review": "dev-p31-vs-v0", "completed": 502, "expected": 1008, "error": null}
{"review": "dev-p31-vs-v0", "completed": 503, "expected": 1008, "error": null}
{"review": "dev-p31-vs-v0", "completed": 504, "expected": 1008, "error": null}
{"review": "dev-p31-vs-v0", "completed": 505, "expected": 1008, "error": null}
{"review": "dev-p31-vs-v0", "completed": 506, "expected": 1008, "error": null}
{"review": "dev-p31-vs-v0", "completed": 507, "expected": 1008, "error": null}
{"review": "dev-p31-vs-v0", "completed": 508, "expected": 1008, "error": null}
{"review": "dev-p31-vs-v0", "completed": 509, "expected": 1008, "error": null}
{"review": "dev-p31-vs-v0", "completed": 510, "expected": 1008, "error": null}
{"review": "dev-p31-vs-v0", "completed": 511, "expected": 1008, "error": null}
{"review": "dev-p31-vs-v0", "completed": 512, "expected": 1008, "error": null}
{"review": "dev-p31-vs-v0", "completed": 513, "expected": 1008, "error": null}
{"review": "dev-p31-vs-v0", "completed": 514, "expected": 1008, "error": null}
{"review": "dev-p31-vs-v0", "completed": 515, "expected": 1008, "error": null}
{"review": "dev-p31-vs-v0", "completed": 516, "expected": 1008, "error": null}
{"review": "dev-p31-vs-v0", "completed": 517, "expected": 1008, "error": null}
{"review": "dev-p31-vs-v0", "completed": 518, "expected": 1008, "error": null}
{"review": "dev-p31-vs-v0", "completed": 519, "expected": 1008, "error": null}
{"review": "dev-p31-vs-v0", "completed": 520, "expected": 1008, "error": null}
{"review": "dev-p31-vs-v0", "completed": 521, "expected": 1008, "error": null}
{"review": "dev-p31-vs-v0", "completed": 522, "expected": 1008, "error": null}
{"review": "dev-p31-vs-v0", "completed": 523, "expected": 1008, "error": null}
{"review": "dev-p31-vs-v0", "completed": 524, "expected": 1008, "error": null}
{"review": "dev-p31-vs-v0", "completed": 525, "expected": 1008, "error": null}
{"review": "dev-p31-vs-v0", "completed": 526, "expected": 1008, "error": null}
{"review": "dev-p31-vs-v0", "completed": 527, "expected": 1008, "error": null}
{"review": "dev-p31-vs-v0", "completed": 528, "expected": 1008, "error": null}
{"review": "dev-p31-vs-v0", "completed": 529, "expected": 1008, "error": null}
{"review": "dev-p31-vs-v0", "completed": 530, "expected": 1008, "error": null}
{"review": "dev-p31-vs-v0", "completed": 531, "expected": 1008, "error": "JSONDecodeError"}
{"review": "dev-p31-vs-v0", "completed": 532, "expected": 1008, "error": null}
{"review": "dev-p31-vs-v0", "completed": 533, "expected": 1008, "error": null}
{"review": "dev-p31-vs-v0", "completed": 534, "expected": 1008, "error": null}
{"review": "dev-p31-vs-v0", "completed": 535, "expected": 1008, "error": null}
{"review": "dev-p31-vs-v0", "completed": 536, "expected": 1008, "error": null}
{"review": "dev-p31-vs-v0", "completed": 537, "expected": 1008, "error": null}
{"review": "dev-p31-vs-v0", "completed": 538, "expected": 1008, "error": null}
{"review": "dev-p31-vs-v0", "completed": 539, "expected": 1008, "error": null}
{"review": "dev-p31-vs-v0", "completed": 540, "expected": 1008, "error": null}
{"review": "dev-p31-vs-v0", "completed": 541, "expected": 1008, "error": null}
{"review": "dev-p31-vs-v0", "completed": 542, "expected": 1008, "error": null}
{"review": "dev-p31-vs-v0", "completed": 543, "expected": 1008, "error": null}
{"review": "dev-p31-vs-v0", "completed": 544, "expected": 1008, "error": null}
{"review": "dev-p31-vs-v0", "completed": 545, "expected": 1008, "error": null}
{"review": "dev-p31-vs-v0", "completed": 546, "expected": 1008, "error": null}
{"review": "dev-p31-vs-v0", "completed": 547, "expected": 1008, "error": null}
{"review": "dev-p31-vs-v0", "completed": 548, "expected": 1008, "error": null}
{"review": "dev-p31-vs-v0", "completed": 549, "expected": 1008, "error": null}
{"review": "dev-p31-vs-v0", "completed": 550, "expected": 1008, "error": null}
{"review": "dev-p31-vs-v0", "completed": 551, "expected": 1008, "error": null}
{"review": "dev-p31-vs-v0", "completed": 552, "expected": 1008, "error": null}
{"review": "dev-p31-vs-v0", "completed": 553, "expected": 1008, "error": null}
{"review": "dev-p31-vs-v0", "completed": 554, "expected": 1008, "error": null}
{"review": "dev-p31-vs-v0", "completed": 555, "expected": 1008, "error": null}
{"review": "dev-p31-vs-v0", "completed": 556, "expected": 1008, "error": null}
{"review": "dev-p31-vs-v0", "completed": 557, "expected": 1008, "error": null}
{"review": "dev-p31-vs-v0", "completed": 558, "expected": 1008, "error": null}
{"review": "dev-p31-vs-v0", "completed": 559, "expected": 1008, "error": null}
{"review": "dev-p31-vs-v0", "completed": 560, "expected": 1008, "error": null}
{"review": "dev-p31-vs-v0", "completed": 561, "expected": 1008, "error": null}
{"review": "dev-p31-vs-v0", "completed": 562, "expected": 1008, "error": null}
{"review": "dev-p31-vs-v0", "completed": 563, "expected": 1008, "error": null}
{"review": "dev-p31-vs-v0", "completed": 564, "expected": 1008, "error": null}
{"review": "dev-p31-vs-v0", "completed": 565, "expected": 1008, "error": null}
{"review": "dev-p31-vs-v0", "completed": 566, "expected": 1008, "error": null}
{"review": "dev-p31-vs-v0", "completed": 567, "expected": 1008, "error": null}
{"review": "dev-p31-vs-v0", "completed": 568, "expected": 1008, "error": null}
{"review": "dev-p31-vs-v0", "completed": 569, "expected": 1008, "error": null}
{"review": "dev-p31-vs-v0", "completed": 570, "expected": 1008, "error": null}
{"review": "dev-p31-vs-v0", "completed": 571, "expected": 1008, "error": null}
{"review": "dev-p31-vs-v0", "completed": 572, "expected": 1008, "error": null}
{"review": "dev-p31-vs-v0", "completed": 573, "expected": 1008, "error": null}
{"review": "dev-p31-vs-v0", "completed": 574, "expected": 1008, "error": null}
{"review": "dev-p31-vs-v0", "completed": 575, "expected": 1008, "error": null}
{"review": "dev-p31-vs-v0", "completed": 576, "expected": 1008, "error": null}
{"review": "dev-p31-vs-v0", "completed": 577, "expected": 1008, "error": null}
{"review": "dev-p31-vs-v0", "completed": 578, "expected": 1008, "error": null}
{"review": "dev-p31-vs-v0", "completed": 579, "expected": 1008, "error": null}
{"review": "dev-p31-vs-v0", "completed": 580, "expected": 1008, "error": null}
{"review": "dev-p31-vs-v0", "completed": 581, "expected": 1008, "error": null}
{"review": "dev-p31-vs-v0", "completed": 582, "expected": 1008, "error": null}
{"review": "dev-p31-vs-v0", "completed": 583, "expected": 1008, "error": null}
{"review": "dev-p31-vs-v0", "completed": 584, "expected": 1008, "error": null}
{"review": "dev-p31-vs-v0", "completed": 585, "expected": 1008, "error": null}
{"review": "dev-p31-vs-v0", "completed": 586, "expected": 1008, "error": null}
{"review": "dev-p31-vs-v0", "completed": 587, "expected": 1008, "error": null}
{"review": "dev-p31-vs-v0", "completed": 588, "expected": 1008, "error": null}
{"review": "dev-p31-vs-v0", "completed": 589, "expected": 1008, "error": null}
{"review": "dev-p31-vs-v0", "completed": 590, "expected": 1008, "error": null}
{"review": "dev-p31-vs-v0", "completed": 591, "expected": 1008, "error": null}
{"review": "dev-p31-vs-v0", "completed": 592, "expected": 1008, "error": null}
{"review": "dev-p31-vs-v0", "completed": 593, "expected": 1008, "error": null}
{"review": "dev-p31-vs-v0", "completed": 594, "expected": 1008, "error": null}
{"review": "dev-p31-vs-v0", "completed": 595, "expected": 1008, "error": null}
{"review": "dev-p31-vs-v0", "completed": 596, "expected": 1008, "error": null}
{"review": "dev-p31-vs-v0", "completed": 597, "expected": 1008, "error": null}
{"review": "dev-p31-vs-v0", "completed": 598, "expected": 1008, "error": null}
{"review": "dev-p31-vs-v0", "completed": 599, "expected": 1008, "error": null}
{"review": "dev-p31-vs-v0", "completed": 600, "expected": 1008, "error": null}
{"review": "dev-p31-vs-v0", "completed": 601, "expected": 1008, "error": null}
{"review": "dev-p31-vs-v0", "completed": 602, "expected": 1008, "error": null}
{"review": "dev-p31-vs-v0", "completed": 603, "expected": 1008, "error": null}
{"review": "dev-p31-vs-v0", "completed": 604, "expected": 1008, "error": null}
{"review": "dev-p31-vs-v0", "completed": 605, "expected": 1008, "error": null}
{"review": "dev-p31-vs-v0", "completed": 606, "expected": 1008, "error": null}
{"review": "dev-p31-vs-v0", "completed": 607, "expected": 1008, "error": null}
{"review": "dev-p31-vs-v0", "completed": 608, "expected": 1008, "error": null}
{"review": "dev-p31-vs-v0", "completed": 609, "expected": 1008, "error": null}
{"review": "dev-p31-vs-v0", "completed": 610, "expected": 1008, "error": null}
{"review": "dev-p31-vs-v0", "completed": 611, "expected": 1008, "error": null}
{"review": "dev-p31-vs-v0", "completed": 612, "expected": 1008, "error": null}
{"review": "dev-p31-vs-v0", "completed": 613, "expected": 1008, "error": null}
{"review": "dev-p31-vs-v0", "completed": 614, "expected": 1008, "error": null}
{"review": "dev-p31-vs-v0", "completed": 615, "expected": 1008, "error": null}
{"review": "dev-p31-vs-v0", "completed": 616, "expected": 1008, "error": null}
{"review": "dev-p31-vs-v0", "completed": 617, "expected": 1008, "error": null}
{"review": "dev-p31-vs-v0", "completed": 618, "expected": 1008, "error": null}
{"review": "dev-p31-vs-v0", "completed": 619, "expected": 1008, "error": null}
{"review": "dev-p31-vs-v0", "completed": 620, "expected": 1008, "error": null}
{"review": "dev-p31-vs-v0", "completed": 621, "expected": 1008, "error": null}
{"review": "dev-p31-vs-v0", "completed": 622, "expected": 1008, "error": null}
{"review": "dev-p31-vs-v0", "completed": 623, "expected": 1008, "error": null}
{"review": "dev-p31-vs-v0", "completed": 624, "expected": 1008, "error": null}
{"review": "dev-p31-vs-v0", "completed": 625, "expected": 1008, "error": null}
{"review": "dev-p31-vs-v0", "completed": 626, "expected": 1008, "error": null}
{"review": "dev-p31-vs-v0", "completed": 627, "expected": 1008, "error": null}
{"review": "dev-p31-vs-v0", "completed": 628, "expected": 1008, "error": null}
{"review": "dev-p31-vs-v0", "completed": 629, "expected": 1008, "error": null}
{"review": "dev-p31-vs-v0", "completed": 630, "expected": 1008, "error": null}
{"review": "dev-p31-vs-v0", "completed": 631, "expected": 1008, "error": null}
{"review": "dev-p31-vs-v0", "completed": 632, "expected": 1008, "error": null}
{"review": "dev-p31-vs-v0", "completed": 633, "expected": 1008, "error": null}
{"review": "dev-p31-vs-v0", "completed": 634, "expected": 1008, "error": null}
{"review": "dev-p31-vs-v0", "completed": 635, "expected": 1008, "error": null}
{"review": "dev-p31-vs-v0", "completed": 636, "expected": 1008, "error": null}
{"review": "dev-p31-vs-v0", "completed": 637, "expected": 1008, "error": null}
{"review": "dev-p31-vs-v0", "completed": 638, "expected": 1008, "error": null}
{"review": "dev-p31-vs-v0", "completed": 639, "expected": 1008, "error": null}
{"review": "dev-p31-vs-v0", "completed": 640, "expected": 1008, "error": null}
{"review": "dev-p31-vs-v0", "completed": 641, "expected": 1008, "error": "JSONDecodeError"}
{"review": "dev-p31-vs-v0", "completed": 642, "expected": 1008, "error": null}
{"review": "dev-p31-vs-v0", "completed": 643, "expected": 1008, "error": null}
{"review": "dev-p31-vs-v0", "completed": 644, "expected": 1008, "error": null}
{"review": "dev-p31-vs-v0", "completed": 645, "expected": 1008, "error": null}
{"review": "dev-p31-vs-v0", "completed": 646, "expected": 1008, "error": null}
{"review": "dev-p31-vs-v0", "completed": 647, "expected": 1008, "error": null}
{"review": "dev-p31-vs-v0", "completed": 648, "expected": 1008, "error": null}
{"review": "dev-p31-vs-v0", "completed": 649, "expected": 1008, "error": null}
{"review": "dev-p31-vs-v0", "completed": 650, "expected": 1008, "error": null}
{"review": "dev-p31-vs-v0", "completed": 651, "expected": 1008, "error": null}
{"review": "dev-p31-vs-v0", "completed": 652, "expected": 1008, "error": null}
{"review": "dev-p31-vs-v0", "completed": 653, "expected": 1008, "error": "ValueError"}
{"review": "dev-p31-vs-v0", "completed": 654, "expected": 1008, "error": null}
{"review": "dev-p31-vs-v0", "completed": 655, "expected": 1008, "error": null}
{"review": "dev-p31-vs-v0", "completed": 656, "expected": 1008, "error": null}
{"review": "dev-p31-vs-v0", "completed": 657, "expected": 1008, "error": null}
{"review": "dev-p31-vs-v0", "completed": 658, "expected": 1008, "error": null}
{"review": "dev-p31-vs-v0", "completed": 659, "expected": 1008, "error": null}
{"review": "dev-p31-vs-v0", "completed": 660, "expected": 1008, "error": null}
{"review": "dev-p31-vs-v0", "completed": 661, "expected": 1008, "error": null}
{"review": "dev-p31-vs-v0", "completed": 662, "expected": 1008, "error": null}
{"review": "dev-p31-vs-v0", "completed": 663, "expected": 1008, "error": null}
{"review": "dev-p31-vs-v0", "completed": 664, "expected": 1008, "error": null}
{"review": "dev-p31-vs-v0", "completed": 665, "expected": 1008, "error": null}
{"review": "dev-p31-vs-v0", "completed": 666, "expected": 1008, "error": null}
{"review": "dev-p31-vs-v0", "completed": 667, "expected": 1008, "error": null}
{"review": "dev-p31-vs-v0", "completed": 668, "expected": 1008, "error": null}
{"review": "dev-p31-vs-v0", "completed": 669, "expected": 1008, "error": null}
{"review": "dev-p31-vs-v0", "completed": 670, "expected": 1008, "error": null}
{"review": "dev-p31-vs-v0", "completed": 671, "expected": 1008, "error": null}
{"review": "dev-p31-vs-v0", "completed": 672, "expected": 1008, "error": null}
{"review": "dev-p31-vs-v0", "completed": 673, "expected": 1008, "error": null}
{"review": "dev-p31-vs-v0", "completed": 674, "expected": 1008, "error": null}
{"review": "dev-p31-vs-v0", "completed": 675, "expected": 1008, "error": null}
{"review": "dev-p31-vs-v0", "completed": 676, "expected": 1008, "error": null}
{"review": "dev-p31-vs-v0", "completed": 677, "expected": 1008, "error": null}
{"review": "dev-p31-vs-v0", "completed": 678, "expected": 1008, "error": null}
{"review": "dev-p31-vs-v0", "completed": 679, "expected": 1008, "error": null}
{"review": "dev-p31-vs-v0", "completed": 680, "expected": 1008, "error": null}
{"review": "dev-p31-vs-v0", "completed": 681, "expected": 1008, "error": null}
{"review": "dev-p31-vs-v0", "completed": 682, "expected": 1008, "error": null}
{"review": "dev-p31-vs-v0", "completed": 683, "expected": 1008, "error": null}
{"review": "dev-p31-vs-v0", "completed": 684, "expected": 1008, "error": null}
{"review": "dev-p31-vs-v0", "completed": 685, "expected": 1008, "error": null}
{"review": "dev-p31-vs-v0", "completed": 686, "expected": 1008, "error": null}
{"review": "dev-p31-vs-v0", "completed": 687, "expected": 1008, "error": null}
{"review": "dev-p31-vs-v0", "completed": 688, "expected": 1008, "error": null}
{"review": "dev-p31-vs-v0", "completed": 689, "expected": 1008, "error": null}
{"review": "dev-p31-vs-v0", "completed": 690, "expected": 1008, "error": null}
{"review": "dev-p31-vs-v0", "completed": 691, "expected": 1008, "error": null}
{"review": "dev-p31-vs-v0", "completed": 692, "expected": 1008, "error": null}
{"review": "dev-p31-vs-v0", "completed": 693, "expected": 1008, "error": null}
{"review": "dev-p31-vs-v0", "completed": 694, "expected": 1008, "error": null}
{"review": "dev-p31-vs-v0", "completed": 695, "expected": 1008, "error": null}
{"review": "dev-p31-vs-v0", "completed": 696, "expected": 1008, "error": null}
{"review": "dev-p31-vs-v0", "completed": 697, "expected": 1008, "error": null}
{"review": "dev-p31-vs-v0", "completed": 698, "expected": 1008, "error": null}
{"review": "dev-p31-vs-v0", "completed": 699, "expected": 1008, "error": null}
{"review": "dev-p31-vs-v0", "completed": 700, "expected": 1008, "error": null}
{"review": "dev-p31-vs-v0", "completed": 701, "expected": 1008, "error": null}
{"review": "dev-p31-vs-v0", "completed": 702, "expected": 1008, "error": null}
{"review": "dev-p31-vs-v0", "completed": 703, "expected": 1008, "error": null}
{"review": "dev-p31-vs-v0", "completed": 704, "expected": 1008, "error": null}
{"review": "dev-p31-vs-v0", "completed": 705, "expected": 1008, "error": null}
{"review": "dev-p31-vs-v0", "completed": 706, "expected": 1008, "error": null}
{"review": "dev-p31-vs-v0", "completed": 707, "expected": 1008, "error": null}
{"review": "dev-p31-vs-v0", "completed": 708, "expected": 1008, "error": null}
{"review": "dev-p31-vs-v0", "completed": 709, "expected": 1008, "error": null}
{"review": "dev-p31-vs-v0", "completed": 710, "expected": 1008, "error": null}
{"review": "dev-p31-vs-v0", "completed": 711, "expected": 1008, "error": null}
{"review": "dev-p31-vs-v0", "completed": 712, "expected": 1008, "error": null}
{"review": "dev-p31-vs-v0", "completed": 713, "expected": 1008, "error": null}
{"review": "dev-p31-vs-v0", "completed": 714, "expected": 1008, "error": null}
{"review": "dev-p31-vs-v0", "completed": 715, "expected": 1008, "error": null}
{"review": "dev-p31-vs-v0", "completed": 716, "expected": 1008, "error": null}
{"review": "dev-p31-vs-v0", "completed": 717, "expected": 1008, "error": null}
{"review": "dev-p31-vs-v0", "completed": 718, "expected": 1008, "error": null}
{"review": "dev-p31-vs-v0", "completed": 719, "expected": 1008, "error": null}
{"review": "dev-p31-vs-v0", "completed": 720, "expected": 1008, "error": null}
{"review": "dev-p31-vs-v0", "completed": 721, "expected": 1008, "error": null}
{"review": "dev-p31-vs-v0", "completed": 722, "expected": 1008, "error": null}
{"review": "dev-p31-vs-v0", "completed": 723, "expected": 1008, "error": null}
{"review": "dev-p31-vs-v0", "completed": 724, "expected": 1008, "error": null}
{"review": "dev-p31-vs-v0", "completed": 725, "expected": 1008, "error": null}
{"review": "dev-p31-vs-v0", "completed": 726, "expected": 1008, "error": null}
{"review": "dev-p31-vs-v0", "completed": 727, "expected": 1008, "error": null}
{"review": "dev-p31-vs-v0", "completed": 728, "expected": 1008, "error": null}
{"review": "dev-p31-vs-v0", "completed": 729, "expected": 1008, "error": null}
{"review": "dev-p31-vs-v0", "completed": 730, "expected": 1008, "error": null}
{"review": "dev-p31-vs-v0", "completed": 731, "expected": 1008, "error": null}
{"review": "dev-p31-vs-v0", "completed": 732, "expected": 1008, "error": null}
{"review": "dev-p31-vs-v0", "completed": 733, "expected": 1008, "error": null}
{"review": "dev-p31-vs-v0", "completed": 734, "expected": 1008, "error": null}
{"review": "dev-p31-vs-v0", "completed": 735, "expected": 1008, "error": null}
{"review": "dev-p31-vs-v0", "completed": 736, "expected": 1008, "error": null}
{"review": "dev-p31-vs-v0", "completed": 737, "expected": 1008, "error": null}
{"review": "dev-p31-vs-v0", "completed": 738, "expected": 1008, "error": null}
{"review": "dev-p31-vs-v0", "completed": 739, "expected": 1008, "error": null}
{"review": "dev-p31-vs-v0", "completed": 740, "expected": 1008, "error": null}
{"review": "dev-p31-vs-v0", "completed": 741, "expected": 1008, "error": null}
{"review": "dev-p31-vs-v0", "completed": 742, "expected": 1008, "error": null}
{"review": "dev-p31-vs-v0", "completed": 743, "expected": 1008, "error": null}
{"review": "dev-p31-vs-v0", "completed": 744, "expected": 1008, "error": null}
{"review": "dev-p31-vs-v0", "completed": 745, "expected": 1008, "error": null}
{"review": "dev-p31-vs-v0", "completed": 746, "expected": 1008, "error": null}
{"review": "dev-p31-vs-v0", "completed": 747, "expected": 1008, "error": null}
{"review": "dev-p31-vs-v0", "completed": 748, "expected": 1008, "error": null}
{"review": "dev-p31-vs-v0", "completed": 749, "expected": 1008, "error": null}
{"review": "dev-p31-vs-v0", "completed": 750, "expected": 1008, "error": null}
{"review": "dev-p31-vs-v0", "completed": 751, "expected": 1008, "error": null}
{"review": "dev-p31-vs-v0", "completed": 752, "expected": 1008, "error": "JSONDecodeError"}
{"review": "dev-p31-vs-v0", "completed": 753, "expected": 1008, "error": null}
{"review": "dev-p31-vs-v0", "completed": 754, "expected": 1008, "error": null}
{"review": "dev-p31-vs-v0", "completed": 755, "expected": 1008, "error": null}
{"review": "dev-p31-vs-v0", "completed": 756, "expected": 1008, "error": null}
{"review": "dev-p31-vs-v0", "completed": 757, "expected": 1008, "error": null}
{"review": "dev-p31-vs-v0", "completed": 758, "expected": 1008, "error": null}
{"review": "dev-p31-vs-v0", "completed": 759, "expected": 1008, "error": null}
{"review": "dev-p31-vs-v0", "completed": 760, "expected": 1008, "error": null}
{"review": "dev-p31-vs-v0", "completed": 761, "expected": 1008, "error": null}
{"review": "dev-p31-vs-v0", "completed": 762, "expected": 1008, "error": null}
{"review": "dev-p31-vs-v0", "completed": 763, "expected": 1008, "error": null}
{"review": "dev-p31-vs-v0", "completed": 764, "expected": 1008, "error": null}
{"review": "dev-p31-vs-v0", "completed": 765, "expected": 1008, "error": null}
{"review": "dev-p31-vs-v0", "completed": 766, "expected": 1008, "error": null}
{"review": "dev-p31-vs-v0", "completed": 767, "expected": 1008, "error": null}
{"review": "dev-p31-vs-v0", "completed": 768, "expected": 1008, "error": null}
{"review": "dev-p31-vs-v0", "completed": 769, "expected": 1008, "error": null}
{"review": "dev-p31-vs-v0", "completed": 770, "expected": 1008, "error": null}
{"review": "dev-p31-vs-v0", "completed": 771, "expected": 1008, "error": null}
{"review": "dev-p31-vs-v0", "completed": 772, "expected": 1008, "error": null}
{"review": "dev-p31-vs-v0", "completed": 773, "expected": 1008, "error": null}
{"review": "dev-p31-vs-v0", "completed": 774, "expected": 1008, "error": null}
{"review": "dev-p31-vs-v0", "completed": 775, "expected": 1008, "error": null}
{"review": "dev-p31-vs-v0", "completed": 776, "expected": 1008, "error": null}
{"review": "dev-p31-vs-v0", "completed": 777, "expected": 1008, "error": null}
{"review": "dev-p31-vs-v0", "completed": 778, "expected": 1008, "error": null}
{"review": "dev-p31-vs-v0", "completed": 779, "expected": 1008, "error": null}
{"review": "dev-p31-vs-v0", "completed": 780, "expected": 1008, "error": null}
{"review": "dev-p31-vs-v0", "completed": 781, "expected": 1008, "error": null}
{"review": "dev-p31-vs-v0", "completed": 782, "expected": 1008, "error": null}
{"review": "dev-p31-vs-v0", "completed": 783, "expected": 1008, "error": null}
{"review": "dev-p31-vs-v0", "completed": 784, "expected": 1008, "error": null}
{"review": "dev-p31-vs-v0", "completed": 785, "expected": 1008, "error": null}
{"review": "dev-p31-vs-v0", "completed": 786, "expected": 1008, "error": null}
{"review": "dev-p31-vs-v0", "completed": 787, "expected": 1008, "error": null}
{"review": "dev-p31-vs-v0", "completed": 788, "expected": 1008, "error": null}
{"review": "dev-p31-vs-v0", "completed": 789, "expected": 1008, "error": null}
{"review": "dev-p31-vs-v0", "completed": 790, "expected": 1008, "error": null}
{"review": "dev-p31-vs-v0", "completed": 791, "expected": 1008, "error": null}
{"review": "dev-p31-vs-v0", "completed": 792, "expected": 1008, "error": null}
{"review": "dev-p31-vs-v0", "completed": 793, "expected": 1008, "error": null}
{"review": "dev-p31-vs-v0", "completed": 794, "expected": 1008, "error": null}
{"review": "dev-p31-vs-v0", "completed": 795, "expected": 1008, "error": null}
{"review": "dev-p31-vs-v0", "completed": 796, "expected": 1008, "error": null}
{"review": "dev-p31-vs-v0", "completed": 797, "expected": 1008, "error": null}
{"review": "dev-p31-vs-v0", "completed": 798, "expected": 1008, "error": null}
{"review": "dev-p31-vs-v0", "completed": 799, "expected": 1008, "error": null}
{"review": "dev-p31-vs-v0", "completed": 800, "expected": 1008, "error": null}
{"review": "dev-p31-vs-v0", "completed": 801, "expected": 1008, "error": null}
{"review": "dev-p31-vs-v0", "completed": 802, "expected": 1008, "error": null}
{"review": "dev-p31-vs-v0", "completed": 803, "expected": 1008, "error": "JSONDecodeError"}
{"review": "dev-p31-vs-v0", "completed": 804, "expected": 1008, "error": null}
{"review": "dev-p31-vs-v0", "completed": 805, "expected": 1008, "error": null}
{"review": "dev-p31-vs-v0", "completed": 806, "expected": 1008, "error": null}
{"review": "dev-p31-vs-v0", "completed": 807, "expected": 1008, "error": null}
{"review": "dev-p31-vs-v0", "completed": 808, "expected": 1008, "error": null}
{"review": "dev-p31-vs-v0", "completed": 809, "expected": 1008, "error": null}
{"review": "dev-p31-vs-v0", "completed": 810, "expected": 1008, "error": null}
{"review": "dev-p31-vs-v0", "completed": 811, "expected": 1008, "error": "Invalid rating schema"}
{"review": "dev-p31-vs-v0", "completed": 812, "expected": 1008, "error": null}
{"review": "dev-p31-vs-v0", "completed": 813, "expected": 1008, "error": null}
{"review": "dev-p31-vs-v0", "completed": 814, "expected": 1008, "error": null}
{"review": "dev-p31-vs-v0", "completed": 815, "expected": 1008, "error": null}
{"review": "dev-p31-vs-v0", "completed": 816, "expected": 1008, "error": null}
{"review": "dev-p31-vs-v0", "completed": 817, "expected": 1008, "error": null}
{"review": "dev-p31-vs-v0", "completed": 818, "expected": 1008, "error": "JSONDecodeError"}
{"review": "dev-p31-vs-v0", "completed": 819, "expected": 1008, "error": null}
{"review": "dev-p31-vs-v0", "completed": 820, "expected": 1008, "error": null}
{"review": "dev-p31-vs-v0", "completed": 821, "expected": 1008, "error": null}
{"review": "dev-p31-vs-v0", "completed": 822, "expected": 1008, "error": null}
{"review": "dev-p31-vs-v0", "completed": 823, "expected": 1008, "error": null}
{"review": "dev-p31-vs-v0", "completed": 824, "expected": 1008, "error": null}
{"review": "dev-p31-vs-v0", "completed": 825, "expected": 1008, "error": null}
{"review": "dev-p31-vs-v0", "completed": 826, "expected": 1008, "error": null}
{"review": "dev-p31-vs-v0", "completed": 827, "expected": 1008, "error": "JSONDecodeError"}
{"review": "dev-p31-vs-v0", "completed": 828, "expected": 1008, "error": null}
{"review": "dev-p31-vs-v0", "completed": 829, "expected": 1008, "error": null}
{"review": "dev-p31-vs-v0", "completed": 830, "expected": 1008, "error": null}
{"review": "dev-p31-vs-v0", "completed": 831, "expected": 1008, "error": null}
{"review": "dev-p31-vs-v0", "completed": 832, "expected": 1008, "error": null}
{"review": "dev-p31-vs-v0", "completed": 833, "expected": 1008, "error": null}
{"review": "dev-p31-vs-v0", "completed": 834, "expected": 1008, "error": null}
{"review": "dev-p31-vs-v0", "completed": 835, "expected": 1008, "error": null}
{"review": "dev-p31-vs-v0", "completed": 836, "expected": 1008, "error": null}
{"review": "dev-p31-vs-v0", "completed": 837, "expected": 1008, "error": null}
{"review": "dev-p31-vs-v0", "completed": 838, "expected": 1008, "error": null}
{"review": "dev-p31-vs-v0", "completed": 839, "expected": 1008, "error": "JSONDecodeError"}
{"review": "dev-p31-vs-v0", "completed": 840, "expected": 1008, "error": null}
{"review": "dev-p31-vs-v0", "completed": 841, "expected": 1008, "error": null}
{"review": "dev-p31-vs-v0", "completed": 842, "expected": 1008, "error": null}
{"review": "dev-p31-vs-v0", "completed": 843, "expected": 1008, "error": null}
{"review": "dev-p31-vs-v0", "completed": 844, "expected": 1008, "error": null}
{"review": "dev-p31-vs-v0", "completed": 845, "expected": 1008, "error": null}
{"review": "dev-p31-vs-v0", "completed": 846, "expected": 1008, "error": null}
{"review": "dev-p31-vs-v0", "completed": 847, "expected": 1008, "error": null}
{"review": "dev-p31-vs-v0", "completed": 848, "expected": 1008, "error": null}
{"review": "dev-p31-vs-v0", "completed": 849, "expected": 1008, "error": null}
{"review": "dev-p31-vs-v0", "completed": 850, "expected": 1008, "error": null}
{"review": "dev-p31-vs-v0", "completed": 851, "expected": 1008, "error": null}
{"review": "dev-p31-vs-v0", "completed": 852, "expected": 1008, "error": null}
{"review": "dev-p31-vs-v0", "completed": 853, "expected": 1008, "error": null}
{"review": "dev-p31-vs-v0", "completed": 854, "expected": 1008, "error": null}
{"review": "dev-p31-vs-v0", "completed": 855, "expected": 1008, "error": null}
{"review": "dev-p31-vs-v0", "completed": 856, "expected": 1008, "error": null}
{"review": "dev-p31-vs-v0", "completed": 857, "expected": 1008, "error": null}
{"review": "dev-p31-vs-v0", "completed": 858, "expected": 1008, "error": null}
{"review": "dev-p31-vs-v0", "completed": 859, "expected": 1008, "error": null}
{"review": "dev-p31-vs-v0", "completed": 860, "expected": 1008, "error": null}
{"review": "dev-p31-vs-v0", "completed": 861, "expected": 1008, "error": null}
{"review": "dev-p31-vs-v0", "completed": 862, "expected": 1008, "error": null}
{"review": "dev-p31-vs-v0", "completed": 863, "expected": 1008, "error": null}
{"review": "dev-p31-vs-v0", "completed": 864, "expected": 1008, "error": null}
{"review": "dev-p31-vs-v0", "completed": 865, "expected": 1008, "error": null}
{"review": "dev-p31-vs-v0", "completed": 866, "expected": 1008, "error": null}
{"review": "dev-p31-vs-v0", "completed": 867, "expected": 1008, "error": null}
{"review": "dev-p31-vs-v0", "completed": 868, "expected": 1008, "error": null}
{"review": "dev-p31-vs-v0", "completed": 869, "expected": 1008, "error": null}
{"review": "dev-p31-vs-v0", "completed": 870, "expected": 1008, "error": null}
{"review": "dev-p31-vs-v0", "completed": 871, "expected": 1008, "error": null}
{"review": "dev-p31-vs-v0", "completed": 872, "expected": 1008, "error": null}
{"review": "dev-p31-vs-v0", "completed": 873, "expected": 1008, "error": null}
{"review": "dev-p31-vs-v0", "completed": 874, "expected": 1008, "error": null}
{"review": "dev-p31-vs-v0", "completed": 875, "expected": 1008, "error": null}
{"review": "dev-p31-vs-v0", "completed": 876, "expected": 1008, "error": null}
{"review": "dev-p31-vs-v0", "completed": 877, "expected": 1008, "error": null}
{"review": "dev-p31-vs-v0", "completed": 878, "expected": 1008, "error": null}
{"review": "dev-p31-vs-v0", "completed": 879, "expected": 1008, "error": null}
{"review": "dev-p31-vs-v0", "completed": 880, "expected": 1008, "error": null}
{"review": "dev-p31-vs-v0", "completed": 881, "expected": 1008, "error": null}
{"review": "dev-p31-vs-v0", "completed": 882, "expected": 1008, "error": null}
{"review": "dev-p31-vs-v0", "completed": 883, "expected": 1008, "error": null}
{"review": "dev-p31-vs-v0", "completed": 884, "expected": 1008, "error": null}
{"review": "dev-p31-vs-v0", "completed": 885, "expected": 1008, "error": null}
{"review": "dev-p31-vs-v0", "completed": 886, "expected": 1008, "error": null}
{"review": "dev-p31-vs-v0", "completed": 887, "expected": 1008, "error": null}
{"review": "dev-p31-vs-v0", "completed": 888, "expected": 1008, "error": null}
{"review": "dev-p31-vs-v0", "completed": 889, "expected": 1008, "error": null}
{"review": "dev-p31-vs-v0", "completed": 890, "expected": 1008, "error": null}
{"review": "dev-p31-vs-v0", "completed": 891, "expected": 1008, "error": null}
{"review": "dev-p31-vs-v0", "completed": 892, "expected": 1008, "error": null}
{"review": "dev-p31-vs-v0", "completed": 893, "expected": 1008, "error": null}
{"review": "dev-p31-vs-v0", "completed": 894, "expected": 1008, "error": null}
{"review": "dev-p31-vs-v0", "completed": 895, "expected": 1008, "error": null}
{"review": "dev-p31-vs-v0", "completed": 896, "expected": 1008, "error": null}
{"review": "dev-p31-vs-v0", "completed": 897, "expected": 1008, "error": null}
{"review": "dev-p31-vs-v0", "completed": 898, "expected": 1008, "error": null}
{"review": "dev-p31-vs-v0", "completed": 899, "expected": 1008, "error": null}
{"review": "dev-p31-vs-v0", "completed": 900, "expected": 1008, "error": null}
{"review": "dev-p31-vs-v0", "completed": 901, "expected": 1008, "error": null}
{"review": "dev-p31-vs-v0", "completed": 902, "expected": 1008, "error": null}
{"review": "dev-p31-vs-v0", "completed": 903, "expected": 1008, "error": null}
{"review": "dev-p31-vs-v0", "completed": 904, "expected": 1008, "error": null}
{"review": "dev-p31-vs-v0", "completed": 905, "expected": 1008, "error": null}
{"review": "dev-p31-vs-v0", "completed": 906, "expected": 1008, "error": null}
{"review": "dev-p31-vs-v0", "completed": 907, "expected": 1008, "error": null}
{"review": "dev-p31-vs-v0", "completed": 908, "expected": 1008, "error": null}
{"review": "dev-p31-vs-v0", "completed": 909, "expected": 1008, "error": null}
{"review": "dev-p31-vs-v0", "completed": 910, "expected": 1008, "error": null}
{"review": "dev-p31-vs-v0", "completed": 911, "expected": 1008, "error": null}
{"review": "dev-p31-vs-v0", "completed": 912, "expected": 1008, "error": null}
{"review": "dev-p31-vs-v0", "completed": 913, "expected": 1008, "error": null}
{"review": "dev-p31-vs-v0", "completed": 914, "expected": 1008, "error": null}
{"review": "dev-p31-vs-v0", "completed": 915, "expected": 1008, "error": null}
{"review": "dev-p31-vs-v0", "completed": 916, "expected": 1008, "error": null}
{"review": "dev-p31-vs-v0", "completed": 917, "expected": 1008, "error": null}
{"review": "dev-p31-vs-v0", "completed": 918, "expected": 1008, "error": null}
{"review": "dev-p31-vs-v0", "completed": 919, "expected": 1008, "error": null}
{"review": "dev-p31-vs-v0", "completed": 920, "expected": 1008, "error": null}
{"review": "dev-p31-vs-v0", "completed": 921, "expected": 1008, "error": null}
{"review": "dev-p31-vs-v0", "completed": 922, "expected": 1008, "error": null}
{"review": "dev-p31-vs-v0", "completed": 923, "expected": 1008, "error": null}
{"review": "dev-p31-vs-v0", "completed": 924, "expected": 1008, "error": null}
{"review": "dev-p31-vs-v0", "completed": 925, "expected": 1008, "error": null}
{"review": "dev-p31-vs-v0", "completed": 926, "expected": 1008, "error": null}
{"review": "dev-p31-vs-v0", "completed": 927, "expected": 1008, "error": null}
{"review": "dev-p31-vs-v0", "completed": 928, "expected": 1008, "error": null}
{"review": "dev-p31-vs-v0", "completed": 929, "expected": 1008, "error": null}
{"review": "dev-p31-vs-v0", "completed": 930, "expected": 1008, "error": null}
{"review": "dev-p31-vs-v0", "completed": 931, "expected": 1008, "error": null}
{"review": "dev-p31-vs-v0", "completed": 932, "expected": 1008, "error": null}
{"review": "dev-p31-vs-v0", "completed": 933, "expected": 1008, "error": null}
{"review": "dev-p31-vs-v0", "completed": 934, "expected": 1008, "error": null}
{"review": "dev-p31-vs-v0", "completed": 935, "expected": 1008, "error": null}
{"review": "dev-p31-vs-v0", "completed": 936, "expected": 1008, "error": null}
{"review": "dev-p31-vs-v0", "completed": 937, "expected": 1008, "error": null}
{"review": "dev-p31-vs-v0", "completed": 938, "expected": 1008, "error": null}
{"review": "dev-p31-vs-v0", "completed": 939, "expected": 1008, "error": null}
{"review": "dev-p31-vs-v0", "completed": 940, "expected": 1008, "error": "Invalid rating schema"}
{"review": "dev-p31-vs-v0", "completed": 941, "expected": 1008, "error": null}
{"review": "dev-p31-vs-v0", "completed": 942, "expected": 1008, "error": null}
{"review": "dev-p31-vs-v0", "completed": 943, "expected": 1008, "error": null}
{"review": "dev-p31-vs-v0", "completed": 944, "expected": 1008, "error": "JSONDecodeError"}
{"review": "dev-p31-vs-v0", "completed": 945, "expected": 1008, "error": null}
{"review": "dev-p31-vs-v0", "completed": 946, "expected": 1008, "error": null}
{"review": "dev-p31-vs-v0", "completed": 947, "expected": 1008, "error": null}
{"review": "dev-p31-vs-v0", "completed": 948, "expected": 1008, "error": null}
{"review": "dev-p31-vs-v0", "completed": 949, "expected": 1008, "error": null}
{"review": "dev-p31-vs-v0", "completed": 950, "expected": 1008, "error": null}
{"review": "dev-p31-vs-v0", "completed": 951, "expected": 1008, "error": null}
{"review": "dev-p31-vs-v0", "completed": 952, "expected": 1008, "error": null}
{"review": "dev-p31-vs-v0", "completed": 953, "expected": 1008, "error": null}
{"review": "dev-p31-vs-v0", "completed": 954, "expected": 1008, "error": null}
{"review": "dev-p31-vs-v0", "completed": 955, "expected": 1008, "error": null}
{"review": "dev-p31-vs-v0", "completed": 956, "expected": 1008, "error": null}
{"review": "dev-p31-vs-v0", "completed": 957, "expected": 1008, "error": null}
{"review": "dev-p31-vs-v0", "completed": 958, "expected": 1008, "error": null}
{"review": "dev-p31-vs-v0", "completed": 959, "expected": 1008, "error": null}
{"review": "dev-p31-vs-v0", "completed": 960, "expected": 1008, "error": null}
{"review": "dev-p31-vs-v0", "completed": 961, "expected": 1008, "error": null}
{"review": "dev-p31-vs-v0", "completed": 962, "expected": 1008, "error": null}
{"review": "dev-p31-vs-v0", "completed": 963, "expected": 1008, "error": null}
{"review": "dev-p31-vs-v0", "completed": 964, "expected": 1008, "error": null}
{"review": "dev-p31-vs-v0", "completed": 965, "expected": 1008, "error": null}
{"review": "dev-p31-vs-v0", "completed": 966, "expected": 1008, "error": null}
{"review": "dev-p31-vs-v0", "completed": 967, "expected": 1008, "error": null}
{"review": "dev-p31-vs-v0", "completed": 968, "expected": 1008, "error": null}
{"review": "dev-p31-vs-v0", "completed": 969, "expected": 1008, "error": null}
{"review": "dev-p31-vs-v0", "completed": 970, "expected": 1008, "error": null}
{"review": "dev-p31-vs-v0", "completed": 971, "expected": 1008, "error": null}
{"review": "dev-p31-vs-v0", "completed": 972, "expected": 1008, "error": null}
{"review": "dev-p31-vs-v0", "completed": 973, "expected": 1008, "error": null}
{"review": "dev-p31-vs-v0", "completed": 974, "expected": 1008, "error": null}
{"review": "dev-p31-vs-v0", "completed": 975, "expected": 1008, "error": null}
{"review": "dev-p31-vs-v0", "completed": 976, "expected": 1008, "error": null}
{"review": "dev-p31-vs-v0", "completed": 977, "expected": 1008, "error": null}
{"review": "dev-p31-vs-v0", "completed": 978, "expected": 1008, "error": null}
{"review": "dev-p31-vs-v0", "completed": 979, "expected": 1008, "error": null}
{"review": "dev-p31-vs-v0", "completed": 980, "expected": 1008, "error": null}
{"review": "dev-p31-vs-v0", "completed": 981, "expected": 1008, "error": null}
{"review": "dev-p31-vs-v0", "completed": 982, "expected": 1008, "error": null}
{"review": "dev-p31-vs-v0", "completed": 983, "expected": 1008, "error": "JSONDecodeError"}
{"review": "dev-p31-vs-v0", "completed": 984, "expected": 1008, "error": null}
{"review": "dev-p31-vs-v0", "completed": 985, "expected": 1008, "error": null}
{"review": "dev-p31-vs-v0", "completed": 986, "expected": 1008, "error": null}
{"review": "dev-p31-vs-v0", "completed": 987, "expected": 1008, "error": null}
{"review": "dev-p31-vs-v0", "completed": 988, "expected": 1008, "error": null}
{"review": "dev-p31-vs-v0", "completed": 989, "expected": 1008, "error": null}
{"review": "dev-p31-vs-v0", "completed": 990, "expected": 1008, "error": null}
{"review": "dev-p31-vs-v0", "completed": 991, "expected": 1008, "error": null}
{"review": "dev-p31-vs-v0", "completed": 992, "expected": 1008, "error": null}
{"review": "dev-p31-vs-v0", "completed": 993, "expected": 1008, "error": null}
{"review": "dev-p31-vs-v0", "completed": 994, "expected": 1008, "error": null}
{"review": "dev-p31-vs-v0", "completed": 995, "expected": 1008, "error": null}
{"review": "dev-p31-vs-v0", "completed": 996, "expected": 1008, "error": null}
{"review": "dev-p31-vs-v0", "completed": 997, "expected": 1008, "error": null}
{"review": "dev-p31-vs-v0", "completed": 998, "expected": 1008, "error": null}
{"review": "dev-p31-vs-v0", "completed": 999, "expected": 1008, "error": null}
{"review": "dev-p31-vs-v0", "completed": 1000, "expected": 1008, "error": null}
{"review": "dev-p31-vs-v0", "completed": 1001, "expected": 1008, "error": null}
{"review": "dev-p31-vs-v0", "completed": 1002, "expected": 1008, "error": null}
{"review": "dev-p31-vs-v0", "completed": 1003, "expected": 1008, "error": null}
{"review": "dev-p31-vs-v0", "completed": 1004, "expected": 1008, "error": null}
{"review": "dev-p31-vs-v0", "completed": 1005, "expected": 1008, "error": null}
{"review": "dev-p31-vs-v0", "completed": 1006, "expected": 1008, "error": null}
{"review": "dev-p31-vs-v0", "completed": 1007, "expected": 1008, "error": null}
{"review": "dev-p31-vs-v0", "completed": 1008, "expected": 1008, "error": null}
{"review": "dev-p31-vs-v0", "completed": 1009, "expected": 1008, "error": null}
{"review": "dev-p31-vs-v0", "completed": 1010, "expected": 1008, "error": null}
{"review": "dev-p31-vs-v0", "completed": 1011, "expected": 1008, "error": null}
{"review": "dev-p31-vs-v0", "completed": 1012, "expected": 1008, "error": null}
{"review": "dev-p31-vs-v0", "completed": 1013, "expected": 1008, "error": null}
{"review": "dev-p31-vs-v0", "completed": 1014, "expected": 1008, "error": "JSONDecodeError"}
{"review": "dev-p31-vs-v0", "completed": 1015, "expected": 1008, "error": null}
{"review": "dev-p31-vs-v0", "completed": 1016, "expected": 1008, "error": null}
{"review": "dev-p31-vs-v0", "completed": 1017, "expected": 1008, "error": null}
{"review": "dev-p31-vs-v0", "completed": 1018, "expected": 1008, "error": null}
{"review": "dev-p31-vs-v0", "completed": 1019, "expected": 1008, "error": null}
{"review": "dev-p31-vs-v0", "completed": 1020, "expected": 1008, "error": null}
{"review": "dev-p31-vs-v0", "completed": 1021, "expected": 1008, "error": null}
{"review": "dev-p31-vs-v0", "completed": 1022, "expected": 1008, "error": null}
{"review": "dev-p31-vs-v0", "completed": 1023, "expected": 1008, "error": null}
{"review": "dev-p31-vs-v0", "completed": 1024, "expected": 1008, "error": null}
{"review": "dev-p31-vs-v0", "completed": 1025, "expected": 1008, "error": null}
{"review": "dev-p31-vs-v0", "completed": 1026, "expected": 1008, "error": null}
{"review": "dev-p31-vs-v0", "completed": 1027, "expected": 1008, "error": null}
{"review": "dev-p31-vs-v0", "completed": 1028, "expected": 1008, "error": null}
{"review": "dev-p31-vs-v0", "completed": 1029, "expected": 1008, "error": null}
{"review": "dev-p31-vs-v0", "completed": 1030, "expected": 1008, "error": null}
{"review": "dev-p31-vs-v0", "completed": 1031, "expected": 1008, "error": "JSONDecodeError"}
{"review": "dev-p31-vs-v0", "completed": 1032, "expected": 1008, "error": null}
{"review": "dev-p31-vs-v0", "completed": 1033, "expected": 1008, "error": null}
{"review": "dev-p31-vs-v0", "completed": 1034, "expected": 1008, "error": null}
{"review": "dev-p31-vs-v0", "completed": 1035, "expected": 1008, "error": null}
{"review": "dev-p31-vs-v0", "completed": 1036, "expected": 1008, "error": null}
{"review": "dev-p31-vs-v0", "completed": 1037, "expected": 1008, "error": null}
{"review": "dev-p31-vs-v0", "completed": 1038, "expected": 1008, "error": null}
{"review": "dev-p31-vs-v0", "completed": 1039, "expected": 1008, "error": null}
{"review": "dev-p31-vs-v0", "completed": 1040, "expected": 1008, "error": "JSONDecodeError"}
{"review": "dev-p31-vs-v0", "completed": 1041, "expected": 1008, "error": null}
{"review": "dev-p31-vs-v0", "completed": 1042, "expected": 1008, "error": null}
{"review": "dev-p31-vs-v0", "completed": 1043, "expected": 1008, "error": null}
{"review": "dev-p31-vs-v0", "completed": 1044, "expected": 1008, "error": null}
{"review": "dev-p31-vs-v0", "completed": 1045, "expected": 1008, "error": null}
{"review": "dev-p31-vs-v0", "completed": 1046, "expected": 1008, "error": null}
{"review": "dev-p31-vs-v0", "completed": 1047, "expected": 1008, "error": "JSONDecodeError"}
{"review": "dev-p31-vs-v0", "completed": 1048, "expected": 1008, "error": null}
{"review": "dev-p31-vs-v0", "completed": 1049, "expected": 1008, "error": null}
{"review": "dev-p31-vs-v0", "completed": 1050, "expected": 1008, "error": null}
{"review": "dev-p31-vs-v0", "completed": 1051, "expected": 1008, "error": null}
{"review": "dev-p31-vs-v0", "completed": 1052, "expected": 1008, "error": null}
{"review": "dev-p31-vs-v0", "completed": 1053, "expected": 1008, "error": null}
{"review": "dev-p31-vs-v0", "completed": 1054, "expected": 1008, "error": null}
{"review": "dev-p31-vs-v0", "completed": 1055, "expected": 1008, "error": null}
{"review": "dev-p31-vs-v0", "completed": 1056, "expected": 1008, "error": null}
{"review": "dev-p31-vs-v0", "completed": 1057, "expected": 1008, "error": null}
{"review": "dev-p31-vs-v0", "completed": 1058, "expected": 1008, "error": null}
{"review": "dev-p31-vs-v0", "completed": 1059, "expected": 1008, "error": null}
{"review": "dev-p31-vs-v0", "completed": 1060, "expected": 1008, "error": null}
{"review": "dev-p31-vs-v0", "completed": 1061, "expected": 1008, "error": "Invalid rating schema"}
{"review": "dev-p31-vs-v0", "completed": 1062, "expected": 1008, "error": null}
{"review": "dev-p31-vs-v0", "completed": 1063, "expected": 1008, "error": null}
{"review": "dev-p31-vs-v0", "completed": 1064, "expected": 1008, "error": null}
{"review": "dev-p31-vs-v0", "completed": 1065, "expected": 1008, "error": null}
{"review": "dev-p31-vs-v0", "completed": 1066, "expected": 1008, "error": null}
{"review": "dev-p31-vs-v0", "completed": 1067, "expected": 1008, "error": null}
{"review": "dev-p31-vs-v0", "completed": 1068, "expected": 1008, "error": null}
{"review": "dev-p31-vs-v0", "completed": 1069, "expected": 1008, "error": null}
{"review": "dev-p31-vs-v0", "completed": 1070, "expected": 1008, "error": "JSONDecodeError"}
{"review": "dev-p31-vs-v0", "completed": 1071, "expected": 1008, "error": null}
{"review": "dev-p31-vs-v0", "completed": 1072, "expected": 1008, "error": "Invalid rating schema"}
{"review": "dev-p31-vs-v0", "completed": 1073, "expected": 1008, "error": null}
{"review": "dev-p31-vs-v0", "completed": 1074, "expected": 1008, "error": null}
{"review": "dev-p31-vs-v0", "completed": 1075, "expected": 1008, "error": "Invalid rating schema"}
{"review": "dev-p31-vs-v0", "completed": 1076, "expected": 1008, "error": null}
{"review": "dev-p31-vs-v0", "completed": 1077, "expected": 1008, "error": null}
{"review": "dev-p31-vs-v0", "completed": 1078, "expected": 1008, "error": null}
{"review": "dev-p31-vs-v0", "completed": 1079, "expected": 1008, "error": null}
{"review": "dev-p31-vs-v0", "completed": 1080, "expected": 1008, "error": null}
{"review": "dev-p31-vs-v0", "completed": 1081, "expected": 1008, "error": null}
{"review": "dev-p31-vs-v0", "completed": 1082, "expected": 1008, "error": null}
{"review": "dev-p31-vs-v0", "completed": 1083, "expected": 1008, "error": null}
{"review": "dev-p31-vs-v0", "completed": 1084, "expected": 1008, "error": null}
{"review": "dev-p31-vs-v0", "completed": 1085, "expected": 1008, "error": null}
{"review": "dev-p31-vs-v0", "completed": 1086, "expected": 1008, "error": null}
{"review": "dev-p31-vs-v0", "completed": 1087, "expected": 1008, "error": null}
{"review": "dev-p31-vs-v0", "completed": 1088, "expected": 1008, "error": null}
{"review": "dev-p31-vs-v0", "completed": 1089, "expected": 1008, "error": null}
{"review": "dev-p31-vs-v0", "completed": 1090, "expected": 1008, "error": null}
{"review": "dev-p31-vs-v0", "completed": 1091, "expected": 1008, "error": null}
{"review": "dev-p31-vs-v0", "completed": 1092, "expected": 1008, "error": null}
{"review": "dev-p31-vs-v0", "completed": 1093, "expected": 1008, "error": null}
{"review": "dev-p31-vs-v0", "completed": 1094, "expected": 1008, "error": null}
{"review": "dev-p31-vs-v0", "completed": 1095, "expected": 1008, "error": null}
{"review": "dev-p31-vs-v0", "completed": 1096, "expected": 1008, "error": null}
{"review": "dev-p31-vs-v0", "completed": 1097, "expected": 1008, "error": null}
{"review": "dev-p31-vs-v0", "completed": 1098, "expected": 1008, "error": null}
{"review": "dev-p31-vs-v0", "completed": 1099, "expected": 1008, "error": null}
{"review": "dev-p31-vs-v0", "completed": 1100, "expected": 1008, "error": null}
{"review": "dev-p31-vs-v0", "completed": 1101, "expected": 1008, "error": null}
{"review": "dev-p31-vs-v0", "completed": 1102, "expected": 1008, "error": null}
{"review": "dev-p31-vs-v0", "completed": 1103, "expected": 1008, "error": null}
{"review": "dev-p31-vs-v0", "completed": 1104, "expected": 1008, "error": null}
{"review": "dev-p31-vs-v0", "completed": 1105, "expected": 1008, "error": null}
{"review": "dev-p31-vs-v0", "completed": 1106, "expected": 1008, "error": null}
{"review": "dev-p31-vs-v0", "completed": 1107, "expected": 1008, "error": null}
{"review": "dev-p31-vs-v0", "completed": 1108, "expected": 1008, "error": null}
{"review": "dev-p31-vs-v0", "completed": 1109, "expected": 1008, "error": null}
{"review": "dev-p31-vs-v0", "completed": 1110, "expected": 1008, "error": null}
{"review": "dev-p31-vs-v0", "completed": 1111, "expected": 1008, "error": null}
{"review": "dev-p31-vs-v0", "completed": 1112, "expected": 1008, "error": null}
{"review": "dev-p31-vs-v0", "completed": 1113, "expected": 1008, "error": null}
{"review": "dev-p31-vs-v0", "completed": 1114, "expected": 1008, "error": null}
{"review": "dev-p31-vs-v0", "completed": 1115, "expected": 1008, "error": null}
{"review": "dev-p31-vs-v0", "completed": 1116, "expected": 1008, "error": null}
{"review": "dev-p31-vs-v0", "completed": 1117, "expected": 1008, "error": null}
{"review": "dev-p31-vs-v0", "completed": 1118, "expected": 1008, "error": null}
{"review": "dev-p31-vs-v0", "completed": 1119, "expected": 1008, "error": null}
{"review": "dev-p31-vs-v0", "completed": 1120, "expected": 1008, "error": null}
{"review": "dev-p31-vs-v0", "completed": 1121, "expected": 1008, "error": null}
{"review": "dev-p31-vs-v0", "completed": 1122, "expected": 1008, "error": null}
{"review": "dev-p31-vs-v0", "completed": 1123, "expected": 1008, "error": null}
{"review": "dev-p31-vs-v0", "completed": 1124, "expected": 1008, "error": null}
{"review": "dev-p31-vs-v0", "completed": 1125, "expected": 1008, "error": null}
{"review": "dev-p31-vs-v0", "completed": 1126, "expected": 1008, "error": null}
{"review": "dev-p31-vs-v0", "completed": 1127, "expected": 1008, "error": null}
{"review": "dev-p31-vs-v0", "completed": 1128, "expected": 1008, "error": null}
{"review": "dev-p31-vs-v0", "completed": 1129, "expected": 1008, "error": null}
{"review": "dev-p31-vs-v0", "completed": 1130, "expected": 1008, "error": null}
{"review": "dev-p31-vs-v0", "completed": 1131, "expected": 1008, "error": null}
{"review": "dev-p31-vs-v0", "completed": 1132, "expected": 1008, "error": null}
{"review": "dev-p31-vs-v0", "completed": 1133, "expected": 1008, "error": null}
{"review": "dev-p31-vs-v0", "completed": 1134, "expected": 1008, "error": null}
{"review": "dev-p31-vs-v0", "completed": 1135, "expected": 1008, "error": null}
{"review": "dev-p31-vs-v0", "completed": 1136, "expected": 1008, "error": null}
{"review": "dev-p31-vs-v0", "completed": 1137, "expected": 1008, "error": "JSONDecodeError"}
{"review": "dev-p31-vs-v0", "completed": 1138, "expected": 1008, "error": null}
{"review": "dev-p31-vs-v0", "completed": 1139, "expected": 1008, "error": null}
{"review": "dev-p31-vs-v0", "completed": 1140, "expected": 1008, "error": null}
{"review": "dev-p31-vs-v0", "completed": 1141, "expected": 1008, "error": null}
{"review": "dev-p31-vs-v0", "completed": 1142, "expected": 1008, "error": null}
{"review": "dev-p31-vs-v0", "completed": 1143, "expected": 1008, "error": null}
{"review": "dev-p31-vs-v0", "completed": 1144, "expected": 1008, "error": null}
{"review": "dev-p31-vs-v0", "completed": 1145, "expected": 1008, "error": null}
{"review": "dev-p31-vs-v0", "completed": 1146, "expected": 1008, "error": null}
{"review": "dev-p31-vs-v0", "completed": 1147, "expected": 1008, "error": null}
{"review": "dev-p31-vs-v0", "completed": 1148, "expected": 1008, "error": null}
{"run": "dev-p31-vs-v0", "records": 1148, "errors": 28}
DEV_FAST_DONE
