{"review": "dev-p34-vs-v0", "completed": 124, "expected": 920, "error": null}
{"review": "dev-p34-vs-v0", "completed": 125, "expected": 920, "error": null}
{"review": "dev-p34-vs-v0", "completed": 126, "expected": 920, "error": null}
{"review": "dev-p34-vs-v0", "completed": 127, "expected": 920, "error": null}
{"review": "dev-p34-vs-v0", "completed": 128, "expected": 920, "error": null}
{"review": "dev-p34-vs-v0", "completed": 129, "expected": 920, "error": null}
{"review": "dev-p34-vs-v0", "completed": 130, "expected": 920, "error": null}
{"review": "dev-p34-vs-v0", "completed": 131, "expected": 920, "error": null}
{"review": "dev-p34-vs-v0", "completed": 132, "expected": 920, "error": null}
{"review": "dev-p34-vs-v0", "completed": 133, "expected": 920, "error": null}
{"review": "dev-p34-vs-v0", "completed": 134, "expected": 920, "error": null}
{"review": "dev-p34-vs-v0", "completed": 135, "expected": 920, "error": null}
{"review": "dev-p34-vs-v0", "completed": 136, "expected": 920, "error": null}
{"review": "dev-p34-vs-v0", "completed": 137, "expected": 920, "error": null}
{"review": "dev-p34-vs-v0", "completed": 138, "expected": 920, "error": null}
{"review": "dev-p34-vs-v0", "completed": 139, "expected": 920, "error": null}
{"review": "dev-p34-vs-v0", "completed": 140, "expected": 920, "error": null}
{"review": "dev-p34-vs-v0", "completed": 141, "expected": 920, "error": null}
{"review": "dev-p34-vs-v0", "completed": 142, "expected": 920, "error": null}
{"review": "dev-p34-vs-v0", "completed": 143, "expected": 920, "error": null}
{"review": "dev-p34-vs-v0", "completed": 144, "expected": 920, "error": null}
{"review": "dev-p34-vs-v0", "completed": 145, "expected": 920, "error": null}
{"review": "dev-p34-vs-v0", "completed": 146, "expected": 920, "error": null}
{"review": "dev-p34-vs-v0", "completed": 147, "expected": 920, "error": null}
{"review": "dev-p34-vs-v0", "completed": 148, "expected": 920, "error": null}
{"review": "dev-p34-vs-v0", "completed": 149, "expected": 920, "error": null}
{"review": "dev-p34-vs-v0", "completed": 150, "expected": 920, "error": null}
{"review": "dev-p34-vs-v0", "completed": 151, "expected": 920, "error": null}
{"review": "dev-p34-vs-v0", "completed": 152, "expected": 920, "error": null}
{"review": "dev-p34-vs-v0", "completed": 153, "expected": 920, "error": null}
{"review": "dev-p34-vs-v0", "completed": 154, "expected": 920, "error": null}
{"review": "dev-p34-vs-v0", "completed": 155, "expected": 920, "error": null}
{"review": "dev-p34-vs-v0", "completed": 156, "expected": 920, "error": null}
{"review": "dev-p34-vs-v0", "completed": 157, "expected": 920, "error": null}
{"review": "dev-p34-vs-v0", "completed": 158, "expected": 920, "error": null}
{"review": "dev-p34-vs-v0", "completed": 159, "expected": 920, "error": null}
{"review": "dev-p34-vs-v0", "completed": 160, "expected": 920, "error": null}
{"review": "dev-p34-vs-v0", "completed": 161, "expected": 920, "error": null}
{"review": "dev-p34-vs-v0", "completed": 162, "expected": 920, "error": null}
{"review": "dev-p34-vs-v0", "completed": 163, "expected": 920, "error": null}
{"review": "dev-p34-vs-v0", "completed": 164, "expected": 920, "error": null}
{"review": "dev-p34-vs-v0", "completed": 165, "expected": 920, "error": null}
{"review": "dev-p34-vs-v0", "completed": 166, "expected": 920, "error": null}
{"review": "dev-p34-vs-v0", "completed": 167, "expected": 920, "error": null}
{"review": "dev-p34-vs-v0", "completed": 168, "expected": 920, "error": null}
{"review": "dev-p34-vs-v0", "completed": 169, "expected": 920, "error": null}
{"review": "dev-p34-vs-v0", "completed": 170, "expected": 920, "error": null}
{"review": "dev-p34-vs-v0", "completed": 171, "expected": 920, "error": "JSONDecodeError"}
{"review": "dev-p34-vs-v0", "completed": 172, "expected": 920, "error": null}
{"review": "dev-p34-vs-v0", "completed": 173, "expected": 920, "error": null}
{"review": "dev-p34-vs-v0", "completed": 174, "expected": 920, "error": null}
{"review": "dev-p34-vs-v0", "completed": 175, "expected": 920, "error": null}
{"review": "dev-p34-vs-v0", "completed": 176, "expected": 920, "error": null}
{"review": "dev-p34-vs-v0", "completed": 177, "expected": 920, "error": null}
{"review": "dev-p34-vs-v0", "completed": 178, "expected": 920, "error": null}
{"review": "dev-p34-vs-v0", "completed": 179, "expected": 920, "error": null}
{"review": "dev-p34-vs-v0", "completed": 180, "expected": 920, "error": null}
{"review": "dev-p34-vs-v0", "completed": 181, "expected": 920, "error": null}
{"review": "dev-p34-vs-v0", "completed": 182, "expected": 920, "error": null}
{"review": "dev-p34-vs-v0", "completed": 183, "expected": 920, "error": null}
{"review": "dev-p34-vs-v0", "completed": 184, "expected": 920, "error": null}
{"review": "dev-p34-vs-v0", "completed": 185, "expected": 920, "error": null}
{"review": "dev-p34-vs-v0", "completed": 186, "expected": 920, "error": null}
{"review": "dev-p34-vs-v0", "completed": 187, "expected": 920, "error": null}
{"review": "dev-p34-vs-v0", "completed": 188, "expected": 920, "error": null}
{"review": "dev-p34-vs-v0", "completed": 189, "expected": 920, "error": null}
{"review": "dev-p34-vs-v0", "completed": 190, "expected": 920, "error": null}
{"review": "dev-p34-vs-v0", "completed": 191, "expected": 920, "error": null}
{"review": "dev-p34-vs-v0", "completed": 192, "expected": 920, "error": null}
{"review": "dev-p34-vs-v0", "completed": 193, "expected": 920, "error": null}
{"review": "dev-p34-vs-v0", "completed": 194, "expected": 920, "error": null}
{"review": "dev-p34-vs-v0", "completed": 195, "expected": 920, "error": null}
{"review": "dev-p34-vs-v0", "completed": 196, "expected": 920, "error": null}
{"review": "dev-p34-vs-v0", "completed": 197, "expected": 920, "error": null}
{"review": "dev-p34-vs-v0", "completed": 198, "expected": 920, "error": null}
{"review": "dev-p34-vs-v0", "completed": 199, "expected": 920, "error": null}
{"review": "dev-p34-vs-v0", "completed": 200, "expected": 920, "error": null}
{"review": "dev-p34-vs-v0", "completed": 201, "expected": 920, "error": null}
{"review": "dev-p34-vs-v0", "completed": 202, "expected": 920, "error": null}
{"review": "dev-p34-vs-v0", "completed": 203, "expected": 920, "error": null}
{"review": "dev-p34-vs-v0", "completed": 204, "expected": 920, "error": null}
{"review": "dev-p34-vs-v0", "completed": 205, "expected": 920, "error": null}
{"review": "dev-p34-vs-v0", "completed": 206, "expected": 920, "error": null}
{"review": "dev-p34-vs-v0", "completed": 207, "expected": 920, "error": null}
{"review": "dev-p34-vs-v0", "completed": 208, "expected": 920, "error": null}
{"review": "dev-p34-vs-v0", "completed": 209, "expected": 920, "error": null}
{"review": "dev-p34-vs-v0", "completed": 210, "expected": 920, "error": null}
{"review": "dev-p34-vs-v0", "completed": 211, "expected": 920, "error": null}
{"review": "dev-p34-vs-v0", "completed": 212, "expected": 920, "error": null}
{"review": "dev-p34-vs-v0", "completed": 213, "expected": 920, "error": null}
{"review": "dev-p34-vs-v0", "completed": 214, "expected": 920, "error": null}
{"review": "dev-p34-vs-v0", "completed": 215, "expected": 920, "error": null}
{"review": "dev-p34-vs-v0", "completed": 216, "expected": 920, "error": null}
{"review": "dev-p34-vs-v0", "completed": 217, "expected": 920, "error": null}
{"review": "dev-p34-vs-v0", "completed": 218, "expected": 920, "error": null}
{"review": "dev-p34-vs-v0", "completed": 219, "expected": 920, "error": null}
{"review": "dev-p34-vs-v0", "completed": 220, "expected": 920, "error": null}
{"review": "dev-p34-vs-v0", "completed": 221, "expected": 920, "error": null}
{"review": "dev-p34-vs-v0", "completed": 222, "expected": 920, "error": null}
{"review": "dev-p34-vs-v0", "completed": 223, "expected": 920, "error": null}
{"review": "dev-p34-vs-v0", "completed": 224, "expected": 920, "error": null}
{"review": "dev-p34-vs-v0", "completed": 225, "expected": 920, "error": null}
{"review": "dev-p34-vs-v0", "completed": 226, "expected": 920, "error": null}
{"review": "dev-p34-vs-v0", "completed": 227, "expected": 920, "error": null}
{"review": "dev-p34-vs-v0", "completed": 228, "expected": 920, "error": null}
{"review": "dev-p34-vs-v0", "completed": 229, "expected": 920, "error": null}
{"review": "dev-p34-vs-v0", "completed": 230, "expected": 920, "error": "JSONDecodeError"}
{"review": "dev-p34-vs-v0", "completed": 231, "expected": 920, "error": null}
{"review": "dev-p34-vs-v0", "completed": 232, "expected": 920, "error": null}
{"review": "dev-p34-vs-v0", "completed": 233, "expected": 920, "error": null}
{"review": "dev-p34-vs-v0", "completed": 234, "expected": 920, "error": null}
{"review": "dev-p34-vs-v0", "completed": 235, "expected": 920, "error": null}
{"review": "dev-p34-vs-v0", "completed": 236, "expected": 920, "error": null}
{"review": "dev-p34-vs-v0", "completed": 237, "expected": 920, "error": null}
{"review": "dev-p34-vs-v0", "completed": 238, "expected": 920, "error": null}
{"review": "dev-p34-vs-v0", "completed": 239, "expected": 920, "error": null}
{"review": "dev-p34-vs-v0", "completed": 240, "expected": 920, "error": null}
{"review": "dev-p34-vs-v0", "completed": 241, "expected": 920, "error": null}
{"review": "dev-p34-vs-v0", "completed": 242, "expected": 920, "error": null}
{"review": "dev-p34-vs-v0", "completed": 243, "expected": 920, "error": null}
{"review": "dev-p34-vs-v0", "completed": 244, "expected": 920, "error": null}
{"review": "dev-p34-vs-v0", "completed": 245, "expected": 920, "error": null}
{"review": "dev-p34-vs-v0", "completed": 246, "expected": 920, "error": null}
{"review": "dev-p34-vs-v0", "completed": 247, "expected": 920, "error": null}
{"review": "dev-p34-vs-v0", "completed": 248, "expected": 920, "error": null}
{"review": "dev-p34-vs-v0", "completed": 249, "expected": 920, "error": null}
{"review": "dev-p34-vs-v0", "completed": 250, "expected": 920, "error": null}
{"review": "dev-p34-vs-v0", "completed": 251, "expected": 920, "error": null}
{"review": "dev-p34-vs-v0", "completed": 252, "expected": 920, "error": "JSONDecodeError"}
{"review": "dev-p34-vs-v0", "completed": 253, "expected": 920, "error": null}
{"review": "dev-p34-vs-v0", "completed": 254, "expected": 920, "error": null}
{"review": "dev-p34-vs-v0", "completed": 255, "expected": 920, "error": null}
{"review": "dev-p34-vs-v0", "completed": 256, "expected": 920, "error": null}
{"review": "dev-p34-vs-v0", "completed": 257, "expected": 920, "error": null}
{"review": "dev-p34-vs-v0", "completed": 258, "expected": 920, "error": null}
{"review": "dev-p34-vs-v0", "completed": 259, "expected": 920, "error": null}
{"review": "dev-p34-vs-v0", "completed": 260, "expected": 920, "error": null}
{"review": "dev-p34-vs-v0", "completed": 261, "expected": 920, "error": null}
{"review": "dev-p34-vs-v0", "completed": 262, "expected": 920, "error": null}
{"review": "dev-p34-vs-v0", "completed": 263, "expected": 920, "error": null}
{"review": "dev-p34-vs-v0", "completed": 264, "expected": 920, "error": null}
{"review": "dev-p34-vs-v0", "completed": 265, "expected": 920, "error": "JSONDecodeError"}
{"review": "dev-p34-vs-v0", "completed": 266, "expected": 920, "error": null}
{"review": "dev-p34-vs-v0", "completed": 267, "expected": 920, "error": null}
{"review": "dev-p34-vs-v0", "completed": 268, "expected": 920, "error": null}
{"review": "dev-p34-vs-v0", "completed": 269, "expected": 920, "error": null}
{"review": "dev-p34-vs-v0", "completed": 270, "expected": 920, "error": null}
{"review": "dev-p34-vs-v0", "completed": 271, "expected": 920, "error": null}
{"review": "dev-p34-vs-v0", "completed": 272, "expected": 920, "error": null}
{"review": "dev-p34-vs-v0", "completed": 273, "expected": 920, "error": null}
{"review": "dev-p34-vs-v0", "completed": 274, "expected": 920, "error": null}
{"review": "dev-p34-vs-v0", "completed": 275, "expected": 920, "error": null}
{"review": "dev-p34-vs-v0", "completed": 276, "expected": 920, "error": null}
{"review": "dev-p34-vs-v0", "completed": 277, "expected": 920, "error": null}
{"review": "dev-p34-vs-v0", "completed": 278, "expected": 920, "error": null}
{"review": "dev-p34-vs-v0", "completed": 279, "expected": 920, "error": null}
{"review": "dev-p34-vs-v0", "completed": 280, "expected": 920, "error": null}
{"review": "dev-p34-vs-v0", "completed": 281, "expected": 920, "error": null}
{"review": "dev-p34-vs-v0", "completed": 282, "expected": 920, "error": null}
{"review": "dev-p34-vs-v0", "completed": 283, "expected": 920, "error": null}
{"review": "dev-p34-vs-v0", "completed": 284, "expected": 920, "error": null}
{"review": "dev-p34-vs-v0", "completed": 285, "expected": 920, "error": null}
{"review": "dev-p34-vs-v0", "completed": 286, "expected": 920, "error": null}
{"review": "dev-p34-vs-v0", "completed": 287, "expected": 920, "error": null}
{"review": "dev-p34-vs-v0", "completed": 288, "expected": 920, "error": null}
{"review": "dev-p34-vs-v0", "completed": 289, "expected": 920, "error": null}
{"review": "dev-p34-vs-v0", "completed": 290, "expected": 920, "error": null}
{"review": "dev-p34-vs-v0", "completed": 291, "expected": 920, "error": null}
{"review": "dev-p34-vs-v0", "completed": 292, "expected": 920, "error": null}
{"review": "dev-p34-vs-v0", "completed": 293, "expected": 920, "error": null}
{"review": "dev-p34-vs-v0", "completed": 294, "expected": 920, "error": null}
{"review": "dev-p34-vs-v0", "completed": 295, "expected": 920, "error": null}
{"review": "dev-p34-vs-v0", "completed": 296, "expected": 920, "error": null}
{"review": "dev-p34-vs-v0", "completed": 297, "expected": 920, "error": null}
{"review": "dev-p34-vs-v0", "completed": 298, "expected": 920, "error": null}
{"review": "dev-p34-vs-v0", "completed": 299, "expected": 920, "error": null}
{"review": "dev-p34-vs-v0", "completed": 300, "expected": 920, "error": null}
{"review": "dev-p34-vs-v0", "completed": 301, "expected": 920, "error": null}
{"review": "dev-p34-vs-v0", "completed": 302, "expected": 920, "error": null}
{"review": "dev-p34-vs-v0", "completed": 303, "expected": 920, "error": null}
{"review": "dev-p34-vs-v0", "completed": 304, "expected": 920, "error": null}
{"review": "dev-p34-vs-v0", "completed": 305, "expected": 920, "error": null}
{"review": "dev-p34-vs-v0", "completed": 306, "expected": 920, "error": null}
{"review": "dev-p34-vs-v0", "completed": 307, "expected": 920, "error": null}
{"review": "dev-p34-vs-v0", "completed": 308, "expected": 920, "error": null}
{"review": "dev-p34-vs-v0", "completed": 309, "expected": 920, "error": null}
{"review": "dev-p34-vs-v0", "completed": 310, "expected": 920, "error": null}
{"review": "dev-p34-vs-v0", "completed": 311, "expected": 920, "error": null}
{"review": "dev-p34-vs-v0", "completed": 312, "expected": 920, "error": null}
{"review": "dev-p34-vs-v0", "completed": 313, "expected": 920, "error": null}
{"review": "dev-p34-vs-v0", "completed": 314, "expected": 920, "error": null}
{"review": "dev-p34-vs-v0", "completed": 315, "expected": 920, "error": null}
{"review": "dev-p34-vs-v0", "completed": 316, "expected": 920, "error": null}
{"review": "dev-p34-vs-v0", "completed": 317, "expected": 920, "error": null}
{"review": "dev-p34-vs-v0", "completed": 318, "expected": 920, "error": null}
{"review": "dev-p34-vs-v0", "completed": 319, "expected": 920, "error": null}
{"review": "dev-p34-vs-v0", "completed": 320, "expected": 920, "error": null}
{"review": "dev-p34-vs-v0", "completed": 321, "expected": 920, "error": null}
{"review": "dev-p34-vs-v0", "completed": 322, "expected": 920, "error": null}
{"review": "dev-p34-vs-v0", "completed": 323, "expected": 920, "error": null}
{"review": "dev-p34-vs-v0", "completed": 324, "expected": 920, "error": null}
{"review": "dev-p34-vs-v0", "completed": 325, "expected": 920, "error": null}
{"review": "dev-p34-vs-v0", "completed": 326, "expected": 920, "error": null}
{"review": "dev-p34-vs-v0", "completed": 327, "expected": 920, "error": null}
{"review": "dev-p34-vs-v0", "completed": 328, "expected": 920, "error": null}
{"review": "dev-p34-vs-v0", "completed": 329, "expected": 920, "error": null}
{"review": "dev-p34-vs-v0", "completed": 330, "expected": 920, "error": null}
{"review": "dev-p34-vs-v0", "completed": 331, "expected": 920, "error": null}
{"review": "dev-p34-vs-v0", "completed": 332, "expected": 920, "error": null}
{"review": "dev-p34-vs-v0", "completed": 333, "expected": 920, "error": null}
{"review": "dev-p34-vs-v0", "completed": 334, "expected": 920, "error": null}
{"review": "dev-p34-vs-v0", "completed": 335, "expected": 920, "error": null}
{"review": "dev-p34-vs-v0", "completed": 336, "expected": 920, "error": null}
{"review": "dev-p34-vs-v0", "completed": 337, "expected": 920, "error": null}
{"review": "dev-p34-vs-v0", "completed": 338, "expected": 920, "error": null}
{"review": "dev-p34-vs-v0", "completed": 339, "expected": 920, "error": null}
{"review": "dev-p34-vs-v0", "completed": 340, "expected": 920, "error": null}
{"review": "dev-p34-vs-v0", "completed": 341, "expected": 920, "error": null}
{"review": "dev-p34-vs-v0", "completed": 342, "expected": 920, "error": null}
{"review": "dev-p34-vs-v0", "completed": 343, "expected": 920, "error": null}
{"review": "dev-p34-vs-v0", "completed": 344, "expected": 920, "error": null}
{"review": "dev-p34-vs-v0", "completed": 345, "expected": 920, "error": null}
{"review": "dev-p34-vs-v0", "completed": 346, "expected": 920, "error": null}
{"review": "dev-p34-vs-v0", "completed": 347, "expected": 920, "error": null}
{"review": "dev-p34-vs-v0", "completed": 348, "expected": 920, "error": null}
{"review": "dev-p34-vs-v0", "completed": 349, "expected": 920, "error": null}
{"review": "dev-p34-vs-v0", "completed": 350, "expected": 920, "error": null}
{"review": "dev-p34-vs-v0", "completed": 351, "expected": 920, "error": null}
{"review": "dev-p34-vs-v0", "completed": 352, "expected": 920, "error": null}
{"review": "dev-p34-vs-v0", "completed": 353, "expected": 920, "error": null}
{"review": "dev-p34-vs-v0", "completed": 354, "expected": 920, "error": null}
{"review": "dev-p34-vs-v0", "completed": 355, "expected": 920, "error": null}
{"review": "dev-p34-vs-v0", "completed": 356, "expected": 920, "error": null}
{"review": "dev-p34-vs-v0", "completed": 357, "expected": 920, "error": null}
{"review": "dev-p34-vs-v0", "completed": 358, "expected": 920, "error": null}
{"review": "dev-p34-vs-v0", "completed": 359, "expected": 920, "error": null}
{"review": "dev-p34-vs-v0", "completed": 360, "expected": 920, "error": null}
{"review": "dev-p34-vs-v0", "completed": 361, "expected": 920, "error": null}
{"review": "dev-p34-vs-v0", "completed": 362, "expected": 920, "error": null}
{"review": "dev-p34-vs-v0", "completed": 363, "expected": 920, "error": null}
{"review": "dev-p34-vs-v0", "completed": 364, "expected": 920, "error": null}
{"review": "dev-p34-vs-v0", "completed": 365, "expected": 920, "error": null}
{"review": "dev-p34-vs-v0", "completed": 366, "expected": 920, "error": null}
{"review": "dev-p34-vs-v0", "completed": 367, "expected": 920, "error": null}
{"review": "dev-p34-vs-v0", "completed": 368, "expected": 920, "error": null}
{"review": "dev-p34-vs-v0", "completed": 369, "expected": 920, "error": null}
{"review": "dev-p34-vs-v0", "completed": 370, "expected": 920, "error": null}
{"review": "dev-p34-vs-v0", "completed": 371, "expected": 920, "error": null}
{"review": "dev-p34-vs-v0", "completed": 372, "expected": 920, "error": null}
{"review": "dev-p34-vs-v0", "completed": 373, "expected": 920, "error": null}
{"review": "dev-p34-vs-v0", "completed": 374, "expected": 920, "error": null}
{"review": "dev-p34-vs-v0", "completed": 375, "expected": 920, "error": null}
{"review": "dev-p34-vs-v0", "completed": 376, "expected": 920, "error": null}
{"review": "dev-p34-vs-v0", "completed": 377, "expected": 920, "error": null}
{"review": "dev-p34-vs-v0", "completed": 378, "expected": 920, "error": null}
{"review": "dev-p34-vs-v0", "completed": 379, "expected": 920, "error": null}
{"review": "dev-p34-vs-v0", "completed": 380, "expected": 920, "error": null}
{"review": "dev-p34-vs-v0", "completed": 381, "expected": 920, "error": null}
{"review": "dev-p34-vs-v0", "completed": 382, "expected": 920, "error": null}
{"review": "dev-p34-vs-v0", "completed": 383, "expected": 920, "error": null}
{"review": "dev-p34-vs-v0", "completed": 384, "expected": 920, "error": null}
{"review": "dev-p34-vs-v0", "completed": 385, "expected": 920, "error": null}
{"review": "dev-p34-vs-v0", "completed": 386, "expected": 920, "error": null}
{"review": "dev-p34-vs-v0", "completed": 387, "expected": 920, "error": null}
{"review": "dev-p34-vs-v0", "completed": 388, "expected": 920, "error": null}
{"review": "dev-p34-vs-v0", "completed": 389, "expected": 920, "error": null}
{"review": "dev-p34-vs-v0", "completed": 390, "expected": 920, "error": null}
{"review": "dev-p34-vs-v0", "completed": 391, "expected": 920, "error": null}
{"review": "dev-p34-vs-v0", "completed": 392, "expected": 920, "error": null}
{"review": "dev-p34-vs-v0", "completed": 393, "expected": 920, "error": null}
{"review": "dev-p34-vs-v0", "completed": 394, "expected": 920, "error": null}
{"review": "dev-p34-vs-v0", "completed": 395, "expected": 920, "error": "JSONDecodeError"}
{"review": "dev-p34-vs-v0", "completed": 396, "expected": 920, "error": null}
{"review": "dev-p34-vs-v0", "completed": 397, "expected": 920, "error": null}
{"review": "dev-p34-vs-v0", "completed": 398, "expected": 920, "error": null}
{"review": "dev-p34-vs-v0", "completed": 399, "expected": 920, "error": null}
{"review": "dev-p34-vs-v0", "completed": 400, "expected": 920, "error": null}
{"review": "dev-p34-vs-v0", "completed": 401, "expected": 920, "error": null}
{"review": "dev-p34-vs-v0", "completed": 402, "expected": 920, "error": null}
{"review": "dev-p34-vs-v0", "completed": 403, "expected": 920, "error": "Invalid rating schema"}
{"review": "dev-p34-vs-v0", "completed": 404, "expected": 920, "error": null}
{"review": "dev-p34-vs-v0", "completed": 405, "expected": 920, "error": null}
{"review": "dev-p34-vs-v0", "completed": 406, "expected": 920, "error": null}
{"review": "dev-p34-vs-v0", "completed": 407, "expected": 920, "error": null}
{"review": "dev-p34-vs-v0", "completed": 408, "expected": 920, "error": null}
{"review": "dev-p34-vs-v0", "completed": 409, "expected": 920, "error": null}
{"review": "dev-p34-vs-v0", "completed": 410, "expected": 920, "error": null}
{"review": "dev-p34-vs-v0", "completed": 411, "expected": 920, "error": null}
{"review": "dev-p34-vs-v0", "completed": 412, "expected": 920, "error": null}
{"review": "dev-p34-vs-v0", "completed": 413, "expected": 920, "error": null}
{"review": "dev-p34-vs-v0", "completed": 414, "expected": 920, "error": null}
{"review": "dev-p34-vs-v0", "completed": 415, "expected": 920, "error": null}
{"review": "dev-p34-vs-v0", "completed": 416, "expected": 920, "error": null}
{"review": "dev-p34-vs-v0", "completed": 417, "expected": 920, "error": null}
{"review": "dev-p34-vs-v0", "completed": 418, "expected": 920, "error": null}
{"review": "dev-p34-vs-v0", "completed": 419, "expected": 920, "error": null}
{"review": "dev-p34-vs-v0", "completed": 420, "expected": 920, "error": null}
{"review": "dev-p34-vs-v0", "completed": 421, "expected": 920, "error": null}
{"review": "dev-p34-vs-v0", "completed": 422, "expected": 920, "error": null}
{"review": "dev-p34-vs-v0", "completed": 423, "expected": 920, "error": null}
{"review": "dev-p34-vs-v0", "completed": 424, "expected": 920, "error": null}
{"review": "dev-p34-vs-v0", "completed": 425, "expected": 920, "error": null}
{"review": "dev-p34-vs-v0", "completed": 426, "expected": 920, "error": null}
{"review": "dev-p34-vs-v0", "completed": 427, "expected": 920, "error": null}
{"review": "dev-p34-vs-v0", "completed": 428, "expected": 920, "error": null}
{"review": "dev-p34-vs-v0", "completed": 429, "expected": 920, "error": null}
{"review": "dev-p34-vs-v0", "completed": 430, "expected": 920, "error": null}
{"review": "dev-p34-vs-v0", "completed": 431, "expected": 920, "error": null}
{"review": "dev-p34-vs-v0", "completed": 432, "expected": 920, "error": null}
{"review": "dev-p34-vs-v0", "completed": 433, "expected": 920, "error": null}
{"review": "dev-p34-vs-v0", "completed": 434, "expected": 920, "error": null}
{"review": "dev-p34-vs-v0", "completed": 435, "expected": 920, "error": null}
{"review": "dev-p34-vs-v0", "completed": 436, "expected": 920, "error": null}
{"review": "dev-p34-vs-v0", "completed": 437, "expected": 920, "error": null}
{"review": "dev-p34-vs-v0", "completed": 438, "expected": 920, "error": null}
{"review": "dev-p34-vs-v0", "completed": 439, "expected": 920, "error": null}
{"review": "dev-p34-vs-v0", "completed": 440, "expected": 920, "error": null}
{"review": "dev-p34-vs-v0", "completed": 441, "expected": 920, "error": null}
{"review": "dev-p34-vs-v0", "completed": 442, "expected": 920, "error": null}
{"review": "dev-p34-vs-v0", "completed": 443, "expected": 920, "error": null}
{"review": "dev-p34-vs-v0", "completed": 444, "expected": 920, "error": null}
{"review": "dev-p34-vs-v0", "completed": 445, "expected": 920, "error": null}
{"review": "dev-p34-vs-v0", "completed": 446, "expected": 920, "error": null}
{"review": "dev-p34-vs-v0", "completed": 447, "expected": 920, "error": null}
{"review": "dev-p34-vs-v0", "completed": 448, "expected": 920, "error": null}
{"review": "dev-p34-vs-v0", "completed": 449, "expected": 920, "error": null}
{"review": "dev-p34-vs-v0", "completed": 450, "expected": 920, "error": null}
{"review": "dev-p34-vs-v0", "completed": 451, "expected": 920, "error": null}
{"review": "dev-p34-vs-v0", "completed": 452, "expected": 920, "error": null}
{"review": "dev-p34-vs-v0", "completed": 453, "expected": 920, "error": null}
{"review": "dev-p34-vs-v0", "completed": 454, "expected": 920, "error": null}
{"review": "dev-p34-vs-v0", "completed": 455, "expected": 920, "error": null}
{"review": "dev-p34-vs-v0", "completed": 456, "expected": 920, "error": null}
{"review": "dev-p34-vs-v0", "completed": 457, "expected": 920, "error": null}
{"review": "dev-p34-vs-v0", "completed": 458, "expected": 920, "error": null}
{"review": "dev-p34-vs-v0", "completed": 459, "expected": 920, "error": null}
{"review": "dev-p34-vs-v0", "completed": 460, "expected": 920, "error": null}
{"review": "dev-p34-vs-v0", "completed": 461, "expected": 920, "error": "JSONDecodeError"}
{"review": "dev-p34-vs-v0", "completed": 462, "expected": 920, "error": null}
{"review": "dev-p34-vs-v0", "completed": 463, "expected": 920, "error": null}
{"review": "dev-p34-vs-v0", "completed": 464, "expected": 920, "error": null}
{"review": "dev-p34-vs-v0", "completed": 465, "expected": 920, "error": null}
{"review": "dev-p34-vs-v0", "completed": 466, "expected": 920, "error": null}
{"review": "dev-p34-vs-v0", "completed": 467, "expected": 920, "error": null}
{"review": "dev-p34-vs-v0", "completed": 468, "expected": 920, "error": null}
{"review": "dev-p34-vs-v0", "completed": 469, "expected": 920, "error": null}
{"review": "dev-p34-vs-v0", "completed": 470, "expected": 920, "error": null}
{"review": "dev-p34-vs-v0", "completed": 471, "expected": 920, "error": null}
{"review": "dev-p34-vs-v0", "completed": 472, "expected": 920, "error": null}
{"review": "dev-p34-vs-v0", "completed": 473, "expected": 920, "error": null}
{"review": "dev-p34-vs-v0", "completed": 474, "expected": 920, "error": null}
{"review": "dev-p34-vs-v0", "completed": 475, "expected": 920, "error": null}
{"review": "dev-p34-vs-v0", "completed": 476, "expected": 920, "error": null}
{"review": "dev-p34-vs-v0", "completed": 477, "expected": 920, "error": null}
{"review": "dev-p34-vs-v0", "completed": 478, "expected": 920, "error": null}
{"review": "dev-p34-vs-v0", "completed": 479, "expected": 920, "error": null}
{"review": "dev-p34-vs-v0", "completed": 480, "expected": 920, "error": null}
{"review": "dev-p34-vs-v0", "completed": 481, "expected": 920, "error": null}
{"review": "dev-p34-vs-v0", "completed": 482, "expected": 920, "error": null}
{"review": "dev-p34-vs-v0", "completed": 483, "expected": 920, "error": null}
{"review": "dev-p34-vs-v0", "completed": 484, "expected": 920, "error": null}
{"review": "dev-p34-vs-v0", "completed": 485, "expected": 920, "error": null}
{"review": "dev-p34-vs-v0", "completed": 486, "expected": 920, "error": null}
{"review": "dev-p34-vs-v0", "completed": 487, "expected": 920, "error": null}
{"review": "dev-p34-vs-v0", "completed": 488, "expected": 920, "error": null}
{"review": "dev-p34-vs-v0", "completed": 489, "expected": 920, "error": null}
{"review": "dev-p34-vs-v0", "completed": 490, "expected": 920, "error": null}
{"review": "dev-p34-vs-v0", "completed": 491, "expected": 920, "error": null}
{"review": "dev-p34-vs-v0", "completed": 492, "expected": 920, "error": null}
{"review": "dev-p34-vs-v0", "completed": 493, "expected": 920, "error": null}
{"review": "dev-p34-vs-v0", "completed": 494, "expected": 920, "error": null}
{"review": "dev-p34-vs-v0", "completed": 495, "expected": 920, "error": null}
{"review": "dev-p34-vs-v0", "completed": 496, "expected": 920, "error": null}
{"review": "dev-p34-vs-v0", "completed": 497, "expected": 920, "error": null}
{"review": "dev-p34-vs-v0", "completed": 498, "expected": 920, "error": null}
{"review": "dev-p34-vs-v0", "completed": 499, "expected": 920, "error": null}
{"review": "dev-p34-vs-v0", "completed": 500, "expected": 920, "error": null}
{"review": "dev-p34-vs-v0", "completed": 501, "expected": 920, "error": null}
{"review": "dev-p34-vs-v0", "completed": 502, "expected": 920, "error": null}
{"review": "dev-p34-vs-v0", "completed": 503, "expected": 920, "error": null}
{"review": "dev-p34-vs-v0", "completed": 504, "expected": 920, "error": null}
{"review": "dev-p34-vs-v0", "completed": 505, "expected": 920, "error": null}
{"review": "dev-p34-vs-v0", "completed": 506, "expected": 920, "error": null}
{"review": "dev-p34-vs-v0", "completed": 507, "expected": 920, "error": null}
{"review": "dev-p34-vs-v0", "completed": 508, "expected": 920, "error": null}
{"review": "dev-p34-vs-v0", "completed": 509, "expected": 920, "error": null}
{"review": "dev-p34-vs-v0", "completed": 510, "expected": 920, "error": null}
{"review": "dev-p34-vs-v0", "completed": 511, "expected": 920, "error": "JSONDecodeError"}
{"review": "dev-p34-vs-v0", "completed": 512, "expected": 920, "error": null}
{"review": "dev-p34-vs-v0", "completed": 513, "expected": 920, "error": null}
{"review": "dev-p34-vs-v0", "completed": 514, "expected": 920, "error": null}
{"review": "dev-p34-vs-v0", "completed": 515, "expected": 920, "error": null}
{"review": "dev-p34-vs-v0", "completed": 516, "expected": 920, "error": null}
{"review": "dev-p34-vs-v0", "completed": 517, "expected": 920, "error": null}
{"review": "dev-p34-vs-v0", "completed": 518, "expected": 920, "error": null}
{"review": "dev-p34-vs-v0", "completed": 519, "expected": 920, "error": null}
{"review": "dev-p34-vs-v0", "completed": 520, "expected": 920, "error": null}
{"review": "dev-p34-vs-v0", "completed": 521, "expected": 920, "error": null}
{"review": "dev-p34-vs-v0", "completed": 522, "expected": 920, "error": null}
{"review": "dev-p34-vs-v0", "completed": 523, "expected": 920, "error": null}
{"review": "dev-p34-vs-v0", "completed": 524, "expected": 920, "error": null}
{"review": "dev-p34-vs-v0", "completed": 525, "expected": 920, "error": null}
{"review": "dev-p34-vs-v0", "completed": 526, "expected": 920, "error": null}
{"review": "dev-p34-vs-v0", "completed": 527, "expected": 920, "error": null}
{"review": "dev-p34-vs-v0", "completed": 528, "expected": 920, "error": null}
{"review": "dev-p34-vs-v0", "completed": 529, "expected": 920, "error": null}
{"review": "dev-p34-vs-v0", "completed": 530, "expected": 920, "error": null}
{"review": "dev-p34-vs-v0", "completed": 531, "expected": 920, "error": null}
{"review": "dev-p34-vs-v0", "completed": 532, "expected": 920, "error": null}
{"review": "dev-p34-vs-v0", "completed": 533, "expected": 920, "error": null}
{"review": "dev-p34-vs-v0", "completed": 534, "expected": 920, "error": null}
{"review": "dev-p34-vs-v0", "completed": 535, "expected": 920, "error": null}
{"review": "dev-p34-vs-v0", "completed": 536, "expected": 920, "error": null}
{"review": "dev-p34-vs-v0", "completed": 537, "expected": 920, "error": null}
{"review": "dev-p34-vs-v0", "completed": 538, "expected": 920, "error": null}
{"review": "dev-p34-vs-v0", "completed": 539, "expected": 920, "error": null}
{"review": "dev-p34-vs-v0", "completed": 540, "expected": 920, "error": null}
{"review": "dev-p34-vs-v0", "completed": 541, "expected": 920, "error": null}
{"review": "dev-p34-vs-v0", "completed": 542, "expected": 920, "error": null}
{"review": "dev-p34-vs-v0", "completed": 543, "expected": 920, "error": null}
{"review": "dev-p34-vs-v0", "completed": 544, "expected": 920, "error": null}
{"review": "dev-p34-vs-v0", "completed": 545, "expected": 920, "error": null}
{"review": "dev-p34-vs-v0", "completed": 546, "expected": 920, "error": null}
{"review": "dev-p34-vs-v0", "completed": 547, "expected": 920, "error": null}
{"review": "dev-p34-vs-v0", "completed": 548, "expected": 920, "error": null}
{"review": "dev-p34-vs-v0", "completed": 549, "expected": 920, "error": null}
{"review": "dev-p34-vs-v0", "completed": 550, "expected": 920, "error": null}
{"review": "dev-p34-vs-v0", "completed": 551, "expected": 920, "error": null}
{"review": "dev-p34-vs-v0", "completed": 552, "expected": 920, "error": null}
{"review": "dev-p34-vs-v0", "completed": 553, "expected": 920, "error": null}
{"review": "dev-p34-vs-v0", "completed": 554, "expected": 920, "error": null}
{"review": "dev-p34-vs-v0", "completed": 555, "expected": 920, "error": null}
{"review": "dev-p34-vs-v0", "completed": 556, "expected": 920, "error": null}
{"review": "dev-p34-vs-v0", "completed": 557, "expected": 920, "error": null}
{"review": "dev-p34-vs-v0", "completed": 558, "expected": 920, "error": null}
{"review": "dev-p34-vs-v0", "completed": 559, "expected": 920, "error": null}
{"review": "dev-p34-vs-v0", "completed": 560, "expected": 920, "error": null}
{"review": "dev-p34-vs-v0", "completed": 561, "expected": 920, "error": null}
{"review": "dev-p34-vs-v0", "completed": 562, "expected": 920, "error": null}
{"review": "dev-p34-vs-v0", "completed": 563, "expected": 920, "error": null}
{"review": "dev-p34-vs-v0", "completed": 564, "expected": 920, "error": null}
{"review": "dev-p34-vs-v0", "completed": 565, "expected": 920, "error": null}
{"review": "dev-p34-vs-v0", "completed": 566, "expected": 920, "error": null}
{"review": "dev-p34-vs-v0", "completed": 567, "expected": 920, "error": null}
{"review": "dev-p34-vs-v0", "completed": 568, "expected": 920, "error": null}
{"review": "dev-p34-vs-v0", "completed": 569, "expected": 920, "error": null}
{"review": "dev-p34-vs-v0", "completed": 570, "expected": 920, "error": null}
{"review": "dev-p34-vs-v0", "completed": 571, "expected": 920, "error": null}
{"review": "dev-p34-vs-v0", "completed": 572, "expected": 920, "error": null}
{"review": "dev-p34-vs-v0", "completed": 573, "expected": 920, "error": null}
{"review": "dev-p34-vs-v0", "completed": 574, "expected": 920, "error": null}
{"review": "dev-p34-vs-v0", "completed": 575, "expected": 920, "error": null}
{"review": "dev-p34-vs-v0", "completed": 576, "expected": 920, "error": null}
{"review": "dev-p34-vs-v0", "completed": 577, "expected": 920, "error": null}
{"review": "dev-p34-vs-v0", "completed": 578, "expected": 920, "error": null}
Traceback (most recent call last):
  File "/root/work/work/cockpit-scene-orchestration-latest/part1-generation-framework/studies/round3/run_judges_fast.py", line 24, in <module>
    res = J.run_review(name, samples, models, sys.argv[-1])
          ^^^^^^^^^^^^^^^^^^^^^^^^^^^^^^^^^^^^^^^^^^^^^^^^^
  File "/root/work/work/cockpit-scene-orchestration-latest/part1-generation-framework/studies/round3/review.py", line 165, in run_review
    for result in pool.map(work,jobs):
  File "/usr/lib/python3.12/concurrent/futures/_base.py", line 619, in result_iterator
    yield _result_or_cancel(fs.pop())
          ^^^^^^^^^^^^^^^^^^^^^^^^^^^
  File "/usr/lib/python3.12/concurrent/futures/_base.py", line 317, in _result_or_cancel
    return fut.result(timeout)
           ^^^^^^^^^^^^^^^^^^^
  File "/usr/lib/python3.12/concurrent/futures/_base.py", line 449, in result
    return self.__get_result()
           ^^^^^^^^^^^^^^^^^^^
  File "/usr/lib/python3.12/concurrent/futures/_base.py", line 401, in __get_result
    raise self._exception
  File "/usr/lib/python3.12/concurrent/futures/thread.py", line 58, in run
    result = self.fn(*self.args, **self.kwargs)
             ^^^^^^^^^^^^^^^^^^^^^^^^^^^^^^^^^^
  File "/root/work/work/cockpit-scene-orchestration-latest/part1-generation-framework/studies/round3/review.py", line 160, in work
    result=call(*job,key,budget,name)
           ^^^^^^^^^^^^^^^^^^^^^^^^^^
  File "/root/work/work/cockpit-scene-orchestration-latest/part1-generation-framework/studies/round3/review.py", line 98, in call
    index=budget.start(model,[run,sample["sample_id"]],RUBRIC+text,2300)
          ^^^^^^^^^^^^^^^^^^^^^^^^^^^^^^^^^^^^^^^^^^^^^^^^^^^^^^^^^^^^^^
  File "/root/work/work/cockpit-scene-orchestration-latest/part1-generation-framework/studies/round3/review.py", line 83, in start
    if len(self.data["attempts"])>=self.data["max_calls"] or sum(a.get("charged",a["upper"]) for a in self.data["attempts"])+upper>self.data["max_usd"]:raise RuntimeError("STOP: review budget")
                                                                                                                                                        ^^^^^^^^^^^^^^^^^^^^^^^^^^^^^^^^^^^^^^^^^
RuntimeError: STOP: review budget
{"review": "dev-p34-vs-v0", "completed": 593, "expected": 920, "error": null}
{"review": "dev-p34-vs-v0", "completed": 594, "expected": 920, "error": null}
{"review": "dev-p34-vs-v0", "completed": 595, "expected": 920, "error": null}
{"review": "dev-p34-vs-v0", "completed": 596, "expected": 920, "error": null}
{"review": "dev-p34-vs-v0", "completed": 597, "expected": 920, "error": null}
{"review": "dev-p34-vs-v0", "completed": 598, "expected": 920, "error": null}
{"review": "dev-p34-vs-v0", "completed": 599, "expected": 920, "error": null}
{"review": "dev-p34-vs-v0", "completed": 600, "expected": 920, "error": null}
{"review": "dev-p34-vs-v0", "completed": 601, "expected": 920, "error": null}
{"review": "dev-p34-vs-v0", "completed": 602, "expected": 920, "error": null}
{"review": "dev-p34-vs-v0", "completed": 603, "expected": 920, "error": null}
{"review": "dev-p34-vs-v0", "completed": 604, "expected": 920, "error": null}
{"review": "dev-p34-vs-v0", "completed": 605, "expected": 920, "error": "Invalid rating schema"}
{"review": "dev-p34-vs-v0", "completed": 606, "expected": 920, "error": null}
{"review": "dev-p34-vs-v0", "completed": 607, "expected": 920, "error": null}
{"review": "dev-p34-vs-v0", "completed": 608, "expected": 920, "error": null}
{"review": "dev-p34-vs-v0", "completed": 609, "expected": 920, "error": null}
{"review": "dev-p34-vs-v0", "completed": 610, "expected": 920, "error": null}
{"review": "dev-p34-vs-v0", "completed": 611, "expected": 920, "error": null}
{"review": "dev-p34-vs-v0", "completed": 612, "expected": 920, "error": null}
{"review": "dev-p34-vs-v0", "completed": 613, "expected": 920, "error": null}
{"review": "dev-p34-vs-v0", "completed": 614, "expected": 920, "error": null}
{"review": "dev-p34-vs-v0", "completed": 615, "expected": 920, "error": null}
{"review": "dev-p34-vs-v0", "completed": 616, "expected": 920, "error": null}
{"review": "dev-p34-vs-v0", "completed": 617, "expected": 920, "error": null}
{"review": "dev-p34-vs-v0", "completed": 618, "expected": 920, "error": null}
{"review": "dev-p34-vs-v0", "completed": 619, "expected": 920, "error": null}
{"review": "dev-p34-vs-v0", "completed": 620, "expected": 920, "error": null}
{"review": "dev-p34-vs-v0", "completed": 621, "expected": 920, "error": null}
{"review": "dev-p34-vs-v0", "completed": 622, "expected": 920, "error": null}
{"review": "dev-p34-vs-v0", "completed": 623, "expected": 920, "error": null}
{"review": "dev-p34-vs-v0", "completed": 624, "expected": 920, "error": null}
{"review": "dev-p34-vs-v0", "completed": 625, "expected": 920, "error": null}
{"review": "dev-p34-vs-v0", "completed": 626, "expected": 920, "error": null}
{"review": "dev-p34-vs-v0", "completed": 627, "expected": 920, "error": null}
{"review": "dev-p34-vs-v0", "completed": 628, "expected": 920, "error": null}
{"review": "dev-p34-vs-v0", "completed": 629, "expected": 920, "error": null}
{"review": "dev-p34-vs-v0", "completed": 630, "expected": 920, "error": null}
{"review": "dev-p34-vs-v0", "completed": 631, "expected": 920, "error": null}
{"review": "dev-p34-vs-v0", "completed": 632, "expected": 920, "error": null}
{"review": "dev-p34-vs-v0", "completed": 633, "expected": 920, "error": null}
{"review": "dev-p34-vs-v0", "completed": 634, "expected": 920, "error": null}
{"review": "dev-p34-vs-v0", "completed": 635, "expected": 920, "error": null}
{"review": "dev-p34-vs-v0", "completed": 636, "expected": 920, "error": null}
{"review": "dev-p34-vs-v0", "completed": 637, "expected": 920, "error": null}
{"review": "dev-p34-vs-v0", "completed": 638, "expected": 920, "error": null}
{"review": "dev-p34-vs-v0", "completed": 639, "expected": 920, "error": null}
{"review": "dev-p34-vs-v0", "completed": 640, "expected": 920, "error": null}
{"review": "dev-p34-vs-v0", "completed": 641, "expected": 920, "error": null}
{"review": "dev-p34-vs-v0", "completed": 642, "expected": 920, "error": null}
{"review": "dev-p34-vs-v0", "completed": 643, "expected": 920, "error": null}
{"review": "dev-p34-vs-v0", "completed": 644, "expected": 920, "error": null}
{"review": "dev-p34-vs-v0", "completed": 645, "expected": 920, "error": null}
{"review": "dev-p34-vs-v0", "completed": 646, "expected": 920, "error": null}
{"review": "dev-p34-vs-v0", "completed": 647, "expected": 920, "error": null}
{"review": "dev-p34-vs-v0", "completed": 648, "expected": 920, "error": null}
{"review": "dev-p34-vs-v0", "completed": 649, "expected": 920, "error": null}
{"review": "dev-p34-vs-v0", "completed": 650, "expected": 920, "error": null}
{"review": "dev-p34-vs-v0", "completed": 651, "expected": 920, "error": null}
{"review": "dev-p34-vs-v0", "completed": 652, "expected": 920, "error": null}
{"review": "dev-p34-vs-v0", "completed": 653, "expected": 920, "error": null}
{"review": "dev-p34-vs-v0", "completed": 654, "expected": 920, "error": null}
{"review": "dev-p34-vs-v0", "completed": 655, "expected": 920, "error": null}
{"review": "dev-p34-vs-v0", "completed": 656, "expected": 920, "error": null}
{"review": "dev-p34-vs-v0", "completed": 657, "expected": 920, "error": null}
{"review": "dev-p34-vs-v0", "completed": 658, "expected": 920, "error": null}
{"review": "dev-p34-vs-v0", "completed": 659, "expected": 920, "error": null}
{"review": "dev-p34-vs-v0", "completed": 660, "expected": 920, "error": null}
{"review": "dev-p34-vs-v0", "completed": 661, "expected": 920, "error": null}
{"review": "dev-p34-vs-v0", "completed": 662, "expected": 920, "error": null}
{"review": "dev-p34-vs-v0", "completed": 663, "expected": 920, "error": null}
{"review": "dev-p34-vs-v0", "completed": 664, "expected": 920, "error": null}
{"review": "dev-p34-vs-v0", "completed": 665, "expected": 920, "error": null}
{"review": "dev-p34-vs-v0", "completed": 666, "expected": 920, "error": null}
{"review": "dev-p34-vs-v0", "completed": 667, "expected": 920, "error": null}
{"review": "dev-p34-vs-v0", "completed": 668, "expected": 920, "error": null}
{"review": "dev-p34-vs-v0", "completed": 669, "expected": 920, "error": null}
{"review": "dev-p34-vs-v0", "completed": 670, "expected": 920, "error": null}
{"review": "dev-p34-vs-v0", "completed": 671, "expected": 920, "error": null}
{"review": "dev-p34-vs-v0", "completed": 672, "expected": 920, "error": null}
{"review": "dev-p34-vs-v0", "completed": 673, "expected": 920, "error": null}
{"review": "dev-p34-vs-v0", "completed": 674, "expected": 920, "error": null}
{"review": "dev-p34-vs-v0", "completed": 675, "expected": 920, "error": null}
{"review": "dev-p34-vs-v0", "completed": 676, "expected": 920, "error": null}
{"review": "dev-p34-vs-v0", "completed": 677, "expected": 920, "error": null}
{"review": "dev-p34-vs-v0", "completed": 678, "expected": 920, "error": null}
{"review": "dev-p34-vs-v0", "completed": 679, "expected": 920, "error": null}
{"review": "dev-p34-vs-v0", "completed": 680, "expected": 920, "error": null}
{"review": "dev-p34-vs-v0", "completed": 681, "expected": 920, "error": null}
{"review": "dev-p34-vs-v0", "completed": 682, "expected": 920, "error": null}
{"review": "dev-p34-vs-v0", "completed": 683, "expected": 920, "error": null}
{"review": "dev-p34-vs-v0", "completed": 684, "expected": 920, "error": null}
{"review": "dev-p34-vs-v0", "completed": 685, "expected": 920, "error": null}
{"review": "dev-p34-vs-v0", "completed": 686, "expected": 920, "error": null}
{"review": "dev-p34-vs-v0", "completed": 687, "expected": 920, "error": null}
{"review": "dev-p34-vs-v0", "completed": 688, "expected": 920, "error": null}
{"review": "dev-p34-vs-v0", "completed": 689, "expected": 920, "error": null}
{"review": "dev-p34-vs-v0", "completed": 690, "expected": 920, "error": null}
{"review": "dev-p34-vs-v0", "completed": 691, "expected": 920, "error": null}
{"review": "dev-p34-vs-v0", "completed": 692, "expected": 920, "error": null}
{"review": "dev-p34-vs-v0", "completed": 693, "expected": 920, "error": null}
{"review": "dev-p34-vs-v0", "completed": 694, "expected": 920, "error": null}
{"review": "dev-p34-vs-v0", "completed": 695, "expected": 920, "error": "Invalid rating schema"}
{"review": "dev-p34-vs-v0", "completed": 696, "expected": 920, "error": null}
{"review": "dev-p34-vs-v0", "completed": 697, "expected": 920, "error": null}
{"review": "dev-p34-vs-v0", "completed": 698, "expected": 920, "error": null}
{"review": "dev-p34-vs-v0", "completed": 699, "expected": 920, "error": null}
{"review": "dev-p34-vs-v0", "completed": 700, "expected": 920, "error": null}
{"review": "dev-p34-vs-v0", "completed": 701, "expected": 920, "error": null}
{"review": "dev-p34-vs-v0", "completed": 702, "expected": 920, "error": null}
{"review": "dev-p34-vs-v0", "completed": 703, "expected": 920, "error": null}
{"review": "dev-p34-vs-v0", "completed": 704, "expected": 920, "error": null}
{"review": "dev-p34-vs-v0", "completed": 705, "expected": 920, "error": null}
{"review": "dev-p34-vs-v0", "completed": 706, "expected": 920, "error": null}
{"review": "dev-p34-vs-v0", "completed": 707, "expected": 920, "error": null}
{"review": "dev-p34-vs-v0", "completed": 708, "expected": 920, "error": "JSONDecodeError"}
{"review": "dev-p34-vs-v0", "completed": 709, "expected": 920, "error": null}
{"review": "dev-p34-vs-v0", "completed": 710, "expected": 920, "error": null}
{"review": "dev-p34-vs-v0", "completed": 711, "expected": 920, "error": null}
{"review": "dev-p34-vs-v0", "completed": 712, "expected": 920, "error": null}
{"review": "dev-p34-vs-v0", "completed": 713, "expected": 920, "error": null}
{"review": "dev-p34-vs-v0", "completed": 714, "expected": 920, "error": null}
{"review": "dev-p34-vs-v0", "completed": 715, "expected": 920, "error": null}
{"review": "dev-p34-vs-v0", "completed": 716, "expected": 920, "error": null}
{"review": "dev-p34-vs-v0", "completed": 717, "expected": 920, "error": null}
{"review": "dev-p34-vs-v0", "completed": 718, "expected": 920, "error": null}
{"review": "dev-p34-vs-v0", "completed": 719, "expected": 920, "error": null}
{"review": "dev-p34-vs-v0", "completed": 720, "expected": 920, "error": null}
{"review": "dev-p34-vs-v0", "completed": 721, "expected": 920, "error": null}
{"review": "dev-p34-vs-v0", "completed": 722, "expected": 920, "error": null}
{"review": "dev-p34-vs-v0", "completed": 723, "expected": 920, "error": null}
{"review": "dev-p34-vs-v0", "completed": 724, "expected": 920, "error": null}
{"review": "dev-p34-vs-v0", "completed": 725, "expected": 920, "error": null}
{"review": "dev-p34-vs-v0", "completed": 726, "expected": 920, "error": null}
{"review": "dev-p34-vs-v0", "completed": 727, "expected": 920, "error": null}
{"review": "dev-p34-vs-v0", "completed": 728, "expected": 920, "error": null}
{"review": "dev-p34-vs-v0", "completed": 729, "expected": 920, "error": null}
{"review": "dev-p34-vs-v0", "completed": 730, "expected": 920, "error": null}
{"review": "dev-p34-vs-v0", "completed": 731, "expected": 920, "error": null}
{"review": "dev-p34-vs-v0", "completed": 732, "expected": 920, "error": null}
{"review": "dev-p34-vs-v0", "completed": 733, "expected": 920, "error": null}
{"review": "dev-p34-vs-v0", "completed": 734, "expected": 920, "error": null}
{"review": "dev-p34-vs-v0", "completed": 735, "expected": 920, "error": null}
{"review": "dev-p34-vs-v0", "completed": 736, "expected": 920, "error": null}
{"review": "dev-p34-vs-v0", "completed": 737, "expected": 920, "error": null}
{"review": "dev-p34-vs-v0", "completed": 738, "expected": 920, "error": null}
{"review": "dev-p34-vs-v0", "completed": 739, "expected": 920, "error": null}
{"review": "dev-p34-vs-v0", "completed": 740, "expected": 920, "error": null}
{"review": "dev-p34-vs-v0", "completed": 741, "expected": 920, "error": null}
{"review": "dev-p34-vs-v0", "completed": 742, "expected": 920, "error": null}
{"review": "dev-p34-vs-v0", "completed": 743, "expected": 920, "error": null}
{"review": "dev-p34-vs-v0", "completed": 744, "expected": 920, "error": null}
{"review": "dev-p34-vs-v0", "completed": 745, "expected": 920, "error": null}
{"review": "dev-p34-vs-v0", "completed": 746, "expected": 920, "error": null}
{"review": "dev-p34-vs-v0", "completed": 747, "expected": 920, "error": null}
{"review": "dev-p34-vs-v0", "completed": 748, "expected": 920, "error": null}
{"review": "dev-p34-vs-v0", "completed": 749, "expected": 920, "error": null}
{"review": "dev-p34-vs-v0", "completed": 750, "expected": 920, "error": null}
{"review": "dev-p34-vs-v0", "completed": 751, "expected": 920, "error": null}
{"review": "dev-p34-vs-v0", "completed": 752, "expected": 920, "error": null}
{"review": "dev-p34-vs-v0", "completed": 753, "expected": 920, "error": null}
{"review": "dev-p34-vs-v0", "completed": 754, "expected": 920, "error": null}
{"review": "dev-p34-vs-v0", "completed": 755, "expected": 920, "error": null}
{"review": "dev-p34-vs-v0", "completed": 756, "expected": 920, "error": null}
{"review": "dev-p34-vs-v0", "completed": 757, "expected": 920, "error": null}
{"review": "dev-p34-vs-v0", "completed": 758, "expected": 920, "error": null}
{"review": "dev-p34-vs-v0", "completed": 759, "expected": 920, "error": null}
{"review": "dev-p34-vs-v0", "completed": 760, "expected": 920, "error": null}
{"review": "dev-p34-vs-v0", "completed": 761, "expected": 920, "error": null}
{"review": "dev-p34-vs-v0", "completed": 762, "expected": 920, "error": null}
{"review": "dev-p34-vs-v0", "completed": 763, "expected": 920, "error": null}
{"review": "dev-p34-vs-v0", "completed": 764, "expected": 920, "error": null}
{"review": "dev-p34-vs-v0", "completed": 765, "expected": 920, "error": null}
{"review": "dev-p34-vs-v0", "completed": 766, "expected": 920, "error": null}
{"review": "dev-p34-vs-v0", "completed": 767, "expected": 920, "error": null}
{"review": "dev-p34-vs-v0", "completed": 768, "expected": 920, "error": null}
{"review": "dev-p34-vs-v0", "completed": 769, "expected": 920, "error": null}
{"review": "dev-p34-vs-v0", "completed": 770, "expected": 920, "error": null}
{"review": "dev-p34-vs-v0", "completed": 771, "expected": 920, "error": null}
{"review": "dev-p34-vs-v0", "completed": 772, "expected": 920, "error": null}
{"review": "dev-p34-vs-v0", "completed": 773, "expected": 920, "error": null}
{"review": "dev-p34-vs-v0", "completed": 774, "expected": 920, "error": null}
{"review": "dev-p34-vs-v0", "completed": 775, "expected": 920, "error": null}
{"review": "dev-p34-vs-v0", "completed": 776, "expected": 920, "error": null}
{"review": "dev-p34-vs-v0", "completed": 777, "expected": 920, "error": null}
{"review": "dev-p34-vs-v0", "completed": 778, "expected": 920, "error": null}
{"review": "dev-p34-vs-v0", "completed": 779, "expected": 920, "error": "Invalid rating schema"}
{"review": "dev-p34-vs-v0", "completed": 780, "expected": 920, "error": null}
{"review": "dev-p34-vs-v0", "completed": 781, "expected": 920, "error": null}
{"review": "dev-p34-vs-v0", "completed": 782, "expected": 920, "error": null}
{"review": "dev-p34-vs-v0", "completed": 783, "expected": 920, "error": null}
{"review": "dev-p34-vs-v0", "completed": 784, "expected": 920, "error": null}
{"review": "dev-p34-vs-v0", "completed": 785, "expected": 920, "error": null}
{"review": "dev-p34-vs-v0", "completed": 786, "expected": 920, "error": null}
{"review": "dev-p34-vs-v0", "completed": 787, "expected": 920, "error": null}
{"review": "dev-p34-vs-v0", "completed": 788, "expected": 920, "error": null}
{"review": "dev-p34-vs-v0", "completed": 789, "expected": 920, "error": null}
{"review": "dev-p34-vs-v0", "completed": 790, "expected": 920, "error": null}
{"review": "dev-p34-vs-v0", "completed": 791, "expected": 920, "error": null}
{"review": "dev-p34-vs-v0", "completed": 792, "expected": 920, "error": null}
{"review": "dev-p34-vs-v0", "completed": 793, "expected": 920, "error": null}
{"review": "dev-p34-vs-v0", "completed": 794, "expected": 920, "error": null}
{"review": "dev-p34-vs-v0", "completed": 795, "expected": 920, "error": null}
{"review": "dev-p34-vs-v0", "completed": 796, "expected": 920, "error": null}
{"review": "dev-p34-vs-v0", "completed": 797, "expected": 920, "error": null}
{"review": "dev-p34-vs-v0", "completed": 798, "expected": 920, "error": null}
{"review": "dev-p34-vs-v0", "completed": 799, "expected": 920, "error": null}
{"review": "dev-p34-vs-v0", "completed": 800, "expected": 920, "error": null}
{"review": "dev-p34-vs-v0", "completed": 801, "expected": 920, "error": null}
{"review": "dev-p34-vs-v0", "completed": 802, "expected": 920, "error": null}
{"review": "dev-p34-vs-v0", "completed": 803, "expected": 920, "error": null}
{"review": "dev-p34-vs-v0", "completed": 804, "expected": 920, "error": null}
{"review": "dev-p34-vs-v0", "completed": 805, "expected": 920, "error": null}
{"review": "dev-p34-vs-v0", "completed": 806, "expected": 920, "error": null}
{"review": "dev-p34-vs-v0", "completed": 807, "expected": 920, "error": null}
{"review": "dev-p34-vs-v0", "completed": 808, "expected": 920, "error": null}
{"review": "dev-p34-vs-v0", "completed": 809, "expected": 920, "error": null}
{"review": "dev-p34-vs-v0", "completed": 810, "expected": 920, "error": null}
{"review": "dev-p34-vs-v0", "completed": 811, "expected": 920, "error": null}
{"review": "dev-p34-vs-v0", "completed": 812, "expected": 920, "error": null}
{"review": "dev-p34-vs-v0", "completed": 813, "expected": 920, "error": null}
{"review": "dev-p34-vs-v0", "completed": 814, "expected": 920, "error": null}
{"review": "dev-p34-vs-v0", "completed": 815, "expected": 920, "error": null}
{"review": "dev-p34-vs-v0", "completed": 816, "expected": 920, "error": null}
{"review": "dev-p34-vs-v0", "completed": 817, "expected": 920, "error": null}
{"review": "dev-p34-vs-v0", "completed": 818, "expected": 920, "error": null}
{"review": "dev-p34-vs-v0", "completed": 819, "expected": 920, "error": null}
{"review": "dev-p34-vs-v0", "completed": 820, "expected": 920, "error": null}
{"review": "dev-p34-vs-v0", "completed": 821, "expected": 920, "error": null}
{"review": "dev-p34-vs-v0", "completed": 822, "expected": 920, "error": "JSONDecodeError"}
{"review": "dev-p34-vs-v0", "completed": 823, "expected": 920, "error": null}
{"review": "dev-p34-vs-v0", "completed": 824, "expected": 920, "error": null}
{"review": "dev-p34-vs-v0", "completed": 825, "expected": 920, "error": null}
{"review": "dev-p34-vs-v0", "completed": 826, "expected": 920, "error": null}
{"review": "dev-p34-vs-v0", "completed": 827, "expected": 920, "error": null}
{"review": "dev-p34-vs-v0", "completed": 828, "expected": 920, "error": null}
{"review": "dev-p34-vs-v0", "completed": 829, "expected": 920, "error": null}
{"review": "dev-p34-vs-v0", "completed": 830, "expected": 920, "error": null}
{"review": "dev-p34-vs-v0", "completed": 831, "expected": 920, "error": null}
{"review": "dev-p34-vs-v0", "completed": 832, "expected": 920, "error": null}
{"review": "dev-p34-vs-v0", "completed": 833, "expected": 920, "error": null}
{"review": "dev-p34-vs-v0", "completed": 834, "expected": 920, "error": null}
{"review": "dev-p34-vs-v0", "completed": 835, "expected": 920, "error": null}
{"review": "dev-p34-vs-v0", "completed": 836, "expected": 920, "error": null}
{"review": "dev-p34-vs-v0", "completed": 837, "expected": 920, "error": null}
{"review": "dev-p34-vs-v0", "completed": 838, "expected": 920, "error": null}
{"review": "dev-p34-vs-v0", "completed": 839, "expected": 920, "error": null}
{"review": "dev-p34-vs-v0", "completed": 840, "expected": 920, "error": null}
{"review": "dev-p34-vs-v0", "completed": 841, "expected": 920, "error": null}
{"review": "dev-p34-vs-v0", "completed": 842, "expected": 920, "error": null}
{"review": "dev-p34-vs-v0", "completed": 843, "expected": 920, "error": "Invalid rating schema"}
{"review": "dev-p34-vs-v0", "completed": 844, "expected": 920, "error": null}
{"review": "dev-p34-vs-v0", "completed": 845, "expected": 920, "error": null}
{"review": "dev-p34-vs-v0", "completed": 846, "expected": 920, "error": null}
{"review": "dev-p34-vs-v0", "completed": 847, "expected": 920, "error": null}
{"review": "dev-p34-vs-v0", "completed": 848, "expected": 920, "error": null}
{"review": "dev-p34-vs-v0", "completed": 849, "expected": 920, "error": null}
{"review": "dev-p34-vs-v0", "completed": 850, "expected": 920, "error": null}
{"review": "dev-p34-vs-v0", "completed": 851, "expected": 920, "error": null}
{"review": "dev-p34-vs-v0", "completed": 852, "expected": 920, "error": null}
{"review": "dev-p34-vs-v0", "completed": 853, "expected": 920, "error": null}
{"review": "dev-p34-vs-v0", "completed": 854, "expected": 920, "error": null}
{"review": "dev-p34-vs-v0", "completed": 855, "expected": 920, "error": null}
{"review": "dev-p34-vs-v0", "completed": 856, "expected": 920, "error": null}
{"review": "dev-p34-vs-v0", "completed": 857, "expected": 920, "error": null}
{"review": "dev-p34-vs-v0", "completed": 858, "expected": 920, "error": null}
{"review": "dev-p34-vs-v0", "completed": 859, "expected": 920, "error": null}
{"review": "dev-p34-vs-v0", "completed": 860, "expected": 920, "error": null}
{"review": "dev-p34-vs-v0", "completed": 861, "expected": 920, "error": null}
{"review": "dev-p34-vs-v0", "completed": 862, "expected": 920, "error": null}
{"review": "dev-p34-vs-v0", "completed": 863, "expected": 920, "error": null}
{"review": "dev-p34-vs-v0", "completed": 864, "expected": 920, "error": null}
{"review": "dev-p34-vs-v0", "completed": 865, "expected": 920, "error": null}
{"review": "dev-p34-vs-v0", "completed": 866, "expected": 920, "error": null}
{"review": "dev-p34-vs-v0", "completed": 867, "expected": 920, "error": null}
{"review": "dev-p34-vs-v0", "completed": 868, "expected": 920, "error": null}
{"review": "dev-p34-vs-v0", "completed": 869, "expected": 920, "error": null}
{"review": "dev-p34-vs-v0", "completed": 870, "expected": 920, "error": null}
{"review": "dev-p34-vs-v0", "completed": 871, "expected": 920, "error": null}
{"review": "dev-p34-vs-v0", "completed": 872, "expected": 920, "error": null}
{"review": "dev-p34-vs-v0", "completed": 873, "expected": 920, "error": "Invalid rating schema"}
{"review": "dev-p34-vs-v0", "completed": 874, "expected": 920, "error": null}
{"review": "dev-p34-vs-v0", "completed": 875, "expected": 920, "error": null}
{"review": "dev-p34-vs-v0", "completed": 876, "expected": 920, "error": null}
{"review": "dev-p34-vs-v0", "completed": 877, "expected": 920, "error": null}
{"review": "dev-p34-vs-v0", "completed": 878, "expected": 920, "error": null}
{"review": "dev-p34-vs-v0", "completed": 879, "expected": 920, "error": null}
{"review": "dev-p34-vs-v0", "completed": 880, "expected": 920, "error": null}
{"review": "dev-p34-vs-v0", "completed": 881, "expected": 920, "error": null}
{"review": "dev-p34-vs-v0", "completed": 882, "expected": 920, "error": null}
{"review": "dev-p34-vs-v0", "completed": 883, "expected": 920, "error": null}
{"review": "dev-p34-vs-v0", "completed": 884, "expected": 920, "error": null}
{"review": "dev-p34-vs-v0", "completed": 885, "expected": 920, "error": null}
{"review": "dev-p34-vs-v0", "completed": 886, "expected": 920, "error": null}
{"review": "dev-p34-vs-v0", "completed": 887, "expected": 920, "error": null}
{"review": "dev-p34-vs-v0", "completed": 888, "expected": 920, "error": null}
{"review": "dev-p34-vs-v0", "completed": 889, "expected": 920, "error": null}
{"review": "dev-p34-vs-v0", "completed": 890, "expected": 920, "error": null}
{"review": "dev-p34-vs-v0", "completed": 891, "expected": 920, "error": null}
{"review": "dev-p34-vs-v0", "completed": 892, "expected": 920, "error": null}
{"review": "dev-p34-vs-v0", "completed": 893, "expected": 920, "error": null}
{"review": "dev-p34-vs-v0", "completed": 894, "expected": 920, "error": null}
{"review": "dev-p34-vs-v0", "completed": 895, "expected": 920, "error": null}
{"review": "dev-p34-vs-v0", "completed": 896, "expected": 920, "error": null}
{"review": "dev-p34-vs-v0", "completed": 897, "expected": 920, "error": null}
{"review": "dev-p34-vs-v0", "completed": 898, "expected": 920, "error": null}
{"review": "dev-p34-vs-v0", "completed": 899, "expected": 920, "error": null}
{"review": "dev-p34-vs-v0", "completed": 900, "expected": 920, "error": null}
{"review": "dev-p34-vs-v0", "completed": 901, "expected": 920, "error": null}
{"review": "dev-p34-vs-v0", "completed": 902, "expected": 920, "error": null}
{"review": "dev-p34-vs-v0", "completed": 903, "expected": 920, "error": null}
{"review": "dev-p34-vs-v0", "completed": 904, "expected": 920, "error": null}
{"review": "dev-p34-vs-v0", "completed": 905, "expected": 920, "error": null}
{"review": "dev-p34-vs-v0", "completed": 906, "expected": 920, "error": null}
{"review": "dev-p34-vs-v0", "completed": 907, "expected": 920, "error": null}
{"review": "dev-p34-vs-v0", "completed": 908, "expected": 920, "error": null}
{"review": "dev-p34-vs-v0", "completed": 909, "expected": 920, "error": null}
{"review": "dev-p34-vs-v0", "completed": 910, "expected": 920, "error": null}
{"review": "dev-p34-vs-v0", "completed": 911, "expected": 920, "error": null}
{"review": "dev-p34-vs-v0", "completed": 912, "expected": 920, "error": null}
{"review": "dev-p34-vs-v0", "completed": 913, "expected": 920, "error": null}
{"review": "dev-p34-vs-v0", "completed": 914, "expected": 920, "error": null}
{"review": "dev-p34-vs-v0", "completed": 915, "expected": 920, "error": null}
{"review": "dev-p34-vs-v0", "completed": 916, "expected": 920, "error": null}
{"review": "dev-p34-vs-v0", "completed": 917, "expected": 920, "error": null}
{"review": "dev-p34-vs-v0", "completed": 918, "expected": 920, "error": null}
{"review": "dev-p34-vs-v0", "completed": 919, "expected": 920, "error": null}
{"review": "dev-p34-vs-v0", "completed": 920, "expected": 920, "error": null}
{"review": "dev-p34-vs-v0", "completed": 921, "expected": 920, "error": null}
{"review": "dev-p34-vs-v0", "completed": 922, "expected": 920, "error": null}
{"review": "dev-p34-vs-v0", "completed": 923, "expected": 920, "error": null}
{"review": "dev-p34-vs-v0", "completed": 924, "expected": 920, "error": null}
{"review": "dev-p34-vs-v0", "completed": 925, "expected": 920, "error": null}
{"review": "dev-p34-vs-v0", "completed": 926, "expected": 920, "error": null}
{"review": "dev-p34-vs-v0", "completed": 927, "expected": 920, "error": null}
{"review": "dev-p34-vs-v0", "completed": 928, "expected": 920, "error": null}
{"review": "dev-p34-vs-v0", "completed": 929, "expected": 920, "error": null}
{"run": "dev-p34-vs-v0", "records": 929, "errors": 16}
