{"review": "dev-p29-vs-v0", "completed": 1, "expected": 320, "error": null}
{"review": "dev-p29-vs-v0", "completed": 2, "expected": 320, "error": null}
{"review": "dev-p29-vs-v0", "completed": 3, "expected": 320, "error": null}
{"review": "dev-p29-vs-v0", "completed": 4, "expected": 320, "error": null}
{"review": "dev-p29-vs-v0", "completed": 5, "expected": 320, "error": null}
{"review": "dev-p29-vs-v0", "completed": 6, "expected": 320, "error": null}
{"review": "dev-p29-vs-v0", "completed": 7, "expected": 320, "error": null}
{"review": "dev-p29-vs-v0", "completed": 8, "expected": 320, "error": null}
{"review": "dev-p29-vs-v0", "completed": 9, "expected": 320, "error": null}
{"review": "dev-p29-vs-v0", "completed": 10, "expected": 320, "error": null}
{"review": "dev-p29-vs-v0", "completed": 11, "expected": 320, "error": null}
{"review": "dev-p29-vs-v0", "completed": 12, "expected": 320, "error": null}
{"review": "dev-p29-vs-v0", "completed": 13, "expected": 320, "error": null}
{"review": "dev-p29-vs-v0", "completed": 14, "expected": 320, "error": null}
{"review": "dev-p29-vs-v0", "completed": 15, "expected": 320, "error": null}
{"review": "dev-p29-vs-v0", "completed": 16, "expected": 320, "error": null}
{"review": "dev-p29-vs-v0", "completed": 17, "expected": 320, "error": null}
{"review": "dev-p29-vs-v0", "completed": 18, "expected": 320, "error": null}
{"review": "dev-p29-vs-v0", "completed": 19, "expected": 320, "error": null}
{"review": "dev-p29-vs-v0", "completed": 20, "expected": 320, "error": null}
{"review": "dev-p29-vs-v0", "completed": 21, "expected": 320, "error": null}
{"review": "dev-p29-vs-v0", "completed": 22, "expected": 320, "error": null}
{"review": "dev-p29-vs-v0", "completed": 23, "expected": 320, "error": null}
{"review": "dev-p29-vs-v0", "completed": 24, "expected": 320, "error": null}
{"review": "dev-p29-vs-v0", "completed": 25, "expected": 320, "error": null}
{"review": "dev-p29-vs-v0", "completed": 26, "expected": 320, "error": null}
{"review": "dev-p29-vs-v0", "completed": 27, "expected": 320, "error": null}
{"review": "dev-p29-vs-v0", "completed": 28, "expected": 320, "error": null}
{"review": "dev-p29-vs-v0", "completed": 29, "expected": 320, "error": null}
{"review": "dev-p29-vs-v0", "completed": 30, "expected": 320, "error": null}
{"review": "dev-p29-vs-v0", "completed": 31, "expected": 320, "error": null}
{"review": "dev-p29-vs-v0", "completed": 32, "expected": 320, "error": null}
{"review": "dev-p29-vs-v0", "completed": 33, "expected": 320, "error": null}
{"review": "dev-p29-vs-v0", "completed": 34, "expected": 320, "error": null}
{"review": "dev-p29-vs-v0", "completed": 35, "expected": 320, "error": null}
{"review": "dev-p29-vs-v0", "completed": 36, "expected": 320, "error": null}
{"review": "dev-p29-vs-v0", "completed": 37, "expected": 320, "error": null}
{"review": "dev-p29-vs-v0", "completed": 38, "expected": 320, "error": null}
{"review": "dev-p29-vs-v0", "completed": 39, "expected": 320, "error": null}
{"review": "dev-p29-vs-v0", "completed": 40, "expected": 320, "error": null}
{"review": "dev-p29-vs-v0", "completed": 41, "expected": 320, "error": null}
{"review": "dev-p29-vs-v0", "completed": 42, "expected": 320, "error": null}
{"review": "dev-p29-vs-v0", "completed": 43, "expected": 320, "error": null}
{"review": "dev-p29-vs-v0", "completed": 44, "expected": 320, "error": null}
{"review": "dev-p29-vs-v0", "completed": 45, "expected": 320, "error": null}
{"review": "dev-p29-vs-v0", "completed": 46, "expected": 320, "error": null}
{"review": "dev-p29-vs-v0", "completed": 47, "expected": 320, "error": null}
{"review": "dev-p29-vs-v0", "completed": 48, "expected": 320, "error": null}
{"review": "dev-p29-vs-v0", "completed": 49, "expected": 320, "error": null}
{"review": "dev-p29-vs-v0", "completed": 50, "expected": 320, "error": null}
{"review": "dev-p29-vs-v0", "completed": 51, "expected": 320, "error": null}
{"review": "dev-p29-vs-v0", "completed": 52, "expected": 320, "error": null}
{"review": "dev-p29-vs-v0", "completed": 53, "expected": 320, "error": null}
{"review": "dev-p29-vs-v0", "completed": 54, "expected": 320, "error": null}
{"review": "dev-p29-vs-v0", "completed": 55, "expected": 320, "error": null}
{"review": "dev-p29-vs-v0", "completed": 56, "expected": 320, "error": null}
{"review": "dev-p29-vs-v0", "completed": 57, "expected": 320, "error": null}
{"review": "dev-p29-vs-v0", "completed": 58, "expected": 320, "error": null}
{"review": "dev-p29-vs-v0", "completed": 59, "expected": 320, "error": null}
{"review": "dev-p29-vs-v0", "completed": 60, "expected": 320, "error": null}
{"review": "dev-p29-vs-v0", "completed": 61, "expected": 320, "error": null}
{"review": "dev-p29-vs-v0", "completed": 62, "expected": 320, "error": null}
{"review": "dev-p29-vs-v0", "completed": 63, "expected": 320, "error": null}
{"review": "dev-p29-vs-v0", "completed": 64, "expected": 320, "error": null}
{"review": "dev-p29-vs-v0", "completed": 65, "expected": 320, "error": null}
{"review": "dev-p29-vs-v0", "completed": 66, "expected": 320, "error": null}
{"review": "dev-p29-vs-v0", "completed": 67, "expected": 320, "error": null}
{"review": "dev-p29-vs-v0", "completed": 68, "expected": 320, "error": null}
{"review": "dev-p29-vs-v0", "completed": 69, "expected": 320, "error": null}
{"review": "dev-p29-vs-v0", "completed": 70, "expected": 320, "error": null}
{"review": "dev-p29-vs-v0", "completed": 71, "expected": 320, "error": null}
{"review": "dev-p29-vs-v0", "completed": 72, "expected": 320, "error": null}
{"review": "dev-p29-vs-v0", "completed": 73, "expected": 320, "error": null}
{"review": "dev-p29-vs-v0", "completed": 74, "expected": 320, "error": null}
{"review": "dev-p29-vs-v0", "completed": 75, "expected": 320, "error": null}
{"review": "dev-p29-vs-v0", "completed": 76, "expected": 320, "error": null}
{"review": "dev-p29-vs-v0", "completed": 77, "expected": 320, "error": null}
{"review": "dev-p29-vs-v0", "completed": 78, "expected": 320, "error": null}
{"review": "dev-p29-vs-v0", "completed": 79, "expected": 320, "error": null}
{"review": "dev-p29-vs-v0", "completed": 80, "expected": 320, "error": null}
{"review": "dev-p29-vs-v0", "completed": 81, "expected": 320, "error": null}
{"review": "dev-p29-vs-v0", "completed": 82, "expected": 320, "error": null}
{"review": "dev-p29-vs-v0", "completed": 83, "expected": 320, "error": null}
{"review": "dev-p29-vs-v0", "completed": 84, "expected": 320, "error": null}
{"review": "dev-p29-vs-v0", "completed": 85, "expected": 320, "error": null}
{"review": "dev-p29-vs-v0", "completed": 86, "expected": 320, "error": null}
{"review": "dev-p29-vs-v0", "completed": 87, "expected": 320, "error": null}
{"review": "dev-p29-vs-v0", "completed": 88, "expected": 320, "error": null}
{"review": "dev-p29-vs-v0", "completed": 89, "expected": 320, "error": null}
{"review": "dev-p29-vs-v0", "completed": 90, "expected": 320, "error": null}
{"review": "dev-p29-vs-v0", "completed": 91, "expected": 320, "error": null}
{"review": "dev-p29-vs-v0", "completed": 92, "expected": 320, "error": null}
{"review": "dev-p29-vs-v0", "completed": 93, "expected": 320, "error": null}
{"review": "dev-p29-vs-v0", "completed": 94, "expected": 320, "error": null}
{"review": "dev-p29-vs-v0", "completed": 95, "expected": 320, "error": null}
{"review": "dev-p29-vs-v0", "completed": 96, "expected": 320, "error": null}
{"review": "dev-p29-vs-v0", "completed": 97, "expected": 320, "error": null}
{"review": "dev-p29-vs-v0", "completed": 98, "expected": 320, "error": null}
{"review": "dev-p29-vs-v0", "completed": 99, "expected": 320, "error": null}
{"review": "dev-p29-vs-v0", "completed": 100, "expected": 320, "error": null}
{"review": "dev-p29-vs-v0", "completed": 101, "expected": 320, "error": null}
{"review": "dev-p29-vs-v0", "completed": 102, "expected": 320, "error": null}
{"review": "dev-p29-vs-v0", "completed": 103, "expected": 320, "error": null}
{"review": "dev-p29-vs-v0", "completed": 104, "expected": 320, "error": null}
{"review": "dev-p29-vs-v0", "completed": 105, "expected": 320, "error": null}
{"review": "dev-p29-vs-v0", "completed": 106, "expected": 320, "error": null}
{"review": "dev-p29-vs-v0", "completed": 107, "expected": 320, "error": null}
{"review": "dev-p29-vs-v0", "completed": 108, "expected": 320, "error": null}
{"review": "dev-p29-vs-v0", "completed": 109, "expected": 320, "error": "JSONDecodeError"}
{"review": "dev-p29-vs-v0", "completed": 110, "expected": 320, "error": null}
{"review": "dev-p29-vs-v0", "completed": 111, "expected": 320, "error": null}
{"review": "dev-p29-vs-v0", "completed": 112, "expected": 320, "error": "JSONDecodeError"}
{"review": "dev-p29-vs-v0", "completed": 113, "expected": 320, "error": null}
{"review": "dev-p29-vs-v0", "completed": 114, "expected": 320, "error": null}
{"review": "dev-p29-vs-v0", "completed": 115, "expected": 320, "error": null}
{"review": "dev-p29-vs-v0", "completed": 116, "expected": 320, "error": null}
{"review": "dev-p29-vs-v0", "completed": 117, "expected": 320, "error": null}
{"review": "dev-p29-vs-v0", "completed": 118, "expected": 320, "error": null}
{"review": "dev-p29-vs-v0", "completed": 119, "expected": 320, "error": null}
{"review": "dev-p29-vs-v0", "completed": 120, "expected": 320, "error": null}
{"review": "dev-p29-vs-v0", "completed": 121, "expected": 320, "error": null}
{"review": "dev-p29-vs-v0", "completed": 122, "expected": 320, "error": null}
{"review": "dev-p29-vs-v0", "completed": 123, "expected": 320, "error": null}
{"review": "dev-p29-vs-v0", "completed": 124, "expected": 320, "error": null}
{"review": "dev-p29-vs-v0", "completed": 125, "expected": 320, "error": null}
{"review": "dev-p29-vs-v0", "completed": 126, "expected": 320, "error": null}
{"review": "dev-p29-vs-v0", "completed": 127, "expected": 320, "error": null}
{"review": "dev-p29-vs-v0", "completed": 128, "expected": 320, "error": null}
{"review": "dev-p29-vs-v0", "completed": 129, "expected": 320, "error": null}
{"review": "dev-p29-vs-v0", "completed": 130, "expected": 320, "error": null}
{"review": "dev-p29-vs-v0", "completed": 131, "expected": 320, "error": null}
{"review": "dev-p29-vs-v0", "completed": 132, "expected": 320, "error": null}
{"review": "dev-p29-vs-v0", "completed": 133, "expected": 320, "error": null}
{"review": "dev-p29-vs-v0", "completed": 134, "expected": 320, "error": null}
{"review": "dev-p29-vs-v0", "completed": 135, "expected": 320, "error": null}
{"review": "dev-p29-vs-v0", "completed": 136, "expected": 320, "error": null}
{"review": "dev-p29-vs-v0", "completed": 137, "expected": 320, "error": null}
{"review": "dev-p29-vs-v0", "completed": 138, "expected": 320, "error": null}
{"review": "dev-p29-vs-v0", "completed": 139, "expected": 320, "error": null}
{"review": "dev-p29-vs-v0", "completed": 140, "expected": 320, "error": null}
{"review": "dev-p29-vs-v0", "completed": 141, "expected": 320, "error": null}
{"review": "dev-p29-vs-v0", "completed": 142, "expected": 320, "error": null}
{"review": "dev-p29-vs-v0", "completed": 143, "expected": 320, "error": null}
{"review": "dev-p29-vs-v0", "completed": 144, "expected": 320, "error": null}
{"review": "dev-p29-vs-v0", "completed": 145, "expected": 320, "error": null}
{"review": "dev-p29-vs-v0", "completed": 146, "expected": 320, "error": null}
{"review": "dev-p29-vs-v0", "completed": 147, "expected": 320, "error": null}
{"review": "dev-p29-vs-v0", "completed": 148, "expected": 320, "error": null}
{"review": "dev-p29-vs-v0", "completed": 149, "expected": 320, "error": null}
{"review": "dev-p29-vs-v0", "completed": 150, "expected": 320, "error": null}
{"review": "dev-p29-vs-v0", "completed": 151, "expected": 320, "error": null}
{"review": "dev-p29-vs-v0", "completed": 152, "expected": 320, "error": null}
{"review": "dev-p29-vs-v0", "completed": 153, "expected": 320, "error": null}
{"review": "dev-p29-vs-v0", "completed": 154, "expected": 320, "error": null}
{"review": "dev-p29-vs-v0", "completed": 155, "expected": 320, "error": null}
{"review": "dev-p29-vs-v0", "completed": 156, "expected": 320, "error": null}
{"review": "dev-p29-vs-v0", "completed": 157, "expected": 320, "error": null}
{"review": "dev-p29-vs-v0", "completed": 158, "expected": 320, "error": null}
{"review": "dev-p29-vs-v0", "completed": 159, "expected": 320, "error": null}
{"review": "dev-p29-vs-v0", "completed": 160, "expected": 320, "error": null}
{"review": "dev-p29-vs-v0", "completed": 161, "expected": 320, "error": null}
{"review": "dev-p29-vs-v0", "completed": 162, "expected": 320, "error": null}
{"review": "dev-p29-vs-v0", "completed": 163, "expected": 320, "error": null}
{"review": "dev-p29-vs-v0", "completed": 164, "expected": 320, "error": null}
{"review": "dev-p29-vs-v0", "completed": 165, "expected": 320, "error": null}
{"review": "dev-p29-vs-v0", "completed": 166, "expected": 320, "error": null}
{"review": "dev-p29-vs-v0", "completed": 167, "expected": 320, "error": null}
{"review": "dev-p29-vs-v0", "completed": 168, "expected": 320, "error": null}
{"review": "dev-p29-vs-v0", "completed": 169, "expected": 320, "error": null}
{"review": "dev-p29-vs-v0", "completed": 170, "expected": 320, "error": null}
{"review": "dev-p29-vs-v0", "completed": 171, "expected": 320, "error": null}
{"review": "dev-p29-vs-v0", "completed": 172, "expected": 320, "error": null}
{"review": "dev-p29-vs-v0", "completed": 173, "expected": 320, "error": null}
{"review": "dev-p29-vs-v0", "completed": 174, "expected": 320, "error": null}
{"review": "dev-p29-vs-v0", "completed": 175, "expected": 320, "error": null}
{"review": "dev-p29-vs-v0", "completed": 176, "expected": 320, "error": null}
{"review": "dev-p29-vs-v0", "completed": 177, "expected": 320, "error": null}
{"review": "dev-p29-vs-v0", "completed": 178, "expected": 320, "error": null}
{"review": "dev-p29-vs-v0", "completed": 179, "expected": 320, "error": null}
{"review": "dev-p29-vs-v0", "completed": 180, "expected": 320, "error": null}
{"review": "dev-p29-vs-v0", "completed": 181, "expected": 320, "error": null}
{"review": "dev-p29-vs-v0", "completed": 182, "expected": 320, "error": null}
{"review": "dev-p29-vs-v0", "completed": 183, "expected": 320, "error": null}
{"review": "dev-p29-vs-v0", "completed": 184, "expected": 320, "error": null}
{"review": "dev-p29-vs-v0", "completed": 185, "expected": 320, "error": null}
{"review": "dev-p29-vs-v0", "completed": 186, "expected": 320, "error": null}
{"review": "dev-p29-vs-v0", "completed": 187, "expected": 320, "error": null}
{"review": "dev-p29-vs-v0", "completed": 188, "expected": 320, "error": null}
{"review": "dev-p29-vs-v0", "completed": 189, "expected": 320, "error": null}
{"review": "dev-p29-vs-v0", "completed": 190, "expected": 320, "error": null}
{"review": "dev-p29-vs-v0", "completed": 191, "expected": 320, "error": null}
{"review": "dev-p29-vs-v0", "completed": 192, "expected": 320, "error": null}
{"review": "dev-p29-vs-v0", "completed": 193, "expected": 320, "error": null}
{"review": "dev-p29-vs-v0", "completed": 194, "expected": 320, "error": null}
{"review": "dev-p29-vs-v0", "completed": 195, "expected": 320, "error": null}
{"review": "dev-p29-vs-v0", "completed": 196, "expected": 320, "error": null}
{"review": "dev-p29-vs-v0", "completed": 197, "expected": 320, "error": null}
{"review": "dev-p29-vs-v0", "completed": 198, "expected": 320, "error": null}
{"review": "dev-p29-vs-v0", "completed": 199, "expected": 320, "error": null}
{"review": "dev-p29-vs-v0", "completed": 200, "expected": 320, "error": null}
{"review": "dev-p29-vs-v0", "completed": 201, "expected": 320, "error": null}
{"review": "dev-p29-vs-v0", "completed": 202, "expected": 320, "error": null}
{"review": "dev-p29-vs-v0", "completed": 203, "expected": 320, "error": null}
{"review": "dev-p29-vs-v0", "completed": 204, "expected": 320, "error": null}
{"review": "dev-p29-vs-v0", "completed": 205, "expected": 320, "error": null}
{"review": "dev-p29-vs-v0", "completed": 206, "expected": 320, "error": null}
{"review": "dev-p29-vs-v0", "completed": 207, "expected": 320, "error": null}
{"review": "dev-p29-vs-v0", "completed": 208, "expected": 320, "error": null}
{"review": "dev-p29-vs-v0", "completed": 209, "expected": 320, "error": null}
{"review": "dev-p29-vs-v0", "completed": 210, "expected": 320, "error": null}
{"review": "dev-p29-vs-v0", "completed": 211, "expected": 320, "error": null}
{"review": "dev-p29-vs-v0", "completed": 212, "expected": 320, "error": null}
{"review": "dev-p29-vs-v0", "completed": 213, "expected": 320, "error": null}
{"review": "dev-p29-vs-v0", "completed": 214, "expected": 320, "error": null}
{"review": "dev-p29-vs-v0", "completed": 215, "expected": 320, "error": null}
{"review": "dev-p29-vs-v0", "completed": 216, "expected": 320, "error": null}
{"review": "dev-p29-vs-v0", "completed": 217, "expected": 320, "error": null}
{"review": "dev-p29-vs-v0", "completed": 218, "expected": 320, "error": null}
{"review": "dev-p29-vs-v0", "completed": 219, "expected": 320, "error": null}
{"review": "dev-p29-vs-v0", "completed": 220, "expected": 320, "error": null}
{"review": "dev-p29-vs-v0", "completed": 221, "expected": 320, "error": null}
{"review": "dev-p29-vs-v0", "completed": 222, "expected": 320, "error": null}
{"review": "dev-p29-vs-v0", "completed": 223, "expected": 320, "error": null}
{"review": "dev-p29-vs-v0", "completed": 224, "expected": 320, "error": null}
{"review": "dev-p29-vs-v0", "completed": 225, "expected": 320, "error": null}
{"review": "dev-p29-vs-v0", "completed": 226, "expected": 320, "error": null}
{"review": "dev-p29-vs-v0", "completed": 227, "expected": 320, "error": null}
{"review": "dev-p29-vs-v0", "completed": 228, "expected": 320, "error": null}
{"review": "dev-p29-vs-v0", "completed": 229, "expected": 320, "error": null}
{"review": "dev-p29-vs-v0", "completed": 230, "expected": 320, "error": null}
{"review": "dev-p29-vs-v0", "completed": 231, "expected": 320, "error": null}
{"review": "dev-p29-vs-v0", "completed": 232, "expected": 320, "error": null}
{"review": "dev-p29-vs-v0", "completed": 233, "expected": 320, "error": null}
{"review": "dev-p29-vs-v0", "completed": 234, "expected": 320, "error": null}
{"review": "dev-p29-vs-v0", "completed": 235, "expected": 320, "error": null}
{"review": "dev-p29-vs-v0", "completed": 236, "expected": 320, "error": null}
{"review": "dev-p29-vs-v0", "completed": 237, "expected": 320, "error": null}
{"review": "dev-p29-vs-v0", "completed": 238, "expected": 320, "error": null}
{"review": "dev-p29-vs-v0", "completed": 239, "expected": 320, "error": null}
{"review": "dev-p29-vs-v0", "completed": 240, "expected": 320, "error": null}
{"review": "dev-p29-vs-v0", "completed": 241, "expected": 320, "error": null}
{"review": "dev-p29-vs-v0", "completed": 242, "expected": 320, "error": null}
{"review": "dev-p29-vs-v0", "completed": 243, "expected": 320, "error": null}
{"review": "dev-p29-vs-v0", "completed": 244, "expected": 320, "error": null}
{"review": "dev-p29-vs-v0", "completed": 245, "expected": 320, "error": null}
{"review": "dev-p29-vs-v0", "completed": 246, "expected": 320, "error": null}
{"review": "dev-p29-vs-v0", "completed": 247, "expected": 320, "error": null}
{"review": "dev-p29-vs-v0", "completed": 248, "expected": 320, "error": null}
{"review": "dev-p29-vs-v0", "completed": 249, "expected": 320, "error": null}
{"review": "dev-p29-vs-v0", "completed": 250, "expected": 320, "error": null}
{"review": "dev-p29-vs-v0", "completed": 251, "expected": 320, "error": null}
{"review": "dev-p29-vs-v0", "completed": 252, "expected": 320, "error": null}
{"review": "dev-p29-vs-v0", "completed": 253, "expected": 320, "error": null}
{"review": "dev-p29-vs-v0", "completed": 254, "expected": 320, "error": null}
{"review": "dev-p29-vs-v0", "completed": 255, "expected": 320, "error": null}
{"review": "dev-p29-vs-v0", "completed": 256, "expected": 320, "error": null}
{"review": "dev-p29-vs-v0", "completed": 257, "expected": 320, "error": null}
{"review": "dev-p29-vs-v0", "completed": 258, "expected": 320, "error": null}
{"review": "dev-p29-vs-v0", "completed": 259, "expected": 320, "error": null}
{"review": "dev-p29-vs-v0", "completed": 260, "expected": 320, "error": null}
{"review": "dev-p29-vs-v0", "completed": 261, "expected": 320, "error": null}
{"review": "dev-p29-vs-v0", "completed": 262, "expected": 320, "error": null}
{"review": "dev-p29-vs-v0", "completed": 263, "expected": 320, "error": null}
{"review": "dev-p29-vs-v0", "completed": 264, "expected": 320, "error": null}
{"review": "dev-p29-vs-v0", "completed": 265, "expected": 320, "error": null}
{"review": "dev-p29-vs-v0", "completed": 266, "expected": 320, "error": null}
{"review": "dev-p29-vs-v0", "completed": 267, "expected": 320, "error": null}
{"review": "dev-p29-vs-v0", "completed": 268, "expected": 320, "error": null}
{"review": "dev-p29-vs-v0", "completed": 269, "expected": 320, "error": null}
{"review": "dev-p29-vs-v0", "completed": 270, "expected": 320, "error": null}
{"review": "dev-p29-vs-v0", "completed": 271, "expected": 320, "error": null}
{"review": "dev-p29-vs-v0", "completed": 272, "expected": 320, "error": null}
{"review": "dev-p29-vs-v0", "completed": 273, "expected": 320, "error": null}
{"review": "dev-p29-vs-v0", "completed": 274, "expected": 320, "error": null}
{"review": "dev-p29-vs-v0", "completed": 275, "expected": 320, "error": null}
{"review": "dev-p29-vs-v0", "completed": 276, "expected": 320, "error": null}
{"review": "dev-p29-vs-v0", "completed": 277, "expected": 320, "error": null}
{"review": "dev-p29-vs-v0", "completed": 278, "expected": 320, "error": null}
{"review": "dev-p29-vs-v0", "completed": 279, "expected": 320, "error": null}
{"review": "dev-p29-vs-v0", "completed": 280, "expected": 320, "error": null}
{"review": "dev-p29-vs-v0", "completed": 281, "expected": 320, "error": null}
{"review": "dev-p29-vs-v0", "completed": 282, "expected": 320, "error": null}
{"review": "dev-p29-vs-v0", "completed": 283, "expected": 320, "error": null}
{"review": "dev-p29-vs-v0", "completed": 284, "expected": 320, "error": null}
{"review": "dev-p29-vs-v0", "completed": 285, "expected": 320, "error": null}
{"review": "dev-p29-vs-v0", "completed": 286, "expected": 320, "error": null}
{"review": "dev-p29-vs-v0", "completed": 287, "expected": 320, "error": null}
{"review": "dev-p29-vs-v0", "completed": 288, "expected": 320, "error": null}
{"review": "dev-p29-vs-v0", "completed": 289, "expected": 320, "error": null}
{"review": "dev-p29-vs-v0", "completed": 290, "expected": 320, "error": null}
{"review": "dev-p29-vs-v0", "completed": 291, "expected": 320, "error": null}
{"review": "dev-p29-vs-v0", "completed": 292, "expected": 320, "error": null}
{"review": "dev-p29-vs-v0", "completed": 293, "expected": 320, "error": null}
{"review": "dev-p29-vs-v0", "completed": 294, "expected": 320, "error": null}
{"review": "dev-p29-vs-v0", "completed": 295, "expected": 320, "error": null}
{"review": "dev-p29-vs-v0", "completed": 296, "expected": 320, "error": null}
{"review": "dev-p29-vs-v0", "completed": 297, "expected": 320, "error": null}
{"review": "dev-p29-vs-v0", "completed": 298, "expected": 320, "error": null}
{"review": "dev-p29-vs-v0", "completed": 299, "expected": 320, "error": null}
{"review": "dev-p29-vs-v0", "completed": 300, "expected": 320, "error": null}
{"review": "dev-p29-vs-v0", "completed": 301, "expected": 320, "error": null}
{"review": "dev-p29-vs-v0", "completed": 302, "expected": 320, "error": null}
{"review": "dev-p29-vs-v0", "completed": 303, "expected": 320, "error": null}
{"review": "dev-p29-vs-v0", "completed": 304, "expected": 320, "error": null}
{"review": "dev-p29-vs-v0", "completed": 305, "expected": 320, "error": null}
{"review": "dev-p29-vs-v0", "completed": 306, "expected": 320, "error": null}
{"review": "dev-p29-vs-v0", "completed": 307, "expected": 320, "error": null}
{"review": "dev-p29-vs-v0", "completed": 308, "expected": 320, "error": null}
{"review": "dev-p29-vs-v0", "completed": 309, "expected": 320, "error": null}
{"review": "dev-p29-vs-v0", "completed": 310, "expected": 320, "error": null}
{"review": "dev-p29-vs-v0", "completed": 311, "expected": 320, "error": null}
{"review": "dev-p29-vs-v0", "completed": 312, "expected": 320, "error": null}
{"review": "dev-p29-vs-v0", "completed": 313, "expected": 320, "error": null}
{"review": "dev-p29-vs-v0", "completed": 314, "expected": 320, "error": null}
{"review": "dev-p29-vs-v0", "completed": 315, "expected": 320, "error": null}
{"review": "dev-p29-vs-v0", "completed": 316, "expected": 320, "error": null}
{"review": "dev-p29-vs-v0", "completed": 317, "expected": 320, "error": null}
{"review": "dev-p29-vs-v0", "completed": 318, "expected": 320, "error": null}
{"review": "dev-p29-vs-v0", "completed": 319, "expected": 320, "error": null}
{"review": "dev-p29-vs-v0", "completed": 320, "expected": 320, "error": null}
{"run": "dev-p29-vs-v0", "records": 320, "errors": 2}
{"review": "dev-p29-vs-p28", "completed": 1, "expected": 256, "error": null}
{"review": "dev-p29-vs-p28", "completed": 2, "expected": 256, "error": null}
{"review": "dev-p29-vs-p28", "completed": 3, "expected": 256, "error": null}
{"review": "dev-p29-vs-p28", "completed": 4, "expected": 256, "error": null}
{"review": "dev-p29-vs-p28", "completed": 5, "expected": 256, "error": null}
{"review": "dev-p29-vs-p28", "completed": 6, "expected": 256, "error": null}
{"review": "dev-p29-vs-p28", "completed": 7, "expected": 256, "error": null}
{"review": "dev-p29-vs-p28", "completed": 8, "expected": 256, "error": null}
{"review": "dev-p29-vs-p28", "completed": 9, "expected": 256, "error": null}
{"review": "dev-p29-vs-p28", "completed": 10, "expected": 256, "error": null}
{"review": "dev-p29-vs-p28", "completed": 11, "expected": 256, "error": null}
{"review": "dev-p29-vs-p28", "completed": 12, "expected": 256, "error": null}
{"review": "dev-p29-vs-p28", "completed": 13, "expected": 256, "error": null}
{"review": "dev-p29-vs-p28", "completed": 14, "expected": 256, "error": null}
{"review": "dev-p29-vs-p28", "completed": 15, "expected": 256, "error": null}
{"review": "dev-p29-vs-p28", "completed": 16, "expected": 256, "error": null}
{"review": "dev-p29-vs-p28", "completed": 17, "expected": 256, "error": null}
{"review": "dev-p29-vs-p28", "completed": 18, "expected": 256, "error": null}
{"review": "dev-p29-vs-p28", "completed": 19, "expected": 256, "error": null}
{"review": "dev-p29-vs-p28", "completed": 20, "expected": 256, "error": null}
{"review": "dev-p29-vs-p28", "completed": 21, "expected": 256, "error": null}
{"review": "dev-p29-vs-p28", "completed": 22, "expected": 256, "error": null}
{"review": "dev-p29-vs-p28", "completed": 23, "expected": 256, "error": null}
{"review": "dev-p29-vs-p28", "completed": 24, "expected": 256, "error": null}
{"review": "dev-p29-vs-p28", "completed": 25, "expected": 256, "error": null}
{"review": "dev-p29-vs-p28", "completed": 26, "expected": 256, "error": null}
{"review": "dev-p29-vs-p28", "completed": 27, "expected": 256, "error": null}
{"review": "dev-p29-vs-p28", "completed": 28, "expected": 256, "error": null}
{"review": "dev-p29-vs-p28", "completed": 29, "expected": 256, "error": null}
{"review": "dev-p29-vs-p28", "completed": 30, "expected": 256, "error": null}
{"review": "dev-p29-vs-p28", "completed": 31, "expected": 256, "error": null}
{"review": "dev-p29-vs-p28", "completed": 32, "expected": 256, "error": null}
{"review": "dev-p29-vs-p28", "completed": 33, "expected": 256, "error": null}
{"review": "dev-p29-vs-p28", "completed": 34, "expected": 256, "error": null}
{"review": "dev-p29-vs-p28", "completed": 35, "expected": 256, "error": null}
{"review": "dev-p29-vs-p28", "completed": 36, "expected": 256, "error": null}
{"review": "dev-p29-vs-p28", "completed": 37, "expected": 256, "error": null}
{"review": "dev-p29-vs-p28", "completed": 38, "expected": 256, "error": null}
{"review": "dev-p29-vs-p28", "completed": 39, "expected": 256, "error": null}
{"review": "dev-p29-vs-p28", "completed": 40, "expected": 256, "error": null}
{"review": "dev-p29-vs-p28", "completed": 41, "expected": 256, "error": null}
{"review": "dev-p29-vs-p28", "completed": 42, "expected": 256, "error": null}
{"review": "dev-p29-vs-p28", "completed": 43, "expected": 256, "error": null}
{"review": "dev-p29-vs-p28", "completed": 44, "expected": 256, "error": null}
{"review": "dev-p29-vs-p28", "completed": 45, "expected": 256, "error": null}
{"review": "dev-p29-vs-p28", "completed": 46, "expected": 256, "error": null}
{"review": "dev-p29-vs-p28", "completed": 47, "expected": 256, "error": null}
{"review": "dev-p29-vs-p28", "completed": 48, "expected": 256, "error": null}
{"review": "dev-p29-vs-p28", "completed": 49, "expected": 256, "error": null}
{"review": "dev-p29-vs-p28", "completed": 50, "expected": 256, "error": null}
{"review": "dev-p29-vs-p28", "completed": 51, "expected": 256, "error": null}
{"review": "dev-p29-vs-p28", "completed": 52, "expected": 256, "error": null}
{"review": "dev-p29-vs-p28", "completed": 53, "expected": 256, "error": null}
{"review": "dev-p29-vs-p28", "completed": 54, "expected": 256, "error": null}
{"review": "dev-p29-vs-p28", "completed": 55, "expected": 256, "error": null}
{"review": "dev-p29-vs-p28", "completed": 56, "expected": 256, "error": null}
{"review": "dev-p29-vs-p28", "completed": 57, "expected": 256, "error": null}
{"review": "dev-p29-vs-p28", "completed": 58, "expected": 256, "error": null}
{"review": "dev-p29-vs-p28", "completed": 59, "expected": 256, "error": null}
{"review": "dev-p29-vs-p28", "completed": 60, "expected": 256, "error": null}
{"review": "dev-p29-vs-p28", "completed": 61, "expected": 256, "error": null}
{"review": "dev-p29-vs-p28", "completed": 62, "expected": 256, "error": null}
{"review": "dev-p29-vs-p28", "completed": 63, "expected": 256, "error": null}
{"review": "dev-p29-vs-p28", "completed": 64, "expected": 256, "error": null}
{"review": "dev-p29-vs-p28", "completed": 65, "expected": 256, "error": null}
{"review": "dev-p29-vs-p28", "completed": 66, "expected": 256, "error": null}
{"review": "dev-p29-vs-p28", "completed": 67, "expected": 256, "error": null}
{"review": "dev-p29-vs-p28", "completed": 68, "expected": 256, "error": null}
{"review": "dev-p29-vs-p28", "completed": 69, "expected": 256, "error": null}
{"review": "dev-p29-vs-p28", "completed": 70, "expected": 256, "error": null}
{"review": "dev-p29-vs-p28", "completed": 71, "expected": 256, "error": null}
{"review": "dev-p29-vs-p28", "completed": 72, "expected": 256, "error": null}
{"review": "dev-p29-vs-p28", "completed": 73, "expected": 256, "error": null}
{"review": "dev-p29-vs-p28", "completed": 74, "expected": 256, "error": null}
{"review": "dev-p29-vs-p28", "completed": 75, "expected": 256, "error": null}
{"review": "dev-p29-vs-p28", "completed": 76, "expected": 256, "error": null}
{"review": "dev-p29-vs-p28", "completed": 77, "expected": 256, "error": null}
{"review": "dev-p29-vs-p28", "completed": 78, "expected": 256, "error": null}
{"review": "dev-p29-vs-p28", "completed": 79, "expected": 256, "error": null}
{"review": "dev-p29-vs-p28", "completed": 80, "expected": 256, "error": null}
{"review": "dev-p29-vs-p28", "completed": 81, "expected": 256, "error": null}
{"review": "dev-p29-vs-p28", "completed": 82, "expected": 256, "error": null}
{"review": "dev-p29-vs-p28", "completed": 83, "expected": 256, "error": null}
{"review": "dev-p29-vs-p28", "completed": 84, "expected": 256, "error": null}
{"review": "dev-p29-vs-p28", "completed": 85, "expected": 256, "error": null}
{"review": "dev-p29-vs-p28", "completed": 86, "expected": 256, "error": null}
{"review": "dev-p29-vs-p28", "completed": 87, "expected": 256, "error": null}
{"review": "dev-p29-vs-p28", "completed": 88, "expected": 256, "error": null}
{"review": "dev-p29-vs-p28", "completed": 89, "expected": 256, "error": null}
{"review": "dev-p29-vs-p28", "completed": 90, "expected": 256, "error": null}
{"review": "dev-p29-vs-p28", "completed": 91, "expected": 256, "error": null}
{"review": "dev-p29-vs-p28", "completed": 92, "expected": 256, "error": null}
{"review": "dev-p29-vs-p28", "completed": 93, "expected": 256, "error": null}
{"review": "dev-p29-vs-p28", "completed": 94, "expected": 256, "error": null}
{"review": "dev-p29-vs-p28", "completed": 95, "expected": 256, "error": null}
{"review": "dev-p29-vs-p28", "completed": 96, "expected": 256, "error": null}
{"review": "dev-p29-vs-p28", "completed": 97, "expected": 256, "error": null}
{"review": "dev-p29-vs-p28", "completed": 98, "expected": 256, "error": null}
{"review": "dev-p29-vs-p28", "completed": 99, "expected": 256, "error": null}
{"review": "dev-p29-vs-p28", "completed": 100, "expected": 256, "error": null}
{"review": "dev-p29-vs-p28", "completed": 101, "expected": 256, "error": null}
{"review": "dev-p29-vs-p28", "completed": 102, "expected": 256, "error": null}
{"review": "dev-p29-vs-p28", "completed": 103, "expected": 256, "error": null}
{"review": "dev-p29-vs-p28", "completed": 104, "expected": 256, "error": null}
{"review": "dev-p29-vs-p28", "completed": 105, "expected": 256, "error": null}
{"review": "dev-p29-vs-p28", "completed": 106, "expected": 256, "error": null}
{"review": "dev-p29-vs-p28", "completed": 107, "expected": 256, "error": null}
{"review": "dev-p29-vs-p28", "completed": 108, "expected": 256, "error": null}
{"review": "dev-p29-vs-p28", "completed": 109, "expected": 256, "error": null}
{"review": "dev-p29-vs-p28", "completed": 110, "expected": 256, "error": null}
{"review": "dev-p29-vs-p28", "completed": 111, "expected": 256, "error": null}
{"review": "dev-p29-vs-p28", "completed": 112, "expected": 256, "error": null}
{"review": "dev-p29-vs-p28", "completed": 113, "expected": 256, "error": null}
{"review": "dev-p29-vs-p28", "completed": 114, "expected": 256, "error": null}
{"review": "dev-p29-vs-p28", "completed": 115, "expected": 256, "error": null}
{"review": "dev-p29-vs-p28", "completed": 116, "expected": 256, "error": null}
{"review": "dev-p29-vs-p28", "completed": 117, "expected": 256, "error": null}
{"review": "dev-p29-vs-p28", "completed": 118, "expected": 256, "error": null}
{"review": "dev-p29-vs-p28", "completed": 119, "expected": 256, "error": null}
{"review": "dev-p29-vs-p28", "completed": 120, "expected": 256, "error": null}
{"review": "dev-p29-vs-p28", "completed": 121, "expected": 256, "error": null}
{"review": "dev-p29-vs-p28", "completed": 122, "expected": 256, "error": null}
{"review": "dev-p29-vs-p28", "completed": 123, "expected": 256, "error": null}
{"review": "dev-p29-vs-p28", "completed": 124, "expected": 256, "error": null}
{"review": "dev-p29-vs-p28", "completed": 125, "expected": 256, "error": null}
{"review": "dev-p29-vs-p28", "completed": 126, "expected": 256, "error": null}
{"review": "dev-p29-vs-p28", "completed": 127, "expected": 256, "error": null}
{"review": "dev-p29-vs-p28", "completed": 128, "expected": 256, "error": null}
{"review": "dev-p29-vs-p28", "completed": 129, "expected": 256, "error": null}
{"review": "dev-p29-vs-p28", "completed": 130, "expected": 256, "error": null}
{"review": "dev-p29-vs-p28", "completed": 131, "expected": 256, "error": null}
{"review": "dev-p29-vs-p28", "completed": 132, "expected": 256, "error": null}
{"review": "dev-p29-vs-p28", "completed": 133, "expected": 256, "error": null}
{"review": "dev-p29-vs-p28", "completed": 134, "expected": 256, "error": null}
{"review": "dev-p29-vs-p28", "completed": 135, "expected": 256, "error": null}
{"review": "dev-p29-vs-p28", "completed": 136, "expected": 256, "error": null}
{"review": "dev-p29-vs-p28", "completed": 137, "expected": 256, "error": null}
{"review": "dev-p29-vs-p28", "completed": 138, "expected": 256, "error": null}
{"review": "dev-p29-vs-p28", "completed": 139, "expected": 256, "error": null}
{"review": "dev-p29-vs-p28", "completed": 140, "expected": 256, "error": null}
{"review": "dev-p29-vs-p28", "completed": 141, "expected": 256, "error": null}
{"review": "dev-p29-vs-p28", "completed": 142, "expected": 256, "error": null}
{"review": "dev-p29-vs-p28", "completed": 143, "expected": 256, "error": null}
{"review": "dev-p29-vs-p28", "completed": 144, "expected": 256, "error": null}
{"review": "dev-p29-vs-p28", "completed": 145, "expected": 256, "error": null}
{"review": "dev-p29-vs-p28", "completed": 146, "expected": 256, "error": null}
{"review": "dev-p29-vs-p28", "completed": 147, "expected": 256, "error": null}
{"review": "dev-p29-vs-p28", "completed": 148, "expected": 256, "error": null}
{"review": "dev-p29-vs-p28", "completed": 149, "expected": 256, "error": null}
{"review": "dev-p29-vs-p28", "completed": 150, "expected": 256, "error": null}
{"review": "dev-p29-vs-p28", "completed": 151, "expected": 256, "error": null}
{"review": "dev-p29-vs-p28", "completed": 152, "expected": 256, "error": null}
{"review": "dev-p29-vs-p28", "completed": 153, "expected": 256, "error": null}
{"review": "dev-p29-vs-p28", "completed": 154, "expected": 256, "error": null}
{"review": "dev-p29-vs-p28", "completed": 155, "expected": 256, "error": null}
{"review": "dev-p29-vs-p28", "completed": 156, "expected": 256, "error": null}
{"review": "dev-p29-vs-p28", "completed": 157, "expected": 256, "error": null}
{"review": "dev-p29-vs-p28", "completed": 158, "expected": 256, "error": null}
{"review": "dev-p29-vs-p28", "completed": 159, "expected": 256, "error": null}
{"review": "dev-p29-vs-p28", "completed": 160, "expected": 256, "error": null}
{"review": "dev-p29-vs-p28", "completed": 161, "expected": 256, "error": null}
{"review": "dev-p29-vs-p28", "completed": 162, "expected": 256, "error": null}
{"review": "dev-p29-vs-p28", "completed": 163, "expected": 256, "error": null}
{"review": "dev-p29-vs-p28", "completed": 164, "expected": 256, "error": null}
{"review": "dev-p29-vs-p28", "completed": 165, "expected": 256, "error": null}
{"review": "dev-p29-vs-p28", "completed": 166, "expected": 256, "error": null}
{"review": "dev-p29-vs-p28", "completed": 167, "expected": 256, "error": null}
{"review": "dev-p29-vs-p28", "completed": 168, "expected": 256, "error": null}
{"review": "dev-p29-vs-p28", "completed": 169, "expected": 256, "error": null}
{"review": "dev-p29-vs-p28", "completed": 170, "expected": 256, "error": null}
{"review": "dev-p29-vs-p28", "completed": 171, "expected": 256, "error": null}
{"review": "dev-p29-vs-p28", "completed": 172, "expected": 256, "error": null}
{"review": "dev-p29-vs-p28", "completed": 173, "expected": 256, "error": null}
{"review": "dev-p29-vs-p28", "completed": 174, "expected": 256, "error": null}
{"review": "dev-p29-vs-p28", "completed": 175, "expected": 256, "error": null}
{"review": "dev-p29-vs-p28", "completed": 176, "expected": 256, "error": null}
{"review": "dev-p29-vs-p28", "completed": 177, "expected": 256, "error": null}
{"review": "dev-p29-vs-p28", "completed": 178, "expected": 256, "error": null}
{"review": "dev-p29-vs-p28", "completed": 179, "expected": 256, "error": null}
{"review": "dev-p29-vs-p28", "completed": 180, "expected": 256, "error": null}
{"review": "dev-p29-vs-p28", "completed": 181, "expected": 256, "error": null}
{"review": "dev-p29-vs-p28", "completed": 182, "expected": 256, "error": null}
{"review": "dev-p29-vs-p28", "completed": 183, "expected": 256, "error": null}
{"review": "dev-p29-vs-p28", "completed": 184, "expected": 256, "error": null}
{"review": "dev-p29-vs-p28", "completed": 185, "expected": 256, "error": null}
{"review": "dev-p29-vs-p28", "completed": 186, "expected": 256, "error": null}
{"review": "dev-p29-vs-p28", "completed": 187, "expected": 256, "error": null}
{"review": "dev-p29-vs-p28", "completed": 188, "expected": 256, "error": null}
{"review": "dev-p29-vs-p28", "completed": 189, "expected": 256, "error": null}
{"review": "dev-p29-vs-p28", "completed": 190, "expected": 256, "error": null}
{"review": "dev-p29-vs-p28", "completed": 191, "expected": 256, "error": null}
{"review": "dev-p29-vs-p28", "completed": 192, "expected": 256, "error": null}
{"review": "dev-p29-vs-p28", "completed": 193, "expected": 256, "error": null}
{"review": "dev-p29-vs-p28", "completed": 194, "expected": 256, "error": null}
{"review": "dev-p29-vs-p28", "completed": 195, "expected": 256, "error": null}
{"review": "dev-p29-vs-p28", "completed": 196, "expected": 256, "error": null}
{"review": "dev-p29-vs-p28", "completed": 197, "expected": 256, "error": null}
{"review": "dev-p29-vs-p28", "completed": 198, "expected": 256, "error": null}
{"review": "dev-p29-vs-p28", "completed": 199, "expected": 256, "error": null}
{"review": "dev-p29-vs-p28", "completed": 200, "expected": 256, "error": null}
{"review": "dev-p29-vs-p28", "completed": 201, "expected": 256, "error": null}
{"review": "dev-p29-vs-p28", "completed": 202, "expected": 256, "error": null}
{"review": "dev-p29-vs-p28", "completed": 203, "expected": 256, "error": null}
{"review": "dev-p29-vs-p28", "completed": 204, "expected": 256, "error": null}
{"review": "dev-p29-vs-p28", "completed": 205, "expected": 256, "error": null}
{"review": "dev-p29-vs-p28", "completed": 206, "expected": 256, "error": null}
{"review": "dev-p29-vs-p28", "completed": 207, "expected": 256, "error": null}
{"review": "dev-p29-vs-p28", "completed": 208, "expected": 256, "error": null}
{"review": "dev-p29-vs-p28", "completed": 209, "expected": 256, "error": null}
{"review": "dev-p29-vs-p28", "completed": 210, "expected": 256, "error": null}
{"review": "dev-p29-vs-p28", "completed": 211, "expected": 256, "error": null}
{"review": "dev-p29-vs-p28", "completed": 212, "expected": 256, "error": null}
{"review": "dev-p29-vs-p28", "completed": 213, "expected": 256, "error": null}
{"review": "dev-p29-vs-p28", "completed": 214, "expected": 256, "error": null}
{"review": "dev-p29-vs-p28", "completed": 215, "expected": 256, "error": null}
{"review": "dev-p29-vs-p28", "completed": 216, "expected": 256, "error": null}
{"review": "dev-p29-vs-p28", "completed": 217, "expected": 256, "error": null}
{"review": "dev-p29-vs-p28", "completed": 218, "expected": 256, "error": null}
{"review": "dev-p29-vs-p28", "completed": 219, "expected": 256, "error": null}
{"review": "dev-p29-vs-p28", "completed": 220, "expected": 256, "error": null}
{"review": "dev-p29-vs-p28", "completed": 221, "expected": 256, "error": null}
{"review": "dev-p29-vs-p28", "completed": 222, "expected": 256, "error": null}
{"review": "dev-p29-vs-p28", "completed": 223, "expected": 256, "error": null}
{"review": "dev-p29-vs-p28", "completed": 224, "expected": 256, "error": null}
{"review": "dev-p29-vs-p28", "completed": 225, "expected": 256, "error": null}
{"review": "dev-p29-vs-p28", "completed": 226, "expected": 256, "error": null}
{"review": "dev-p29-vs-p28", "completed": 227, "expected": 256, "error": null}
{"review": "dev-p29-vs-p28", "completed": 228, "expected": 256, "error": null}
{"review": "dev-p29-vs-p28", "completed": 229, "expected": 256, "error": null}
{"review": "dev-p29-vs-p28", "completed": 230, "expected": 256, "error": null}
{"review": "dev-p29-vs-p28", "completed": 231, "expected": 256, "error": null}
{"review": "dev-p29-vs-p28", "completed": 232, "expected": 256, "error": null}
{"review": "dev-p29-vs-p28", "completed": 233, "expected": 256, "error": null}
{"review": "dev-p29-vs-p28", "completed": 234, "expected": 256, "error": null}
{"review": "dev-p29-vs-p28", "completed": 235, "expected": 256, "error": null}
{"review": "dev-p29-vs-p28", "completed": 236, "expected": 256, "error": null}
{"review": "dev-p29-vs-p28", "completed": 237, "expected": 256, "error": null}
{"review": "dev-p29-vs-p28", "completed": 238, "expected": 256, "error": null}
{"review": "dev-p29-vs-p28", "completed": 239, "expected": 256, "error": null}
{"review": "dev-p29-vs-p28", "completed": 240, "expected": 256, "error": null}
{"review": "dev-p29-vs-p28", "completed": 241, "expected": 256, "error": null}
{"review": "dev-p29-vs-p28", "completed": 242, "expected": 256, "error": null}
{"review": "dev-p29-vs-p28", "completed": 243, "expected": 256, "error": null}
{"review": "dev-p29-vs-p28", "completed": 244, "expected": 256, "error": null}
{"review": "dev-p29-vs-p28", "completed": 245, "expected": 256, "error": null}
{"review": "dev-p29-vs-p28", "completed": 246, "expected": 256, "error": null}
{"review": "dev-p29-vs-p28", "completed": 247, "expected": 256, "error": null}
{"review": "dev-p29-vs-p28", "completed": 248, "expected": 256, "error": null}
{"review": "dev-p29-vs-p28", "completed": 249, "expected": 256, "error": null}
{"review": "dev-p29-vs-p28", "completed": 250, "expected": 256, "error": null}
{"review": "dev-p29-vs-p28", "completed": 251, "expected": 256, "error": null}
{"review": "dev-p29-vs-p28", "completed": 252, "expected": 256, "error": null}
{"review": "dev-p29-vs-p28", "completed": 253, "expected": 256, "error": null}
{"review": "dev-p29-vs-p28", "completed": 254, "expected": 256, "error": null}
{"review": "dev-p29-vs-p28", "completed": 255, "expected": 256, "error": null}
{"review": "dev-p29-vs-p28", "completed": 256, "expected": 256, "error": null}
{"run": "dev-p29-vs-p28", "records": 256, "errors": 0}
DONE_ALL
